Archive member included to satisfy reference by file (symbol)

C:/Users/matve/Desktop/STM_Tools/xpack-arm-none-eabi-gcc-13.2.1-1.1/bin/../lib/gcc/arm-none-eabi/13.2.1/../../../../arm-none-eabi/lib/thumb/v7-m/nofp\libc_nano.a(libc_a-atexit.o)
                              C:/Users/matve/Desktop/STM_Tools/xpack-arm-none-eabi-gcc-13.2.1-1.1/bin/../lib/gcc/arm-none-eabi/13.2.1/../../../../arm-none-eabi/lib/thumb/v7-m/nofp/crt0.o (atexit)
C:/Users/matve/Desktop/STM_Tools/xpack-arm-none-eabi-gcc-13.2.1-1.1/bin/../lib/gcc/arm-none-eabi/13.2.1/../../../../arm-none-eabi/lib/thumb/v7-m/nofp\libc_nano.a(libc_a-exit.o)
                              C:/Users/matve/Desktop/STM_Tools/xpack-arm-none-eabi-gcc-13.2.1-1.1/bin/../lib/gcc/arm-none-eabi/13.2.1/../../../../arm-none-eabi/lib/thumb/v7-m/nofp/crt0.o (exit)
C:/Users/matve/Desktop/STM_Tools/xpack-arm-none-eabi-gcc-13.2.1-1.1/bin/../lib/gcc/arm-none-eabi/13.2.1/../../../../arm-none-eabi/lib/thumb/v7-m/nofp\libc_nano.a(libc_a-findfp.o)
                              C:/Users/matve/Desktop/STM_Tools/xpack-arm-none-eabi-gcc-13.2.1-1.1/bin/../lib/gcc/arm-none-eabi/13.2.1/../../../../arm-none-eabi/lib/thumb/v7-m/nofp\libc_nano.a(libc_a-exit.o) (__stdio_exit_handler)
C:/Users/matve/Desktop/STM_Tools/xpack-arm-none-eabi-gcc-13.2.1-1.1/bin/../lib/gcc/arm-none-eabi/13.2.1/../../../../arm-none-eabi/lib/thumb/v7-m/nofp\libc_nano.a(libc_a-fwalk.o)
                              C:/Users/matve/Desktop/STM_Tools/xpack-arm-none-eabi-gcc-13.2.1-1.1/bin/../lib/gcc/arm-none-eabi/13.2.1/../../../../arm-none-eabi/lib/thumb/v7-m/nofp\libc_nano.a(libc_a-findfp.o) (_fwalk_sglue)
C:/Users/matve/Desktop/STM_Tools/xpack-arm-none-eabi-gcc-13.2.1-1.1/bin/../lib/gcc/arm-none-eabi/13.2.1/../../../../arm-none-eabi/lib/thumb/v7-m/nofp\libc_nano.a(libc_a-stdio.o)
                              C:/Users/matve/Desktop/STM_Tools/xpack-arm-none-eabi-gcc-13.2.1-1.1/bin/../lib/gcc/arm-none-eabi/13.2.1/../../../../arm-none-eabi/lib/thumb/v7-m/nofp\libc_nano.a(libc_a-findfp.o) (__sread)
C:/Users/matve/Desktop/STM_Tools/xpack-arm-none-eabi-gcc-13.2.1-1.1/bin/../lib/gcc/arm-none-eabi/13.2.1/../../../../arm-none-eabi/lib/thumb/v7-m/nofp\libc_nano.a(libc_a-memset.o)
                              C:/Users/matve/Desktop/STM_Tools/xpack-arm-none-eabi-gcc-13.2.1-1.1/bin/../lib/gcc/arm-none-eabi/13.2.1/../../../../arm-none-eabi/lib/thumb/v7-m/nofp/crt0.o (memset)
C:/Users/matve/Desktop/STM_Tools/xpack-arm-none-eabi-gcc-13.2.1-1.1/bin/../lib/gcc/arm-none-eabi/13.2.1/../../../../arm-none-eabi/lib/thumb/v7-m/nofp\libc_nano.a(libc_a-strncmp.o)
                              build/debug/main.o (strncmp)
C:/Users/matve/Desktop/STM_Tools/xpack-arm-none-eabi-gcc-13.2.1-1.1/bin/../lib/gcc/arm-none-eabi/13.2.1/../../../../arm-none-eabi/lib/thumb/v7-m/nofp\libc_nano.a(libc_a-closer.o)
                              C:/Users/matve/Desktop/STM_Tools/xpack-arm-none-eabi-gcc-13.2.1-1.1/bin/../lib/gcc/arm-none-eabi/13.2.1/../../../../arm-none-eabi/lib/thumb/v7-m/nofp\libc_nano.a(libc_a-stdio.o) (_close_r)
C:/Users/matve/Desktop/STM_Tools/xpack-arm-none-eabi-gcc-13.2.1-1.1/bin/../lib/gcc/arm-none-eabi/13.2.1/../../../../arm-none-eabi/lib/thumb/v7-m/nofp\libc_nano.a(libc_a-reent.o)
                              C:/Users/matve/Desktop/STM_Tools/xpack-arm-none-eabi-gcc-13.2.1-1.1/bin/../lib/gcc/arm-none-eabi/13.2.1/../../../../arm-none-eabi/lib/thumb/v7-m/nofp\libc_nano.a(libc_a-closer.o) (errno)
C:/Users/matve/Desktop/STM_Tools/xpack-arm-none-eabi-gcc-13.2.1-1.1/bin/../lib/gcc/arm-none-eabi/13.2.1/../../../../arm-none-eabi/lib/thumb/v7-m/nofp\libc_nano.a(libc_a-impure.o)
                              C:/Users/matve/Desktop/STM_Tools/xpack-arm-none-eabi-gcc-13.2.1-1.1/bin/../lib/gcc/arm-none-eabi/13.2.1/../../../../arm-none-eabi/lib/thumb/v7-m/nofp\libc_nano.a(libc_a-reent.o) (_impure_ptr)
C:/Users/matve/Desktop/STM_Tools/xpack-arm-none-eabi-gcc-13.2.1-1.1/bin/../lib/gcc/arm-none-eabi/13.2.1/../../../../arm-none-eabi/lib/thumb/v7-m/nofp\libc_nano.a(libc_a-lseekr.o)
                              C:/Users/matve/Desktop/STM_Tools/xpack-arm-none-eabi-gcc-13.2.1-1.1/bin/../lib/gcc/arm-none-eabi/13.2.1/../../../../arm-none-eabi/lib/thumb/v7-m/nofp\libc_nano.a(libc_a-stdio.o) (_lseek_r)
C:/Users/matve/Desktop/STM_Tools/xpack-arm-none-eabi-gcc-13.2.1-1.1/bin/../lib/gcc/arm-none-eabi/13.2.1/../../../../arm-none-eabi/lib/thumb/v7-m/nofp\libc_nano.a(libc_a-readr.o)
                              C:/Users/matve/Desktop/STM_Tools/xpack-arm-none-eabi-gcc-13.2.1-1.1/bin/../lib/gcc/arm-none-eabi/13.2.1/../../../../arm-none-eabi/lib/thumb/v7-m/nofp\libc_nano.a(libc_a-stdio.o) (_read_r)
C:/Users/matve/Desktop/STM_Tools/xpack-arm-none-eabi-gcc-13.2.1-1.1/bin/../lib/gcc/arm-none-eabi/13.2.1/../../../../arm-none-eabi/lib/thumb/v7-m/nofp\libc_nano.a(libc_a-writer.o)
[...]
Memory Configuration

Name             Origin             Length             Attributes
RAM              0x20000000         0x00005000         xrw
FLASH            0x08000000         0x00010000         xr
*default*        0x00000000         0xffffffff

Linker script and memory map

LOAD C:/Users/matve/Desktop/STM_Tools/xpack-arm-none-eabi-gcc-13.2.1-1.1/bin/../lib/gcc/arm-none-eabi/13.2.1/thumb/v7-m/nofp/crti.o
LOAD C:/Users/matve/Desktop/STM_Tools/xpack-arm-none-eabi-gcc-13.2.1-1.1/bin/../lib/gcc/arm-none-eabi/13.2.1/thumb/v7-m/nofp/crtbegin.o
LOAD C:/Users/matve/Desktop/STM_Tools/xpack-arm-none-eabi-gcc-13.2.1-1.1/bin/../lib/gcc/arm-none-eabi/13.2.1/../../../../arm-none-eabi/lib/thumb/v7-m/nofp/crt0.o
LOAD build/debug/encoder.o
LOAD build/debug/main.o
LOAD build/debug/pid.o
LOAD build/debug/pwm.o
LOAD build/debug/servocontroller.o
LOAD build/debug/stm32f1xx_hal.o
LOAD build/debug/stm32f1xx_hal_cortex.o
LOAD build/debug/stm32f1xx_hal_dma.o
LOAD build/debug/stm32f1xx_hal_exti.o
LOAD build/debug/stm32f1xx_hal_flash.o
LOAD build/debug/stm32f1xx_hal_flash_ex.o
LOAD build/debug/stm32f1xx_hal_gpio.o
LOAD build/debug/stm32f1xx_hal_gpio_ex.o
LOAD build/debug/stm32f1xx_hal_msp.o
LOAD build/debug/stm32f1xx_hal_pcd.o
LOAD build/debug/stm32f1xx_hal_pcd_ex.o
LOAD build/debug/stm32f1xx_hal_pwr.o
LOAD build/debug/stm32f1xx_hal_rcc.o
LOAD build/debug/stm32f1xx_hal_rcc_ex.o
LOAD build/debug/stm32f1xx_hal_tim.o
LOAD build/debug/stm32f1xx_hal_tim_ex.o
LOAD build/debug/stm32f1xx_it.o
LOAD build/debug/stm32f1xx_ll_usb.o
LOAD build/debug/syscalls.o
LOAD build/debug/sysmem.o
LOAD build/debug/system_stm32f1xx.o
LOAD build/debug/usb_device.o
LOAD build/debug/usbd_cdc.o
LOAD build/debug/usbd_cdc_if.o
LOAD build/debug/usbd_conf.o
LOAD build/debug/usbd_core.o
LOAD build/debug/usbd_ctlreq.o
LOAD build/debug/usbd_desc.o
LOAD build/debug/usbd_ioreq.o
LOAD build/debug/startup_stm32f103xb.o
LOAD C:/Users/matve/Desktop/STM_Tools/xpack-arm-none-eabi-gcc-13.2.1-1.1/bin/../lib/gcc/arm-none-eabi/13.2.1/../../../../arm-none-eabi/lib/thumb/v7-m/nofp\libc_nano.a
LOAD C:/Users/matve/Desktop/STM_Tools/xpack-arm-none-eabi-gcc-13.2.1-1.1/bin/../lib/gcc/arm-none-eabi/13.2.1/../../../../arm-none-eabi/lib/thumb/v7-m/nofp\libm.a
LOAD C:/Users/matve/Desktop/STM_Tools/xpack-arm-none-eabi-gcc-13.2.1-1.1/bin/../lib/gcc/arm-none-eabi/13.2.1/../../../../arm-none-eabi/lib/thumb/v7-m/nofp\libnosys.a
START GROUP
LOAD C:/Users/matve/Desktop/STM_Tools/xpack-arm-none-eabi-gcc-13.2.1-1.1/bin/../lib/gcc/arm-none-eabi/13.2.1/thumb/v7-m/nofp\libgcc.a
LOAD C:/Users/matve/Desktop/STM_Tools/xpack-arm-none-eabi-gcc-13.2.1-1.1/bin/../lib/gcc/arm-none-eabi/13.2.1/../../../../arm-none-eabi/lib/thumb/v7-m/nofp\libc_nano.a
END GROUP
START GROUP
LOAD C:/Users/matve/Desktop/STM_Tools/xpack-arm-none-eabi-gcc-13.2.1-1.1/bin/../lib/gcc/arm-none-eabi/13.2.1/thumb/v7-m/nofp\libgcc.a
LOAD C:/Users/matve/Desktop/STM_Tools/xpack-arm-none-eabi-gcc-13.2.1-1.1/bin/../lib/gcc/arm-none-eabi/13.2.1/../../../../arm-none-eabi/lib/thumb/v7-m/nofp\libc_nano.a
END GROUP
LOAD C:/Users/matve/Desktop/STM_Tools/xpack-arm-none-eabi-gcc-13.2.1-1.1/bin/../lib/gcc/arm-none-eabi/13.2.1/thumb/v7-m/nofp/crtend.o
LOAD C:/Users/matve/Desktop/STM_Tools/xpack-arm-none-eabi-gcc-13.2.1-1.1/bin/../lib/gcc/arm-none-eabi/13.2.1/thumb/v7-m/nofp/crtn.o
                0x20005000                        _estack = (ORIGIN (RAM) + LENGTH (RAM))
                0x00000200                        _Min_Heap_Size = 0x200
                0x00000400                        _Min_Stack_Size = 0x400

.isr_vector     0x08000000      0x10c
                0x08000000                        . = ALIGN (0x4)
 *(.isr_vector)
 .isr_vector    0x08000000      0x10c build/debug/startup_stm32f103xb.o
                0x08000000                g_pfnVectors
                0x0800010c                        . = ALIGN (0x4)

.text           0x08000110     0x5ea0
                0x08000110                        . = ALIGN (0x4)
 *(.text)
 .text          0x08000110      0x378 C:/Users/matve/Desktop/STM_Tools/xpack-arm-none-eabi-gcc-13.2.1-1.1/bin/../lib/gcc/arm-none-eabi/13.2.1/thumb/v7-m/nofp\libgcc.a(_arm_addsubdf3.o)
                0x08000110                __aeabi_drsub
                0x08000118                __aeabi_dsub
                0x08000118                __subdf3
                0x0800011c                __aeabi_dadd
                0x0800011c                __adddf3
                0x08000394                __floatunsidf
                0x08000394                __aeabi_ui2d
                0x080003b4                __floatsidf
                0x080003b4                __aeabi_i2d
                0x080003d8                __aeabi_f2d
                0x080003d8                __extendsfdf2
                0x0800041c                __floatundidf
                0x0800041c                __aeabi_ul2d
                0x0800042c                __floatdidf
                0x0800042c                __aeabi_l2d
 .text          0x08000488      0x424 C:/Users/matve/Desktop/STM_Tools/xpack-arm-none-eabi-gcc-13.2.1-1.1/bin/../lib/gcc/arm-none-eabi/13.2.1/thumb/v7-m/nofp\libgcc.a(_arm_muldivdf3.o)
                0x08000488                __aeabi_dmul
                0x08000488                __muldf3
                0x080006dc                __divdf3
                0x080006dc                __aeabi_ddiv
 .text          0x080008ac       0xa0 C:/Users/matve/Desktop/STM_Tools/xpack-arm-none-eabi-gcc-13.2.1-1.1/bin/../lib/gcc/arm-none-eabi/13.2.1/thumb/v7-m/nofp\libgcc.a(_arm_truncdfsf2.o)
                0x080008ac                __truncdfsf2
                0x080008ac                __aeabi_d2f
 .text          0x0800094c      0x21c C:/Users/matve/Desktop/STM_Tools/xpack-arm-none-eabi-gcc-13.2.1-1.1/bin/../lib/gcc/arm-none-eabi/13.2.1/thumb/v7-m/nofp\libgcc.a(_arm_addsubsf3.o)
                0x0800094c                __aeabi_frsub
                0x08000954                __subsf3
                0x08000954                __aeabi_fsub
                0x08000958                __aeabi_fadd
                0x08000958                __addsf3
                0x08000ab8                __aeabi_ui2f
                0x08000ab8                __floatunsisf
                0x08000ac0                __aeabi_i2f
                0x08000ac0                __floatsisf
                0x08000adc                __aeabi_ul2f
                0x08000adc                __floatundisf
                0x08000aec                __aeabi_l2f
                0x08000aec                __floatdisf
 .text          0x08000b68      0x2a0 C:/Users/matve/Desktop/STM_Tools/xpack-arm-none-eabi-gcc-13.2.1-1.1/bin/../lib/gcc/arm-none-eabi/13.2.1/thumb/v7-m/nofp\libgcc.a(_arm_muldivsf3.o)
                0x08000b68                __mulsf3
                0x08000b68                __aeabi_fmul
                0x08000cd0                __aeabi_fdiv
                0x08000cd0                __divsf3
 .text          0x08000e08       0xec C:/Users/matve/Desktop/STM_Tools/xpack-arm-none-eabi-gcc-13.2.1-1.1/bin/../lib/gcc/arm-none-eabi/13.2.1/thumb/v7-m/nofp\libgcc.a(_arm_cmpsf2.o)
                0x08000e08                __gesf2
                0x08000e08                __gtsf2
                0x08000e10                __lesf2
                0x08000e10                __ltsf2
                0x08000e18                __nesf2
                0x08000e18                __eqsf2
                0x08000e18                __cmpsf2
                0x08000e78                __aeabi_cfrcmple
                0x08000e80                __aeabi_cfcmpeq
                0x08000e80                __aeabi_cfcmple
                0x08000e90                __aeabi_fcmpeq
                0x08000ea4                __aeabi_fcmplt
                0x08000eb8                __aeabi_fcmple
                0x08000ecc                __aeabi_fcmpge
                0x08000ee0                __aeabi_fcmpgt
 .text          0x08000ef4       0x4c C:/Users/matve/Desktop/STM_Tools/xpack-arm-none-eabi-gcc-13.2.1-1.1/bin/../lib/gcc/arm-none-eabi/13.2.1/thumb/v7-m/nofp\libgcc.a(_arm_fixsfsi.o)
                0x08000ef4                __aeabi_f2iz
                0x08000ef4                __fixsfsi
 *(.text*)
 .text.__do_global_dtors_aux
                0x08000f40       0x24 C:/Users/matve/Desktop/STM_Tools/xpack-arm-none-eabi-gcc-13.2.1-1.1/bin/../lib/gcc/arm-none-eabi/13.2.1/thumb/v7-m/nofp/crtbegin.o
 .text.frame_dummy
                0x08000f64       0x1c C:/Users/matve/Desktop/STM_Tools/xpack-arm-none-eabi-gcc-13.2.1-1.1/bin/../lib/gcc/arm-none-eabi/13.2.1/thumb/v7-m/nofp/crtbegin.o
 .text.encoder_updatePosition
                0x08000f80       0x88 build/debug/encoder.o
                0x08000f80                encoder_updatePosition
 .text.encoder_updateVelocity
                0x08001008       0x1a build/debug/encoder.o
                0x08001008                encoder_updateVelocity
 .text.encoder_getAngle
                0x08001022        0x4 build/debug/encoder.o
                0x08001022                encoder_getAngle
 .text.encoder_getVelocity
                0x08001026        0x4 build/debug/encoder.o
                0x08001026                encoder_getVelocity
 *fill*         0x0800102a        0x2 
 .text.MX_GPIO_Init
                0x0800102c       0x74 build/debug/main.o
 .text.USBRxHandler
                0x080010a0       0x50 build/debug/main.o
                0x080010a0                USBRxHandler
 .text.Error_Handler
                0x080010f0        0x4 build/debug/main.o
                0x080010f0                Error_Handler
 .text.MX_TIM2_Init
                0x080010f4       0xa8 build/debug/main.o
 .text.MX_TIM1_Init
                0x0800119c       0x64 build/debug/main.o
 .text.MX_TIM3_Init
                0x08001200       0x68 build/debug/main.o
 .text.MX_TIM4_Init
                0x08001268       0xa4 build/debug/main.o
 .text.SystemClock_Config
                0x0800130c       0x82 build/debug/main.o
                0x0800130c                SystemClock_Config
 *fill*         0x0800138e        0x2 
 .text.main     0x08001390      0x110 build/debug/main.o
                0x08001390                main
 .text.pid_reset
                0x080014a0        0xe build/debug/pid.o
                0x080014a0                pid_reset
 .text.pid_calculate
                0x080014ae       0xca build/debug/pid.o
                0x080014ae                pid_calculate
 .text.pid_getOutput
                0x08001578        0x4 build/debug/pid.o
                0x08001578                pid_getOutput
 .text.pwm_setSpeed
                0x0800157c       0xa0 build/debug/pwm.o
                0x0800157c                pwm_setSpeed
 .text.servo_baseInit
                0x0800161c       0x38 build/debug/servocontroller.o
                0x0800161c                servo_baseInit
 .text.servo_encoderInit
                0x08001654        0x6 build/debug/servocontroller.o
                0x08001654                servo_encoderInit
 .text.servo_driverInit
                0x0800165a       0x7e build/debug/servocontroller.o
                0x0800165a                servo_driverInit
 .text.servo_positionInit
                0x080016d8       0x10 build/debug/servocontroller.o
                0x080016d8                servo_positionInit
 .text.servo_velocityInit
                0x080016e8       0x18 build/debug/servocontroller.o
                0x080016e8                servo_velocityInit
 .text.servo_positionLoop
                0x08001700       0x60 build/debug/servocontroller.o
                0x08001700                servo_positionLoop
 .text.servo_velocityLoop
                0x08001760       0x5e build/debug/servocontroller.o
                0x08001760                servo_velocityLoop
 .text.servo_controlVelocity
                0x080017be       0x48 build/debug/servocontroller.o
                0x080017be                servo_controlVelocity
 *fill*         0x08001806        0x2 
 .text.HAL_InitTick
                0x08001808       0x4c build/debug/stm32f1xx_hal.o
                0x08001808                HAL_InitTick
 .text.HAL_Init
                0x08001854       0x24 build/debug/stm32f1xx_hal.o
                0x08001854                HAL_Init
 .text.HAL_IncTick
                0x08001878       0x18 build/debug/stm32f1xx_hal.o
                0x08001878                HAL_IncTick
 .text.HAL_GetTick
                0x08001890        0xc build/debug/stm32f1xx_hal.o
                0x08001890                HAL_GetTick
 .text.__NVIC_SetPriority
                0x0800189c       0x28 build/debug/stm32f1xx_hal_cortex.o
 .text.NVIC_EncodePriority
                0x080018c4       0x3e build/debug/stm32f1xx_hal_cortex.o
 *fill*         0x08001902        0x2 
 .text.HAL_NVIC_SetPriorityGrouping
                0x08001904       0x24 build/debug/stm32f1xx_hal_cortex.o
                0x08001904                HAL_NVIC_SetPriorityGrouping
 .text.HAL_NVIC_SetPriority
                0x08001928       0x20 build/debug/stm32f1xx_hal_cortex.o
                0x08001928                HAL_NVIC_SetPriority
 .text.HAL_NVIC_EnableIRQ
                0x08001948       0x1c build/debug/stm32f1xx_hal_cortex.o
                0x08001948                HAL_NVIC_EnableIRQ
 .text.HAL_SYSTICK_Config
                0x08001964       0x28 build/debug/stm32f1xx_hal_cortex.o
                0x08001964                HAL_SYSTICK_Config
 .text.HAL_GPIO_Init
                0x0800198c      0x21c build/debug/stm32f1xx_hal_gpio.o
                0x0800198c                HAL_GPIO_Init
 .text.HAL_GPIO_WritePin
                0x08001ba8        0xc build/debug/stm32f1xx_hal_gpio.o
                0x08001ba8                HAL_GPIO_WritePin
 .text.HAL_MspInit
                0x08001bb4       0x44 build/debug/stm32f1xx_hal_msp.o
                0x08001bb4                HAL_MspInit
 .text.HAL_TIM_Encoder_MspInit
                0x08001bf8       0x5c build/debug/stm32f1xx_hal_msp.o
                0x08001bf8                HAL_TIM_Encoder_MspInit
 .text.HAL_TIM_Base_MspInit
                0x08001c54       0x80 build/debug/stm32f1xx_hal_msp.o
                0x08001c54                HAL_TIM_Base_MspInit
 .text.HAL_TIM_MspPostInit
                0x08001cd4       0x84 build/debug/stm32f1xx_hal_msp.o
                0x08001cd4                HAL_TIM_MspPostInit
 .text.HAL_PCD_EP_DB_Receive
                0x08001d58      0x11c build/debug/stm32f1xx_hal_pcd.o
 .text.HAL_PCD_Init
                0x08001e74      0x110 build/debug/stm32f1xx_hal_pcd.o
                0x08001e74                HAL_PCD_Init
 .text.HAL_PCD_Start
                0x08001f84       0x32 build/debug/stm32f1xx_hal_pcd.o
                0x08001f84                HAL_PCD_Start
 .text.HAL_PCD_EP_DB_Transmit
                0x08001fb6      0x424 build/debug/stm32f1xx_hal_pcd.o
 .text.PCD_EP_ISR_Handler
                0x080023da      0x53e build/debug/stm32f1xx_hal_pcd.o
 .text.HAL_PCD_SetAddress
                0x08002918       0x28 build/debug/stm32f1xx_hal_pcd.o
                0x08002918                HAL_PCD_SetAddress
 .text.HAL_PCD_IRQHandler
                0x08002940      0x1b0 build/debug/stm32f1xx_hal_pcd.o
                0x08002940                HAL_PCD_IRQHandler
 .text.HAL_PCD_EP_Open
                0x08002af0       0x7c build/debug/stm32f1xx_hal_pcd.o
                0x08002af0                HAL_PCD_EP_Open
 .text.HAL_PCD_EP_Close
                0x08002b6c       0x64 build/debug/stm32f1xx_hal_pcd.o
                0x08002b6c                HAL_PCD_EP_Close
 .text.HAL_PCD_EP_Receive
                0x08002bd0       0x3a build/debug/stm32f1xx_hal_pcd.o
                0x08002bd0                HAL_PCD_EP_Receive
 .text.HAL_PCD_EP_GetRxCount
                0x08002c0a       0x12 build/debug/stm32f1xx_hal_pcd.o
                0x08002c0a                HAL_PCD_EP_GetRxCount
 .text.HAL_PCD_EP_Transmit
                0x08002c1c       0x44 build/debug/stm32f1xx_hal_pcd.o
                0x08002c1c                HAL_PCD_EP_Transmit
 .text.HAL_PCD_EP_SetStall
                0x08002c60       0x78 build/debug/stm32f1xx_hal_pcd.o
                0x08002c60                HAL_PCD_EP_SetStall
 .text.HAL_PCD_EP_ClrStall
                0x08002cd8       0x76 build/debug/stm32f1xx_hal_pcd.o
                0x08002cd8                HAL_PCD_EP_ClrStall
 .text.HAL_PCDEx_PMAConfig
                0x08002d4e       0x38 build/debug/stm32f1xx_hal_pcd_ex.o
                0x08002d4e                HAL_PCDEx_PMAConfig
 *fill*         0x08002d86        0x2 
 .text.RCC_Delay
                0x08002d88       0x2c build/debug/stm32f1xx_hal_rcc.o
 .text.HAL_RCC_OscConfig
                0x08002db4      0x410 build/debug/stm32f1xx_hal_rcc.o
                0x08002db4                HAL_RCC_OscConfig
 .text.HAL_RCC_GetSysClockFreq
                0x080031c4       0x54 build/debug/stm32f1xx_hal_rcc.o
                0x080031c4                HAL_RCC_GetSysClockFreq
 .text.HAL_RCC_ClockConfig
                0x08003218      0x16c build/debug/stm32f1xx_hal_rcc.o
                0x08003218                HAL_RCC_ClockConfig
 .text.HAL_RCCEx_PeriphCLKConfig
                0x08003384      0x118 build/debug/stm32f1xx_hal_rcc_ex.o
                0x08003384                HAL_RCCEx_PeriphCLKConfig
 .text.TIM_OC1_SetConfig
                0x0800349c       0x54 build/debug/stm32f1xx_hal_tim.o
 .text.TIM_OC3_SetConfig
                0x080034f0       0x5c build/debug/stm32f1xx_hal_tim.o
 .text.TIM_OC4_SetConfig
                0x0800354c       0x48 build/debug/stm32f1xx_hal_tim.o
 .text.TIM_TI1_ConfigInputStage
                0x08003594       0x24 build/debug/stm32f1xx_hal_tim.o
 .text.TIM_TI2_ConfigInputStage
                0x080035b8       0x26 build/debug/stm32f1xx_hal_tim.o
 .text.TIM_ITRx_SetConfig
                0x080035de       0x10 build/debug/stm32f1xx_hal_tim.o
 *fill*         0x080035ee        0x2 
 .text.HAL_TIM_Base_Start_IT
                0x080035f0       0x68 build/debug/stm32f1xx_hal_tim.o
                0x080035f0                HAL_TIM_Base_Start_IT
 .text.HAL_TIM_PWM_MspInit
                0x08003658        0x2 build/debug/stm32f1xx_hal_tim.o
                0x08003658                HAL_TIM_PWM_MspInit
 .text.HAL_TIM_PeriodElapsedCallback
                0x0800365a        0x2 build/debug/stm32f1xx_hal_tim.o
                0x0800365a                HAL_TIM_PeriodElapsedCallback
 .text.HAL_TIM_OC_DelayElapsedCallback
                0x0800365c        0x2 build/debug/stm32f1xx_hal_tim.o
                0x0800365c                HAL_TIM_OC_DelayElapsedCallback
 .text.HAL_TIM_IC_CaptureCallback
                0x0800365e        0x2 build/debug/stm32f1xx_hal_tim.o
                0x0800365e                HAL_TIM_IC_CaptureCallback
 .text.HAL_TIM_PWM_PulseFinishedCallback
                0x08003660        0x2 build/debug/stm32f1xx_hal_tim.o
                0x08003660                HAL_TIM_PWM_PulseFinishedCallback
 .text.HAL_TIM_TriggerCallback
                0x08003662        0x2 build/debug/stm32f1xx_hal_tim.o
                0x08003662                HAL_TIM_TriggerCallback
 .text.HAL_TIM_IRQHandler
                0x08003664      0x17a build/debug/stm32f1xx_hal_tim.o
                0x08003664                HAL_TIM_IRQHandler
 *fill*         0x080037de        0x2 
 .text.TIM_Base_SetConfig
                0x080037e0       0x74 build/debug/stm32f1xx_hal_tim.o
                0x080037e0                TIM_Base_SetConfig
 .text.HAL_TIM_Base_Init
                0x08003854       0x58 build/debug/stm32f1xx_hal_tim.o
                0x08003854                HAL_TIM_Base_Init
 .text.HAL_TIM_PWM_Init
                0x080038ac       0x58 build/debug/stm32f1xx_hal_tim.o
                0x080038ac                HAL_TIM_PWM_Init
 .text.HAL_TIM_Encoder_Init
                0x08003904       0xb6 build/debug/stm32f1xx_hal_tim.o
                0x08003904                HAL_TIM_Encoder_Init
 *fill*         0x080039ba        0x2 
 .text.TIM_OC2_SetConfig
                0x080039bc       0x5c build/debug/stm32f1xx_hal_tim.o
                0x080039bc                TIM_OC2_SetConfig
 .text.HAL_TIM_PWM_ConfigChannel
                0x08003a18       0xdc build/debug/stm32f1xx_hal_tim.o
                0x08003a18                HAL_TIM_PWM_ConfigChannel
 .text.TIM_ETR_SetConfig
                0x08003af4       0x18 build/debug/stm32f1xx_hal_tim.o
                0x08003af4                TIM_ETR_SetConfig
 .text.HAL_TIM_ConfigClockSource
                0x08003b0c       0xfe build/debug/stm32f1xx_hal_tim.o
                0x08003b0c                HAL_TIM_ConfigClockSource
 .text.TIM_CCxChannelCmd
                0x08003c0a       0x1e build/debug/stm32f1xx_hal_tim.o
                0x08003c0a                TIM_CCxChannelCmd
 .text.HAL_TIM_PWM_Start
                0x08003c28       0xdc build/debug/stm32f1xx_hal_tim.o
                0x08003c28                HAL_TIM_PWM_Start
 .text.HAL_TIM_Encoder_Start
                0x08003d04       0xcc build/debug/stm32f1xx_hal_tim.o
                0x08003d04                HAL_TIM_Encoder_Start
 .text.HAL_TIMEx_MasterConfigSynchronization
                0x08003dd0       0x6c build/debug/stm32f1xx_hal_tim_ex.o
                0x08003dd0                HAL_TIMEx_MasterConfigSynchronization
 .text.HAL_TIMEx_CommutCallback
                0x08003e3c        0x2 build/debug/stm32f1xx_hal_tim_ex.o
                0x08003e3c                HAL_TIMEx_CommutCallback
 .text.HAL_TIMEx_BreakCallback
                0x08003e3e        0x2 build/debug/stm32f1xx_hal_tim_ex.o
                0x08003e3e                HAL_TIMEx_BreakCallback
 .text.NMI_Handler
                0x08003e40        0x2 build/debug/stm32f1xx_it.o
                0x08003e40                NMI_Handler
 .text.HardFault_Handler
                0x08003e42        0x2 build/debug/stm32f1xx_it.o
                0x08003e42                HardFault_Handler
 .text.MemManage_Handler
                0x08003e44        0x2 build/debug/stm32f1xx_it.o
                0x08003e44                MemManage_Handler
 .text.BusFault_Handler
                0x08003e46        0x2 build/debug/stm32f1xx_it.o
                0x08003e46                BusFault_Handler
 .text.UsageFault_Handler
                0x08003e48        0x2 build/debug/stm32f1xx_it.o
                0x08003e48                UsageFault_Handler
 .text.SVC_Handler
                0x08003e4a        0x2 build/debug/stm32f1xx_it.o
                0x08003e4a                SVC_Handler
 .text.DebugMon_Handler
                0x08003e4c        0x2 build/debug/stm32f1xx_it.o
                0x08003e4c                DebugMon_Handler
 .text.PendSV_Handler
                0x08003e4e        0x2 build/debug/stm32f1xx_it.o
                0x08003e4e                PendSV_Handler
 .text.SysTick_Handler
                0x08003e50        0x8 build/debug/stm32f1xx_it.o
                0x08003e50                SysTick_Handler
 .text.USB_LP_CAN1_RX0_IRQHandler
                0x08003e58       0x10 build/debug/stm32f1xx_it.o
                0x08003e58                USB_LP_CAN1_RX0_IRQHandler
 .text.TIM3_IRQHandler
                0x08003e68       0x38 build/debug/stm32f1xx_it.o
                0x08003e68                TIM3_IRQHandler
 .text.USB_CoreInit
                0x08003ea0        0xe build/debug/stm32f1xx_ll_usb.o
                0x08003ea0                USB_CoreInit
 .text.USB_EnableGlobalInt
                0x08003eae       0x12 build/debug/stm32f1xx_ll_usb.o
                0x08003eae                USB_EnableGlobalInt
 .text.USB_DisableGlobalInt
                0x08003ec0       0x14 build/debug/stm32f1xx_ll_usb.o
                0x08003ec0                USB_DisableGlobalInt
 .text.USB_SetCurrentMode
                0x08003ed4        0x4 build/debug/stm32f1xx_ll_usb.o
                0x08003ed4                USB_SetCurrentMode
 .text.USB_DevInit
                0x08003ed8       0x22 build/debug/stm32f1xx_ll_usb.o
                0x08003ed8                USB_DevInit
 .text.USB_ActivateEndpoint
                0x08003efa      0x3ca build/debug/stm32f1xx_ll_usb.o
                0x08003efa                USB_ActivateEndpoint
 .text.USB_DeactivateEndpoint
                0x080042c4      0x1d6 build/debug/stm32f1xx_ll_usb.o
                0x080042c4                USB_DeactivateEndpoint
 .text.USB_EPSetStall
                0x0800449a       0x4a build/debug/stm32f1xx_ll_usb.o
                0x0800449a                USB_EPSetStall
 .text.USB_EPClearStall
                0x080044e4       0xa2 build/debug/stm32f1xx_ll_usb.o
                0x080044e4                USB_EPClearStall
 .text.USB_SetDevAddress
                0x08004586        0xc build/debug/stm32f1xx_ll_usb.o
                0x08004586                USB_SetDevAddress
 .text.USB_DevConnect
                0x08004592        0x4 build/debug/stm32f1xx_ll_usb.o
                0x08004592                USB_DevConnect
 .text.USB_DevDisconnect
                0x08004596        0x4 build/debug/stm32f1xx_ll_usb.o
                0x08004596                USB_DevDisconnect
 .text.USB_ReadInterrupts
                0x0800459a        0x8 build/debug/stm32f1xx_ll_usb.o
                0x0800459a                USB_ReadInterrupts
 .text.USB_EP0_OutStart
                0x080045a2        0x4 build/debug/stm32f1xx_ll_usb.o
                0x080045a2                USB_EP0_OutStart
 .text.USB_WritePMA
                0x080045a6       0x26 build/debug/stm32f1xx_ll_usb.o
                0x080045a6                USB_WritePMA
 .text.USB_EPStartXfer
                0x080045cc      0x7ce build/debug/stm32f1xx_ll_usb.o
                0x080045cc                USB_EPStartXfer
 .text.USB_ReadPMA
                0x08004d9a       0x30 build/debug/stm32f1xx_ll_usb.o
                0x08004d9a                USB_ReadPMA
 .text.SystemInit
                0x08004dca        0x2 build/debug/system_stm32f1xx.o
                0x08004dca                SystemInit
 .text.MX_USB_DEVICE_Init
                0x08004dcc       0x54 build/debug/usb_device.o
                0x08004dcc                MX_USB_DEVICE_Init
 .text.USBD_CDC_EP0_RxReady
                0x08004e20       0x28 build/debug/usbd_cdc.o
 .text.USBD_CDC_GetFSCfgDesc
                0x08004e48        0xc build/debug/usbd_cdc.o
 .text.USBD_CDC_GetHSCfgDesc
                0x08004e54        0xc build/debug/usbd_cdc.o
 .text.USBD_CDC_GetOtherSpeedCfgDesc
                0x08004e60        0xc build/debug/usbd_cdc.o
 .text.USBD_CDC_GetDeviceQualifierDescriptor
                0x08004e6c        0xc build/debug/usbd_cdc.o
                0x08004e6c                USBD_CDC_GetDeviceQualifierDescriptor
 .text.USBD_CDC_DataOut
                0x08004e78       0x2e build/debug/usbd_cdc.o
 .text.USBD_CDC_DataIn
                0x08004ea6       0x4e build/debug/usbd_cdc.o
 .text.USBD_CDC_Setup
                0x08004ef4       0xd6 build/debug/usbd_cdc.o
 .text.USBD_CDC_DeInit
                0x08004fca       0x42 build/debug/usbd_cdc.o
 .text.USBD_CDC_Init
                0x0800500c       0xaa build/debug/usbd_cdc.o
 .text.USBD_CDC_RegisterInterface
                0x080050b6        0xe build/debug/usbd_cdc.o
                0x080050b6                USBD_CDC_RegisterInterface
 .text.USBD_CDC_SetTxBuffer
                0x080050c4       0x10 build/debug/usbd_cdc.o
                0x080050c4                USBD_CDC_SetTxBuffer
 .text.USBD_CDC_SetRxBuffer
                0x080050d4        0xc build/debug/usbd_cdc.o
                0x080050d4                USBD_CDC_SetRxBuffer
 .text.USBD_CDC_ReceivePacket
                0x080050e0       0x30 build/debug/usbd_cdc.o
                0x080050e0                USBD_CDC_ReceivePacket
 .text.CDC_DeInit_FS
                0x08005110        0x4 build/debug/usbd_cdc_if.o
 .text.CDC_Control_FS
                0x08005114       0x50 build/debug/usbd_cdc_if.o
 .text.CDC_Receive_FS
                0x08005164       0x28 build/debug/usbd_cdc_if.o
 .text.CDC_Init_FS
                0x0800518c       0x28 build/debug/usbd_cdc_if.o
 .text.USBD_Get_USB_Status
                0x080051b4       0x14 build/debug/usbd_conf.o
 .text.HAL_PCD_MspInit
                0x080051c8       0x40 build/debug/usbd_conf.o
                0x080051c8                HAL_PCD_MspInit
 .text.HAL_PCD_SetupStageCallback
                0x08005208       0x10 build/debug/usbd_conf.o
                0x08005208                HAL_PCD_SetupStageCallback
 .text.HAL_PCD_DataOutStageCallback
                0x08005218       0x18 build/debug/usbd_conf.o
                0x08005218                HAL_PCD_DataOutStageCallback
 .text.HAL_PCD_DataInStageCallback
                0x08005230       0x16 build/debug/usbd_conf.o
                0x08005230                HAL_PCD_DataInStageCallback
 .text.HAL_PCD_SOFCallback
                0x08005246        0xc build/debug/usbd_conf.o
                0x08005246                HAL_PCD_SOFCallback
 .text.HAL_PCD_ResetCallback
                0x08005252       0x24 build/debug/usbd_conf.o
                0x08005252                HAL_PCD_ResetCallback
 *fill*         0x08005276        0x2 
 .text.HAL_PCD_SuspendCallback
                0x08005278       0x20 build/debug/usbd_conf.o
                0x08005278                HAL_PCD_SuspendCallback
 .text.HAL_PCD_ResumeCallback
                0x08005298        0xc build/debug/usbd_conf.o
                0x08005298                HAL_PCD_ResumeCallback
 .text.USBD_LL_Init
                0x080052a4       0x84 build/debug/usbd_conf.o
                0x080052a4                USBD_LL_Init
 .text.USBD_LL_Start
                0x08005328       0x10 build/debug/usbd_conf.o
                0x08005328                USBD_LL_Start
 .text.USBD_LL_OpenEP
                0x08005338       0x16 build/debug/usbd_conf.o
                0x08005338                USBD_LL_OpenEP
 .text.USBD_LL_CloseEP
                0x0800534e       0x10 build/debug/usbd_conf.o
                0x0800534e                USBD_LL_CloseEP
 .text.USBD_LL_StallEP
                0x0800535e       0x10 build/debug/usbd_conf.o
                0x0800535e                USBD_LL_StallEP
 .text.USBD_LL_ClearStallEP
                0x0800536e       0x10 build/debug/usbd_conf.o
                0x0800536e                USBD_LL_ClearStallEP
 .text.USBD_LL_IsStallEP
                0x0800537e       0x2e build/debug/usbd_conf.o
                0x0800537e                USBD_LL_IsStallEP
 .text.USBD_LL_SetUSBAddress
                0x080053ac       0x10 build/debug/usbd_conf.o
                0x080053ac                USBD_LL_SetUSBAddress
 .text.USBD_LL_Transmit
                0x080053bc       0x10 build/debug/usbd_conf.o
                0x080053bc                USBD_LL_Transmit
 .text.USBD_LL_PrepareReceive
                0x080053cc       0x10 build/debug/usbd_conf.o
                0x080053cc                USBD_LL_PrepareReceive
 .text.USBD_LL_GetRxDataSize
                0x080053dc        0xc build/debug/usbd_conf.o
                0x080053dc                USBD_LL_GetRxDataSize
 .text.USBD_static_malloc
                0x080053e8        0x8 build/debug/usbd_conf.o
                0x080053e8                USBD_static_malloc
 .text.USBD_static_free
                0x080053f0        0x2 build/debug/usbd_conf.o
                0x080053f0                USBD_static_free
 .text.HAL_PCDEx_SetConnectionState
                0x080053f2        0x2 build/debug/usbd_conf.o
                0x080053f2                HAL_PCDEx_SetConnectionState
 .text.USBD_Init
                0x080053f4       0x2e build/debug/usbd_core.o
                0x080053f4                USBD_Init
 .text.USBD_RegisterClass
                0x08005422        0xe build/debug/usbd_core.o
                0x08005422                USBD_RegisterClass
 .text.USBD_Start
                0x08005430        0xa build/debug/usbd_core.o
                0x08005430                USBD_Start
 .text.USBD_SetClassConfig
                0x0800543a       0x18 build/debug/usbd_core.o
                0x0800543a                USBD_SetClassConfig
 .text.USBD_ClrClassConfig
                0x08005452        0xe build/debug/usbd_core.o
                0x08005452                USBD_ClrClassConfig
 .text.USBD_LL_SetupStage
                0x08005460       0x5a build/debug/usbd_core.o
                0x08005460                USBD_LL_SetupStage
 .text.USBD_LL_DataOutStage
                0x080054ba       0x8c build/debug/usbd_core.o
                0x080054ba                USBD_LL_DataOutStage
 .text.USBD_LL_DataInStage
                0x08005546       0xd0 build/debug/usbd_core.o
                0x08005546                USBD_LL_DataInStage
 .text.USBD_LL_Reset
                0x08005616       0x50 build/debug/usbd_core.o
                0x08005616                USBD_LL_Reset
 .text.USBD_LL_SetSpeed
                0x08005666        0x6 build/debug/usbd_core.o
                0x08005666                USBD_LL_SetSpeed
 .text.USBD_LL_Suspend
                0x0800566c       0x12 build/debug/usbd_core.o
                0x0800566c                USBD_LL_Suspend
 .text.USBD_LL_Resume
                0x0800567e       0x16 build/debug/usbd_core.o
                0x0800567e                USBD_LL_Resume
 .text.USBD_LL_SOF
                0x08005694       0x1c build/debug/usbd_core.o
                0x08005694                USBD_LL_SOF
 .text.USBD_GetLen
                0x080056b0       0x14 build/debug/usbd_ctlreq.o
 .text.USBD_SetFeature
                0x080056c4       0x14 build/debug/usbd_ctlreq.o
 .text.USBD_ParseSetupRequest
                0x080056d8       0x28 build/debug/usbd_ctlreq.o
                0x080056d8                USBD_ParseSetupRequest
 .text.USBD_CtlError
                0x08005700       0x14 build/debug/usbd_ctlreq.o
                0x08005700                USBD_CtlError
 .text.USBD_GetDescriptor
                0x08005714      0x186 build/debug/usbd_ctlreq.o
 .text.USBD_SetAddress
                0x0800589a       0x4e build/debug/usbd_ctlreq.o
 .text.USBD_SetConfig
                0x080058e8       0xb0 build/debug/usbd_ctlreq.o
 .text.USBD_GetConfig
                0x08005998       0x3e build/debug/usbd_ctlreq.o
 .text.USBD_GetStatus
                0x080059d6       0x38 build/debug/usbd_ctlreq.o
 .text.USBD_ClrFeature
                0x08005a0e       0x26 build/debug/usbd_ctlreq.o
 .text.USBD_StdDevReq
                0x08005a34       0x68 build/debug/usbd_ctlreq.o
                0x08005a34                USBD_StdDevReq
 .text.USBD_StdItfReq
                0x08005a9c       0x60 build/debug/usbd_ctlreq.o
                0x08005a9c                USBD_StdItfReq
 .text.USBD_StdEPReq
                0x08005afc      0x1e2 build/debug/usbd_ctlreq.o
                0x08005afc                USBD_StdEPReq
 .text.USBD_GetString
                0x08005cde       0x3a build/debug/usbd_ctlreq.o
                0x08005cde                USBD_GetString
 .text.USBD_FS_DeviceDescriptor
                0x08005d18        0xc build/debug/usbd_desc.o
                0x08005d18                USBD_FS_DeviceDescriptor
 .text.USBD_FS_LangIDStrDescriptor
                0x08005d24        0xc build/debug/usbd_desc.o
                0x08005d24                USBD_FS_LangIDStrDescriptor
 .text.IntToUnicode
                0x08005d30       0x46 build/debug/usbd_desc.o
 *fill*         0x08005d76        0x2 
 .text.Get_SerialNum
                0x08005d78       0x38 build/debug/usbd_desc.o
 .text.USBD_FS_SerialStrDescriptor
                0x08005db0       0x14 build/debug/usbd_desc.o
                0x08005db0                USBD_FS_SerialStrDescriptor
 .text.USBD_FS_ProductStrDescriptor
                0x08005dc4       0x24 build/debug/usbd_desc.o
                0x08005dc4                USBD_FS_ProductStrDescriptor
 .text.USBD_FS_ManufacturerStrDescriptor
                0x08005de8       0x1c build/debug/usbd_desc.o
                0x08005de8                USBD_FS_ManufacturerStrDescriptor
 .text.USBD_FS_ConfigStrDescriptor
                0x08005e04       0x24 build/debug/usbd_desc.o
                0x08005e04                USBD_FS_ConfigStrDescriptor
 .text.USBD_FS_InterfaceStrDescriptor
                0x08005e28       0x24 build/debug/usbd_desc.o
                0x08005e28                USBD_FS_InterfaceStrDescriptor
 .text.USBD_CtlSendData
                0x08005e4c       0x1a build/debug/usbd_ioreq.o
                0x08005e4c                USBD_CtlSendData
 .text.USBD_CtlContinueSendData
                0x08005e66       0x10 build/debug/usbd_ioreq.o
                0x08005e66                USBD_CtlContinueSendData
 .text.USBD_CtlPrepareRx
                0x08005e76       0x1e build/debug/usbd_ioreq.o
                0x08005e76                USBD_CtlPrepareRx
 .text.USBD_CtlContinueRx
                0x08005e94       0x10 build/debug/usbd_ioreq.o
                0x08005e94                USBD_CtlContinueRx
 .text.USBD_CtlSendStatus
                0x08005ea4       0x16 build/debug/usbd_ioreq.o
                0x08005ea4                USBD_CtlSendStatus
 .text.USBD_CtlReceiveStatus
                0x08005eba       0x16 build/debug/usbd_ioreq.o
                0x08005eba                USBD_CtlReceiveStatus
 .text.Reset_Handler
                0x08005ed0       0x48 build/debug/startup_stm32f103xb.o
                0x08005ed0                Reset_Handler
 .text.Default_Handler
                0x08005f18        0x2 build/debug/startup_stm32f103xb.o
                0x08005f18                RTC_Alarm_IRQHandler
                0x08005f18                EXTI2_IRQHandler
                0x08005f18                TIM1_CC_IRQHandler
                0x08005f18                PVD_IRQHandler
                0x08005f18                EXTI3_IRQHandler
                0x08005f18                EXTI0_IRQHandler
                0x08005f18                I2C2_EV_IRQHandler
                0x08005f18                ADC1_2_IRQHandler
                0x08005f18                SPI1_IRQHandler
                0x08005f18                TAMPER_IRQHandler
                0x08005f18                DMA1_Channel4_IRQHandler
                0x08005f18                USART3_IRQHandler
                0x08005f18                RTC_IRQHandler
                0x08005f18                DMA1_Channel7_IRQHandler
                0x08005f18                CAN1_RX1_IRQHandler
                0x08005f18                TIM4_IRQHandler
                0x08005f18                I2C1_EV_IRQHandler
                0x08005f18                DMA1_Channel6_IRQHandler
                0x08005f18                RCC_IRQHandler
                0x08005f18                TIM1_TRG_COM_IRQHandler
                0x08005f18                DMA1_Channel1_IRQHandler
                0x08005f18                Default_Handler
                0x08005f18                EXTI15_10_IRQHandler
                0x08005f18                EXTI9_5_IRQHandler
                0x08005f18                SPI2_IRQHandler
                0x08005f18                DMA1_Channel5_IRQHandler
                0x08005f18                EXTI4_IRQHandler
                0x08005f18                USB_HP_CAN1_TX_IRQHandler
                0x08005f18                DMA1_Channel3_IRQHandler
                0x08005f18                TIM1_UP_IRQHandler
                0x08005f18                WWDG_IRQHandler
                0x08005f18                TIM2_IRQHandler
                0x08005f18                TIM1_BRK_IRQHandler
                0x08005f18                EXTI1_IRQHandler
                0x08005f18                USART2_IRQHandler
                0x08005f18                I2C2_ER_IRQHandler
                0x08005f18                DMA1_Channel2_IRQHandler
                0x08005f18                CAN1_SCE_IRQHandler
                0x08005f18                FLASH_IRQHandler
                0x08005f18                USART1_IRQHandler
                0x08005f18                I2C1_ER_IRQHandler
                0x08005f18                USBWakeUp_IRQHandler
 .text.memset   0x08005f1a       0x10 C:/Users/matve/Desktop/STM_Tools/xpack-arm-none-eabi-gcc-13.2.1-1.1/bin/../lib/gcc/arm-none-eabi/13.2.1/../../../../arm-none-eabi/lib/thumb/v7-m/nofp\libc_nano.a(libc_a-memset.o)
                0x08005f1a                memset
 .text.strncmp  0x08005f2a       0x24 C:/Users/matve/Desktop/STM_Tools/xpack-arm-none-eabi-gcc-13.2.1-1.1/bin/../lib/gcc/arm-none-eabi/13.2.1/../../../../arm-none-eabi/lib/thumb/v7-m/nofp\libc_nano.a(libc_a-strncmp.o)
                0x08005f2a                strncmp
 *fill*         0x08005f4e        0x2 
 .text.__libc_init_array
                0x08005f50       0x48 C:/Users/matve/Desktop/STM_Tools/xpack-arm-none-eabi-gcc-13.2.1-1.1/bin/../lib/gcc/arm-none-eabi/13.2.1/../../../../arm-none-eabi/lib/thumb/v7-m/nofp\libc_nano.a(libc_a-init.o)
                0x08005f50                __libc_init_array
 *(.glue_7)
 .glue_7        0x08005f98        0x0 linker stubs
 *(.glue_7t)
 .glue_7t       0x08005f98        0x0 linker stubs
 *(.eh_frame)
 .eh_frame      0x08005f98        0x0 C:/Users/matve/Desktop/STM_Tools/xpack-arm-none-eabi-gcc-13.2.1-1.1/bin/../lib/gcc/arm-none-eabi/13.2.1/thumb/v7-m/nofp/crtbegin.o
 *(.init)
 .init          0x08005f98        0x4 C:/Users/matve/Desktop/STM_Tools/xpack-arm-none-eabi-gcc-13.2.1-1.1/bin/../lib/gcc/arm-none-eabi/13.2.1/thumb/v7-m/nofp/crti.o
                0x08005f98                _init
 .init          0x08005f9c        0x8 C:/Users/matve/Desktop/STM_Tools/xpack-arm-none-eabi-gcc-13.2.1-1.1/bin/../lib/gcc/arm-none-eabi/13.2.1/thumb/v7-m/nofp/crtn.o
 *(.fini)
 .fini          0x08005fa4        0x4 C:/Users/matve/Desktop/STM_Tools/xpack-arm-none-eabi-gcc-13.2.1-1.1/bin/../lib/gcc/arm-none-eabi/13.2.1/thumb/v7-m/nofp/crti.o
                0x08005fa4                _fini
 .fini          0x08005fa8        0x8 C:/Users/matve/Desktop/STM_Tools/xpack-arm-none-eabi-gcc-13.2.1-1.1/bin/../lib/gcc/arm-none-eabi/13.2.1/thumb/v7-m/nofp/crtn.o
                0x08005fb0                        . = ALIGN (0x4)
                0x08005fb0                        _etext = .

.vfp11_veneer   0x08005fb0        0x0
 .vfp11_veneer  0x08005fb0        0x0 linker stubs

.v4_bx          0x08005fb0        0x0
 .v4_bx         0x08005fb0        0x0 linker stubs

.iplt           0x08005fb0        0x0
 .iplt          0x08005fb0        0x0 C:/Users/matve/Desktop/STM_Tools/xpack-arm-none-eabi-gcc-13.2.1-1.1/bin/../lib/gcc/arm-none-eabi/13.2.1/thumb/v7-m/nofp/crtbegin.o

.rodata         0x08005fb0       0x78
                0x08005fb0                        . = ALIGN (0x4)
 *(.rodata)
 *(.rodata*)
 .rodata.USBRxHandler.str1.4
                0x08005fb0       0x52 build/debug/main.o
                                  0xc (size before relaxing)
 *fill*         0x08006002        0x2 
 .rodata.aPredivFactorTable.0
                0x08006004        0x2 build/debug/stm32f1xx_hal_rcc.o
 *fill*         0x08006006        0x2 
 .rodata.aPLLMULFactorTable.1
                0x08006008       0x10 build/debug/stm32f1xx_hal_rcc.o
 .rodata.AHBPrescTable
                0x08006018       0x10 build/debug/system_stm32f1xx.o
                0x08006018                AHBPrescTable
 .rodata.USBD_FS_ProductStrDescriptor.str1.4
                0x08006028       0x16 build/debug/usbd_desc.o
 .rodata.USBD_FS_ManufacturerStrDescriptor.str1.4
                0x08006028       0x13 build/debug/usbd_desc.o
 .rodata.USBD_FS_ConfigStrDescriptor.str1.4
                0x08006028        0xb build/debug/usbd_desc.o
 .rodata.USBD_FS_InterfaceStrDescriptor.str1.4
                0x08006028        0xe build/debug/usbd_desc.o
                0x08006040                        . = ALIGN (0x4)

.rel.dyn        0x08006028        0x0
 .rel.iplt      0x08006028        0x0 C:/Users/matve/Desktop/STM_Tools/xpack-arm-none-eabi-gcc-13.2.1-1.1/bin/../lib/gcc/arm-none-eabi/13.2.1/thumb/v7-m/nofp/crtbegin.o

.ARM.extab
 *(.ARM.extab* .gnu.linkonce.armextab.*)

.ARM            0x08006028        0x0
                0x08006028                        __exidx_start = .
 *(.ARM.exidx*)
                0x08006028                        __exidx_end = .

.preinit_array  0x08006028        0x0
                0x08006028                        PROVIDE (__preinit_array_start = .)
 *(.preinit_array*)
                0x08006028                        PROVIDE (__preinit_array_end = .)

.init_array     0x08006028        0x4
                0x08006028                        PROVIDE (__init_array_start = .)
 *(SORT_BY_NAME(.init_array.*))
 *(.init_array*)
 .init_array    0x08006028        0x4 C:/Users/matve/Desktop/STM_Tools/xpack-arm-none-eabi-gcc-13.2.1-1.1/bin/../lib/gcc/arm-none-eabi/13.2.1/thumb/v7-m/nofp/crtbegin.o
                0x0800602c                        PROVIDE (__init_array_end = .)

.fini_array     0x0800602c        0x4
                0x0800602c                        PROVIDE (__fini_array_start = .)
 *(SORT_BY_NAME(.fini_array.*))
 *(.fini_array*)
 .fini_array    0x0800602c        0x4 C:/Users/matve/Desktop/STM_Tools/xpack-arm-none-eabi-gcc-13.2.1-1.1/bin/../lib/gcc/arm-none-eabi/13.2.1/thumb/v7-m/nofp/crtbegin.o
                0x08006030                        PROVIDE (__fini_array_end = .)
                0x08006030                        _sidata = LOADADDR (.data)

.data           0x20000000      0x17c load address 0x08006030
                0x20000000                        . = ALIGN (0x4)
                0x20000000                        _sdata = .
 *(.data)
 *(.data*)
 .data.PWM_servo
                0x20000000        0x2 build/debug/main.o
                0x20000000                PWM_servo
 .data.uwTickFreq
                0x20000002        0x1 build/debug/stm32f1xx_hal.o
                0x20000002                uwTickFreq
 *fill*         0x20000003        0x1 
 .data.uwTickPrio
                0x20000004        0x4 build/debug/stm32f1xx_hal.o
                0x20000004                uwTickPrio
 .data.SystemCoreClock
                0x20000008        0x4 build/debug/system_stm32f1xx.o
                0x20000008                SystemCoreClock
 .data.USBD_CDC_OtherSpeedCfgDesc
                0x2000000c       0x43 build/debug/usbd_cdc.o
                0x2000000c                USBD_CDC_OtherSpeedCfgDesc
 *fill*         0x2000004f        0x1 
 .data.USBD_CDC_CfgFSDesc
                0x20000050       0x43 build/debug/usbd_cdc.o
                0x20000050                USBD_CDC_CfgFSDesc
 *fill*         0x20000093        0x1 
 .data.USBD_CDC_CfgHSDesc
                0x20000094       0x43 build/debug/usbd_cdc.o
                0x20000094                USBD_CDC_CfgHSDesc
 *fill*         0x200000d7        0x1 
 .data.USBD_CDC
                0x200000d8       0x38 build/debug/usbd_cdc.o
                0x200000d8                USBD_CDC
 .data.USBD_CDC_DeviceQualifierDesc
                0x20000110        0xa build/debug/usbd_cdc.o
 *fill*         0x2000011a        0x2 
 .data.USBD_Interface_fops_FS
                0x2000011c       0x10 build/debug/usbd_cdc_if.o
                0x2000011c                USBD_Interface_fops_FS
 .data.USBD_StringSerial
                0x2000012c       0x1a build/debug/usbd_desc.o
                0x2000012c                USBD_StringSerial
 *fill*         0x20000146        0x2 
 .data.USBD_LangIDDesc
                0x20000148        0x4 build/debug/usbd_desc.o
                0x20000148                USBD_LangIDDesc
 .data.USBD_FS_DeviceDesc
                0x2000014c       0x12 build/debug/usbd_desc.o
                0x2000014c                USBD_FS_DeviceDesc
 *fill*         0x2000015e        0x2 
 .data.FS_Desc  0x20000160       0x1c build/debug/usbd_desc.o
                0x20000160                FS_Desc
                0x2000017c                        . = ALIGN (0x4)
                0x2000017c                        _edata = .

.igot.plt       0x2000017c        0x0 load address 0x080061ac
 .igot.plt      0x2000017c        0x0 C:/Users/matve/Desktop/STM_Tools/xpack-arm-none-eabi-gcc-13.2.1-1.1/bin/../lib/gcc/arm-none-eabi/13.2.1/thumb/v7-m/nofp/crtbegin.o
                0x2000017c                        . = ALIGN (0x4)

.bss            0x2000017c     0x1438 load address 0x080061ac
                0x2000017c                        _sbss = .
                0x2000017c                        __bss_start__ = _sbss
 *(.bss)
 *(.bss*)
 .bss.completed.1
                0x2000017c        0x1 C:/Users/matve/Desktop/STM_Tools/xpack-arm-none-eabi-gcc-13.2.1-1.1/bin/../lib/gcc/arm-none-eabi/13.2.1/thumb/v7-m/nofp/crtbegin.o
 *fill*         0x2000017d        0x3 
 .bss.object.0  0x20000180       0x18 C:/Users/matve/Desktop/STM_Tools/xpack-arm-none-eabi-gcc-13.2.1-1.1/bin/../lib/gcc/arm-none-eabi/13.2.1/thumb/v7-m/nofp/crtbegin.o
 .bss.servo1    0x20000198      0x110 build/debug/main.o
                0x20000198                servo1
 .bss.VELvalue  0x200002a8        0x4 build/debug/main.o
                0x200002a8                VELvalue
 .bss.htim4     0x200002ac       0x48 build/debug/main.o
                0x200002ac                htim4
 .bss.htim3     0x200002f4       0x48 build/debug/main.o
                0x200002f4                htim3
 .bss.htim2     0x2000033c       0x48 build/debug/main.o
                0x2000033c                htim2
 .bss.htim1     0x20000384       0x48 build/debug/main.o
                0x20000384                htim1
 .bss.uwTick    0x200003cc        0x4 build/debug/stm32f1xx_hal.o
                0x200003cc                uwTick
 .bss.tim3_loop_count
                0x200003d0        0x1 build/debug/stm32f1xx_it.o
                0x200003d0                tim3_loop_count
 *fill*         0x200003d1        0x3 
 .bss.hUsbDeviceFS
                0x200003d4      0x2c4 build/debug/usb_device.o
                0x200003d4                hUsbDeviceFS
 .bss.buf       0x20000698        0x7 build/debug/usbd_cdc_if.o
                0x20000698                buf
 *fill*         0x2000069f        0x1 
 .bss.UserTxBufferFS
                0x200006a0      0x400 build/debug/usbd_cdc_if.o
                0x200006a0                UserTxBufferFS
 .bss.UserRxBufferFS
                0x20000aa0      0x400 build/debug/usbd_cdc_if.o
                0x20000aa0                UserRxBufferFS
 .bss.mem.0     0x20000ea0      0x220 build/debug/usbd_conf.o
 .bss.hpcd_USB_FS
                0x200010c0      0x2f0 build/debug/usbd_conf.o
                0x200010c0                hpcd_USB_FS
 .bss.cfgidx.0  0x200013b0        0x1 build/debug/usbd_ctlreq.o
 *fill*         0x200013b1        0x3 
 .bss.USBD_StrDesc
                0x200013b4      0x200 build/debug/usbd_desc.o
                0x200013b4                USBD_StrDesc
 *(COMMON)
                0x200015b4                        . = ALIGN (0x4)
                0x200015b4                        _ebss = .
                0x200015b4                        __bss_end__ = _ebss

._user_heap_stack
                0x200015b4      0x604 load address 0x080061ac
                0x200015b8                        . = ALIGN (0x8)
 *fill*         0x200015b4        0x4 
                [!provide]                        PROVIDE (end = .)
                0x200015b8                        PROVIDE (_end = .)
                0x200017b8                        . = (. + _Min_Heap_Size)
 *fill*         0x200015b8      0x200 
                0x20001bb8                        . = (. + _Min_Stack_Size)
 *fill*         0x200017b8      0x400 
                0x20001bb8                        . = ALIGN (0x8)

/DISCARD/
 libc.a(*)
 libm.a(*)
 libgcc.a(*)

.ARM.attributes
                0x00000000       0x29
 *(.ARM.attributes)
 .ARM.attributes
                0x00000000       0x1d C:/Users/matve/Desktop/STM_Tools/xpack-arm-none-eabi-gcc-13.2.1-1.1/bin/../lib/gcc/arm-none-eabi/13.2.1/thumb/v7-m/nofp/crti.o
 .ARM.attributes
                0x0000001d       0x2d C:/Users/matve/Desktop/STM_Tools/xpack-arm-none-eabi-gcc-13.2.1-1.1/bin/../lib/gcc/arm-none-eabi/13.2.1/thumb/v7-m/nofp/crtbegin.o
 .ARM.attributes
                0x0000004a       0x2d build/debug/encoder.o
 .ARM.attributes
                0x00000077       0x2d build/debug/main.o
 .ARM.attributes
                0x000000a4       0x2d build/debug/pid.o
 .ARM.attributes
                0x000000d1       0x2d build/debug/pwm.o
 .ARM.attributes
                0x000000fe       0x2d build/debug/servocontroller.o
 .ARM.attributes
                0x0000012b       0x2d build/debug/stm32f1xx_hal.o
 .ARM.attributes
                0x00000158       0x2d build/debug/stm32f1xx_hal_cortex.o
 .ARM.attributes
                0x00000185       0x2d build/debug/stm32f1xx_hal_gpio.o
 .ARM.attributes
                0x000001b2       0x2d build/debug/stm32f1xx_hal_msp.o
 .ARM.attributes
                0x000001df       0x2d build/debug/stm32f1xx_hal_pcd.o
 .ARM.attributes
                0x0000020c       0x2d build/debug/stm32f1xx_hal_pcd_ex.o
 .ARM.attributes
                0x00000239       0x2d build/debug/stm32f1xx_hal_rcc.o
 .ARM.attributes
                0x00000266       0x2d build/debug/stm32f1xx_hal_rcc_ex.o
 .ARM.attributes
                0x00000293       0x2d build/debug/stm32f1xx_hal_tim.o
 .ARM.attributes
                0x000002c0       0x2d build/debug/stm32f1xx_hal_tim_ex.o
 .ARM.attributes
                0x000002ed       0x2d build/debug/stm32f1xx_it.o
 .ARM.attributes
                0x0000031a       0x2d build/debug/stm32f1xx_ll_usb.o
 .ARM.attributes
                0x00000347       0x2d build/debug/system_stm32f1xx.o
 .ARM.attributes
                0x00000374       0x2d build/debug/usb_device.o
 .ARM.attributes
                0x000003a1       0x2d build/debug/usbd_cdc.o
 .ARM.attributes
                0x000003ce       0x2d build/debug/usbd_cdc_if.o
 .ARM.attributes
                0x000003fb       0x2d build/debug/usbd_conf.o
 .ARM.attributes
                0x00000428       0x2d build/debug/usbd_core.o
 .ARM.attributes
                0x00000455       0x2d build/debug/usbd_ctlreq.o
 .ARM.attributes
                0x00000482       0x2d build/debug/usbd_desc.o
 .ARM.attributes
                0x000004af       0x2d build/debug/usbd_ioreq.o
 .ARM.attributes
                0x000004dc       0x21 build/debug/startup_stm32f103xb.o
 .ARM.attributes
                0x000004fd       0x2d C:/Users/matve/Desktop/STM_Tools/xpack-arm-none-eabi-gcc-13.2.1-1.1/bin/../lib/gcc/arm-none-eabi/13.2.1/../../../../arm-none-eabi/lib/thumb/v7-m/nofp\libc_nano.a(libc_a-memset.o)
 .ARM.attributes
                0x0000052a       0x2d C:/Users/matve/Desktop/STM_Tools/xpack-arm-none-eabi-gcc-13.2.1-1.1/bin/../lib/gcc/arm-none-eabi/13.2.1/../../../../arm-none-eabi/lib/thumb/v7-m/nofp\libc_nano.a(libc_a-strncmp.o)
 .ARM.attributes
                0x00000557       0x2d C:/Users/matve/Desktop/STM_Tools/xpack-arm-none-eabi-gcc-13.2.1-1.1/bin/../lib/gcc/arm-none-eabi/13.2.1/../../../../arm-none-eabi/lib/thumb/v7-m/nofp\libc_nano.a(libc_a-init.o)
 .ARM.attributes
                0x00000584       0x1d C:/Users/matve/Desktop/STM_Tools/xpack-arm-none-eabi-gcc-13.2.1-1.1/bin/../lib/gcc/arm-none-eabi/13.2.1/thumb/v7-m/nofp\libgcc.a(_arm_addsubdf3.o)
 .ARM.attributes
                0x000005a1       0x1d C:/Users/matve/Desktop/STM_Tools/xpack-arm-none-eabi-gcc-13.2.1-1.1/bin/../lib/gcc/arm-none-eabi/13.2.1/thumb/v7-m/nofp\libgcc.a(_arm_muldivdf3.o)
 .ARM.attributes
                0x000005be       0x1d C:/Users/matve/Desktop/STM_Tools/xpack-arm-none-eabi-gcc-13.2.1-1.1/bin/../lib/gcc/arm-none-eabi/13.2.1/thumb/v7-m/nofp\libgcc.a(_arm_truncdfsf2.o)
 .ARM.attributes
                0x000005db       0x1d C:/Users/matve/Desktop/STM_Tools/xpack-arm-none-eabi-gcc-13.2.1-1.1/bin/../lib/gcc/arm-none-eabi/13.2.1/thumb/v7-m/nofp\libgcc.a(_arm_addsubsf3.o)
 .ARM.attributes
                0x000005f8       0x1d C:/Users/matve/Desktop/STM_Tools/xpack-arm-none-eabi-gcc-13.2.1-1.1/bin/../lib/gcc/arm-none-eabi/13.2.1/thumb/v7-m/nofp\libgcc.a(_arm_muldivsf3.o)
 .ARM.attributes
                0x00000615       0x1d C:/Users/matve/Desktop/STM_Tools/xpack-arm-none-eabi-gcc-13.2.1-1.1/bin/../lib/gcc/arm-none-eabi/13.2.1/thumb/v7-m/nofp\libgcc.a(_arm_cmpsf2.o)
 .ARM.attributes
                0x00000632       0x1d C:/Users/matve/Desktop/STM_Tools/xpack-arm-none-eabi-gcc-13.2.1-1.1/bin/../lib/gcc/arm-none-eabi/13.2.1/thumb/v7-m/nofp\libgcc.a(_arm_fixsfsi.o)
 .ARM.attributes
                0x0000064f       0x1d C:/Users/matve/Desktop/STM_Tools/xpack-arm-none-eabi-gcc-13.2.1-1.1/bin/../lib/gcc/arm-none-eabi/13.2.1/thumb/v7-m/nofp/crtn.o
OUTPUT(build/debug/f103_servo_test.elf elf32-littlearm)
LOAD linker stubs
LOAD C:/Users/matve/Desktop/STM_Tools/xpack-arm-none-eabi-gcc-13.2.1-1.1/bin/../lib/gcc/arm-none-eabi/13.2.1/../../../../arm-none-eabi/lib/thumb/v7-m/nofp\libc.a
LOAD C:/Users/matve/Desktop/STM_Tools/xpack-arm-none-eabi-gcc-13.2.1-1.1/bin/../lib/gcc/arm-none-eabi/13.2.1/../../../../arm-none-eabi/lib/thumb/v7-m/nofp\libm.a
LOAD C:/Users/matve/Desktop/STM_Tools/xpack-arm-none-eabi-gcc-13.2.1-1.1/bin/../lib/gcc/arm-none-eabi/13.2.1/thumb/v7-m/nofp\libgcc.a

.comment        0x00000000       0x39
 .comment       0x00000000       0x39 C:/Users/matve/Desktop/STM_Tools/xpack-arm-none-eabi-gcc-13.2.1-1.1/bin/../lib/gcc/arm-none-eabi/13.2.1/thumb/v7-m/nofp/crtbegin.o
                                 0x3a (size before relaxing)
 .comment       0x00000039       0x3a build/debug/encoder.o
 .comment       0x00000039       0x3a build/debug/main.o
 .comment       0x00000039       0x3a build/debug/pid.o
 .comment       0x00000039       0x3a build/debug/pwm.o
 .comment       0x00000039       0x3a build/debug/servocontroller.o
 .comment       0x00000039       0x3a build/debug/stm32f1xx_hal.o
 .comment       0x00000039       0x3a build/debug/stm32f1xx_hal_cortex.o
 .comment       0x00000039       0x3a build/debug/stm32f1xx_hal_gpio.o
 .comment       0x00000039       0x3a build/debug/stm32f1xx_hal_msp.o
 .comment       0x00000039       0x3a build/debug/stm32f1xx_hal_pcd.o
 .comment       0x00000039       0x3a build/debug/stm32f1xx_hal_pcd_ex.o
 .comment       0x00000039       0x3a build/debug/stm32f1xx_hal_rcc.o
 .comment       0x00000039       0x3a build/debug/stm32f1xx_hal_rcc_ex.o
 .comment       0x00000039       0x3a build/debug/stm32f1xx_hal_tim.o
 .comment       0x00000039       0x3a build/debug/stm32f1xx_hal_tim_ex.o
 .comment       0x00000039       0x3a build/debug/stm32f1xx_it.o
 .comment       0x00000039       0x3a build/debug/stm32f1xx_ll_usb.o
 .comment       0x00000039       0x3a build/debug/system_stm32f1xx.o
 .comment       0x00000039       0x3a build/debug/usb_device.o
 .comment       0x00000039       0x3a build/debug/usbd_cdc.o
 .comment       0x00000039       0x3a build/debug/usbd_cdc_if.o
 .comment       0x00000039       0x3a build/debug/usbd_conf.o
 .comment       0x00000039       0x3a build/debug/usbd_core.o
 .comment       0x00000039       0x3a build/debug/usbd_ctlreq.o
 .comment       0x00000039       0x3a build/debug/usbd_desc.o
 .comment       0x00000039       0x3a build/debug/usbd_ioreq.o
 .comment       0x00000039       0x3a C:/Users/matve/Desktop/STM_Tools/xpack-arm-none-eabi-gcc-13.2.1-1.1/bin/../lib/gcc/arm-none-eabi/13.2.1/../../../../arm-none-eabi/lib/thumb/v7-m/nofp\libc_nano.a(libc_a-memset.o)
 .comment       0x00000039       0x3a C:/Users/matve/Desktop/STM_Tools/xpack-arm-none-eabi-gcc-13.2.1-1.1/bin/../lib/gcc/arm-none-eabi/13.2.1/../../../../arm-none-eabi/lib/thumb/v7-m/nofp\libc_nano.a(libc_a-strncmp.o)
 .comment       0x00000039       0x3a C:/Users/matve/Desktop/STM_Tools/xpack-arm-none-eabi-gcc-13.2.1-1.1/bin/../lib/gcc/arm-none-eabi/13.2.1/../../../../arm-none-eabi/lib/thumb/v7-m/nofp\libc_nano.a(libc_a-init.o)

.debug_info     0x00000000    0x18caa
 .debug_info    0x00000000      0x8bd build/debug/encoder.o
 .debug_info    0x000008bd     0x18bd build/debug/main.o
 .debug_info    0x0000217a      0x45e build/debug/pid.o
 .debug_info    0x000025d8      0x921 build/debug/pwm.o
 .debug_info    0x00002ef9     0x10fa build/debug/servocontroller.o
 .debug_info    0x00003ff3      0x7a2 build/debug/stm32f1xx_hal.o
 .debug_info    0x00004795      0xcd9 build/debug/stm32f1xx_hal_cortex.o
 .debug_info    0x0000546e      0x604 build/debug/stm32f1xx_hal_gpio.o
 .debug_info    0x00005a72      0xc2c build/debug/stm32f1xx_hal_msp.o
 .debug_info    0x0000669e     0x1cba build/debug/stm32f1xx_hal_pcd.o
 .debug_info    0x00008358      0x6c5 build/debug/stm32f1xx_hal_pcd_ex.o
 .debug_info    0x00008a1d      0x9c7 build/debug/stm32f1xx_hal_rcc.o
 .debug_info    0x000093e4      0x420 build/debug/stm32f1xx_hal_rcc_ex.o
 .debug_info    0x00009804     0x3be7 build/debug/stm32f1xx_hal_tim.o
 .debug_info    0x0000d3eb     0x1aac build/debug/stm32f1xx_hal_tim_ex.o
 .debug_info    0x0000ee97      0xf9b build/debug/stm32f1xx_it.o
 .debug_info    0x0000fe32     0x1b0e build/debug/stm32f1xx_ll_usb.o
 .debug_info    0x00011940      0x22d build/debug/system_stm32f1xx.o
 .debug_info    0x00011b6d      0x6bf build/debug/usb_device.o
 .debug_info    0x0001222c     0x13c4 build/debug/usbd_cdc.o
 .debug_info    0x000135f0      0x8ff build/debug/usbd_cdc_if.o
 .debug_info    0x00013eef     0x1d51 build/debug/usbd_conf.o
 .debug_info    0x00015c40      0xdf2 build/debug/usbd_core.o
 .debug_info    0x00016a32     0x10a5 build/debug/usbd_ctlreq.o
 .debug_info    0x00017ad7      0x5ce build/debug/usbd_desc.o
 .debug_info    0x000180a5      0x834 build/debug/usbd_ioreq.o
 .debug_info    0x000188d9       0x30 build/debug/startup_stm32f103xb.o
 .debug_info    0x00018909       0xd3 C:/Users/matve/Desktop/STM_Tools/xpack-arm-none-eabi-gcc-13.2.1-1.1/bin/../lib/gcc/arm-none-eabi/13.2.1/thumb/v7-m/nofp\libgcc.a(_arm_addsubdf3.o)
 .debug_info    0x000189dc       0x57 C:/Users/matve/Desktop/STM_Tools/xpack-arm-none-eabi-gcc-13.2.1-1.1/bin/../lib/gcc/arm-none-eabi/13.2.1/thumb/v7-m/nofp\libgcc.a(_arm_muldivdf3.o)
 .debug_info    0x00018a33       0x3f C:/Users/matve/Desktop/STM_Tools/xpack-arm-none-eabi-gcc-13.2.1-1.1/bin/../lib/gcc/arm-none-eabi/13.2.1/thumb/v7-m/nofp\libgcc.a(_arm_truncdfsf2.o)
 .debug_info    0x00018a72       0xca C:/Users/matve/Desktop/STM_Tools/xpack-arm-none-eabi-gcc-13.2.1-1.1/bin/../lib/gcc/arm-none-eabi/13.2.1/thumb/v7-m/nofp\libgcc.a(_arm_addsubsf3.o)
 .debug_info    0x00018b3c       0x57 C:/Users/matve/Desktop/STM_Tools/xpack-arm-none-eabi-gcc-13.2.1-1.1/bin/../lib/gcc/arm-none-eabi/13.2.1/thumb/v7-m/nofp\libgcc.a(_arm_muldivsf3.o)
 .debug_info    0x00018b93       0xdb C:/Users/matve/Desktop/STM_Tools/xpack-arm-none-eabi-gcc-13.2.1-1.1/bin/../lib/gcc/arm-none-eabi/13.2.1/thumb/v7-m/nofp\libgcc.a(_arm_cmpsf2.o)
 .debug_info    0x00018c6e       0x3c C:/Users/matve/Desktop/STM_Tools/xpack-arm-none-eabi-gcc-13.2.1-1.1/bin/../lib/gcc/arm-none-eabi/13.2.1/thumb/v7-m/nofp\libgcc.a(_arm_fixsfsi.o)

.debug_abbrev   0x00000000     0x3c57
 .debug_abbrev  0x00000000      0x1bd build/debug/encoder.o
 .debug_abbrev  0x000001bd      0x31b build/debug/main.o
 .debug_abbrev  0x000004d8      0x128 build/debug/pid.o
 .debug_abbrev  0x00000600      0x1ad build/debug/pwm.o
 .debug_abbrev  0x000007ad      0x255 build/debug/servocontroller.o
 .debug_abbrev  0x00000a02      0x22d build/debug/stm32f1xx_hal.o
 .debug_abbrev  0x00000c2f      0x36d build/debug/stm32f1xx_hal_cortex.o
 .debug_abbrev  0x00000f9c      0x1f7 build/debug/stm32f1xx_hal_gpio.o
 .debug_abbrev  0x00001193      0x207 build/debug/stm32f1xx_hal_msp.o
 .debug_abbrev  0x0000139a      0x311 build/debug/stm32f1xx_hal_pcd.o
 .debug_abbrev  0x000016ab      0x19f build/debug/stm32f1xx_hal_pcd_ex.o
 .debug_abbrev  0x0000184a      0x2a0 build/debug/stm32f1xx_hal_rcc.o
 .debug_abbrev  0x00001aea      0x1d8 build/debug/stm32f1xx_hal_rcc_ex.o
 .debug_abbrev  0x00001cc2      0x270 build/debug/stm32f1xx_hal_tim.o
 .debug_abbrev  0x00001f32      0x26e build/debug/stm32f1xx_hal_tim_ex.o
 .debug_abbrev  0x000021a0      0x211 build/debug/stm32f1xx_it.o
 .debug_abbrev  0x000023b1      0x233 build/debug/stm32f1xx_ll_usb.o
 .debug_abbrev  0x000025e4      0x143 build/debug/system_stm32f1xx.o
 .debug_abbrev  0x00002727      0x1a8 build/debug/usb_device.o
 .debug_abbrev  0x000028cf      0x326 build/debug/usbd_cdc.o
 .debug_abbrev  0x00002bf5      0x2bc build/debug/usbd_cdc_if.o
 .debug_abbrev  0x00002eb1      0x32e build/debug/usbd_conf.o
 .debug_abbrev  0x000031df      0x289 build/debug/usbd_core.o
 .debug_abbrev  0x00003468      0x2eb build/debug/usbd_ctlreq.o
 .debug_abbrev  0x00003753      0x220 build/debug/usbd_desc.o
 .debug_abbrev  0x00003973      0x1a8 build/debug/usbd_ioreq.o
 .debug_abbrev  0x00003b1b       0x24 build/debug/startup_stm32f103xb.o
 .debug_abbrev  0x00003b3f       0x28 C:/Users/matve/Desktop/STM_Tools/xpack-arm-none-eabi-gcc-13.2.1-1.1/bin/../lib/gcc/arm-none-eabi/13.2.1/thumb/v7-m/nofp\libgcc.a(_arm_addsubdf3.o)
 .debug_abbrev  0x00003b67       0x28 C:/Users/matve/Desktop/STM_Tools/xpack-arm-none-eabi-gcc-13.2.1-1.1/bin/../lib/gcc/arm-none-eabi/13.2.1/thumb/v7-m/nofp\libgcc.a(_arm_muldivdf3.o)
 .debug_abbrev  0x00003b8f       0x28 C:/Users/matve/Desktop/STM_Tools/xpack-arm-none-eabi-gcc-13.2.1-1.1/bin/../lib/gcc/arm-none-eabi/13.2.1/thumb/v7-m/nofp\libgcc.a(_arm_truncdfsf2.o)
 .debug_abbrev  0x00003bb7       0x28 C:/Users/matve/Desktop/STM_Tools/xpack-arm-none-eabi-gcc-13.2.1-1.1/bin/../lib/gcc/arm-none-eabi/13.2.1/thumb/v7-m/nofp\libgcc.a(_arm_addsubsf3.o)
 .debug_abbrev  0x00003bdf       0x28 C:/Users/matve/Desktop/STM_Tools/xpack-arm-none-eabi-gcc-13.2.1-1.1/bin/../lib/gcc/arm-none-eabi/13.2.1/thumb/v7-m/nofp\libgcc.a(_arm_muldivsf3.o)
 .debug_abbrev  0x00003c07       0x28 C:/Users/matve/Desktop/STM_Tools/xpack-arm-none-eabi-gcc-13.2.1-1.1/bin/../lib/gcc/arm-none-eabi/13.2.1/thumb/v7-m/nofp\libgcc.a(_arm_cmpsf2.o)
 .debug_abbrev  0x00003c2f       0x28 C:/Users/matve/Desktop/STM_Tools/xpack-arm-none-eabi-gcc-13.2.1-1.1/bin/../lib/gcc/arm-none-eabi/13.2.1/thumb/v7-m/nofp\libgcc.a(_arm_fixsfsi.o)

.debug_loclists
                0x00000000     0xae3e
 .debug_loclists
                0x00000000      0x10e build/debug/encoder.o
 .debug_loclists
                0x0000010e       0x4b build/debug/main.o
 .debug_loclists
                0x00000159       0xe8 build/debug/pid.o
 .debug_loclists
                0x00000241       0xb9 build/debug/pwm.o
 .debug_loclists
                0x000002fa      0x3aa build/debug/servocontroller.o
 .debug_loclists
                0x000006a4       0xe1 build/debug/stm32f1xx_hal.o
 .debug_loclists
                0x00000785      0x530 build/debug/stm32f1xx_hal_cortex.o
 .debug_loclists
                0x00000cb5      0x318 build/debug/stm32f1xx_hal_gpio.o
 .debug_loclists
                0x00000fcd      0x142 build/debug/stm32f1xx_hal_msp.o
 .debug_loclists
                0x0000110f      0xee6 build/debug/stm32f1xx_hal_pcd.o
 .debug_loclists
                0x00001ff5       0xf0 build/debug/stm32f1xx_hal_pcd_ex.o
 .debug_loclists
                0x000020e5      0x42e build/debug/stm32f1xx_hal_rcc.o
 .debug_loclists
                0x00002513      0x2eb build/debug/stm32f1xx_hal_rcc_ex.o
 .debug_loclists
                0x000027fe     0x37c3 build/debug/stm32f1xx_hal_tim.o
 .debug_loclists
                0x00005fc1     0x1398 build/debug/stm32f1xx_hal_tim_ex.o
 .debug_loclists
                0x00007359     0x10a8 build/debug/stm32f1xx_ll_usb.o
 .debug_loclists
                0x00008401       0xb7 build/debug/system_stm32f1xx.o
 .debug_loclists
                0x000084b8      0x61a build/debug/usbd_cdc.o
 .debug_loclists
                0x00008ad2      0x128 build/debug/usbd_cdc_if.o
 .debug_loclists
                0x00008bfa      0x86b build/debug/usbd_conf.o
 .debug_loclists
                0x00009465      0x695 build/debug/usbd_core.o
 .debug_loclists
                0x00009afa      0xe97 build/debug/usbd_ctlreq.o
 .debug_loclists
                0x0000a991      0x299 build/debug/usbd_desc.o
 .debug_loclists
                0x0000ac2a      0x214 build/debug/usbd_ioreq.o

.debug_aranges  0x00000000     0x1210
 .debug_aranges
                0x00000000       0x48 build/debug/encoder.o
 .debug_aranges
                0x00000048       0x60 build/debug/main.o
 .debug_aranges
                0x000000a8       0x68 build/debug/pid.o
 .debug_aranges
                0x00000110       0x38 build/debug/pwm.o
 .debug_aranges
                0x00000148       0x88 build/debug/servocontroller.o
 .debug_aranges
                0x000001d0       0xe0 build/debug/stm32f1xx_hal.o
 .debug_aranges
                0x000002b0       0xc0 build/debug/stm32f1xx_hal_cortex.o
 .debug_aranges
                0x00000370       0x58 build/debug/stm32f1xx_hal_gpio.o
 .debug_aranges
                0x000003c8       0x48 build/debug/stm32f1xx_hal_msp.o
 .debug_aranges
                0x00000410      0x140 build/debug/stm32f1xx_hal_pcd.o
 .debug_aranges
                0x00000550       0x38 build/debug/stm32f1xx_hal_pcd_ex.o
 .debug_aranges
                0x00000588       0x90 build/debug/stm32f1xx_hal_rcc.o
 .debug_aranges
                0x00000618       0x30 build/debug/stm32f1xx_hal_rcc_ex.o
 .debug_aranges
                0x00000648      0x3d0 build/debug/stm32f1xx_hal_tim.o
 .debug_aranges
                0x00000a18      0x168 build/debug/stm32f1xx_hal_tim_ex.o
 .debug_aranges
                0x00000b80       0x70 build/debug/stm32f1xx_it.o
 .debug_aranges
                0x00000bf0       0xf8 build/debug/stm32f1xx_ll_usb.o
 .debug_aranges
                0x00000ce8       0x28 build/debug/system_stm32f1xx.o
 .debug_aranges
                0x00000d10       0x20 build/debug/usb_device.o
 .debug_aranges
                0x00000d30       0x90 build/debug/usbd_cdc.o
 .debug_aranges
                0x00000dc0       0x40 build/debug/usbd_cdc_if.o
 .debug_aranges
                0x00000e00      0x118 build/debug/usbd_conf.o
 .debug_aranges
                0x00000f18       0xb8 build/debug/usbd_core.o
 .debug_aranges
                0x00000fd0       0x88 build/debug/usbd_ctlreq.o
 .debug_aranges
                0x00001058       0x60 build/debug/usbd_desc.o
 .debug_aranges
                0x000010b8       0x50 build/debug/usbd_ioreq.o
 .debug_aranges
                0x00001108       0x28 build/debug/startup_stm32f103xb.o
 .debug_aranges
                0x00001130       0x20 C:/Users/matve/Desktop/STM_Tools/xpack-arm-none-eabi-gcc-13.2.1-1.1/bin/../lib/gcc/arm-none-eabi/13.2.1/thumb/v7-m/nofp\libgcc.a(_arm_addsubdf3.o)
 .debug_aranges
                0x00001150       0x20 C:/Users/matve/Desktop/STM_Tools/xpack-arm-none-eabi-gcc-13.2.1-1.1/bin/../lib/gcc/arm-none-eabi/13.2.1/thumb/v7-m/nofp\libgcc.a(_arm_muldivdf3.o)
 .debug_aranges
                0x00001170       0x20 C:/Users/matve/Desktop/STM_Tools/xpack-arm-none-eabi-gcc-13.2.1-1.1/bin/../lib/gcc/arm-none-eabi/13.2.1/thumb/v7-m/nofp\libgcc.a(_arm_truncdfsf2.o)
 .debug_aranges
                0x00001190       0x20 C:/Users/matve/Desktop/STM_Tools/xpack-arm-none-eabi-gcc-13.2.1-1.1/bin/../lib/gcc/arm-none-eabi/13.2.1/thumb/v7-m/nofp\libgcc.a(_arm_addsubsf3.o)
 .debug_aranges
                0x000011b0       0x20 C:/Users/matve/Desktop/STM_Tools/xpack-arm-none-eabi-gcc-13.2.1-1.1/bin/../lib/gcc/arm-none-eabi/13.2.1/thumb/v7-m/nofp\libgcc.a(_arm_muldivsf3.o)
 .debug_aranges
                0x000011d0       0x20 C:/Users/matve/Desktop/STM_Tools/xpack-arm-none-eabi-gcc-13.2.1-1.1/bin/../lib/gcc/arm-none-eabi/13.2.1/thumb/v7-m/nofp\libgcc.a(_arm_cmpsf2.o)
 .debug_aranges
                0x000011f0       0x20 C:/Users/matve/Desktop/STM_Tools/xpack-arm-none-eabi-gcc-13.2.1-1.1/bin/../lib/gcc/arm-none-eabi/13.2.1/thumb/v7-m/nofp\libgcc.a(_arm_fixsfsi.o)

.debug_rnglists
                0x00000000      0xeae
 .debug_rnglists
                0x00000000       0x32 build/debug/encoder.o
 .debug_rnglists
                0x00000032       0x47 build/debug/main.o
 .debug_rnglists
                0x00000079       0x4a build/debug/pid.o
 .debug_rnglists
                0x000000c3       0x26 build/debug/pwm.o
 .debug_rnglists
                0x000000e9       0x61 build/debug/servocontroller.o
 .debug_rnglists
                0x0000014a       0xa3 build/debug/stm32f1xx_hal.o
 .debug_rnglists
                0x000001ed       0x8b build/debug/stm32f1xx_hal_cortex.o
 .debug_rnglists
                0x00000278       0x3f build/debug/stm32f1xx_hal_gpio.o
 .debug_rnglists
                0x000002b7       0x33 build/debug/stm32f1xx_hal_msp.o
 .debug_rnglists
                0x000002ea      0x184 build/debug/stm32f1xx_hal_pcd.o
 .debug_rnglists
                0x0000046e       0x25 build/debug/stm32f1xx_hal_pcd_ex.o
 .debug_rnglists
                0x00000493       0x7d build/debug/stm32f1xx_hal_rcc.o
 .debug_rnglists
                0x00000510       0x2f build/debug/stm32f1xx_hal_rcc_ex.o
 .debug_rnglists
                0x0000053f      0x2fe build/debug/stm32f1xx_hal_tim.o
 .debug_rnglists
                0x0000083d      0x11a build/debug/stm32f1xx_hal_tim_ex.o
 .debug_rnglists
                0x00000957       0x4f build/debug/stm32f1xx_it.o
 .debug_rnglists
                0x000009a6      0x1fb build/debug/stm32f1xx_ll_usb.o
 .debug_rnglists
                0x00000ba1       0x1a build/debug/system_stm32f1xx.o
 .debug_rnglists
                0x00000bbb       0x13 build/debug/usb_device.o
 .debug_rnglists
                0x00000bce       0x69 build/debug/usbd_cdc.o
 .debug_rnglists
                0x00000c37       0x2b build/debug/usbd_cdc_if.o
 .debug_rnglists
                0x00000c62       0xce build/debug/usbd_conf.o
 .debug_rnglists
                0x00000d30       0x87 build/debug/usbd_core.o
 .debug_rnglists
                0x00000db7       0x64 build/debug/usbd_ctlreq.o
 .debug_rnglists
                0x00000e1b       0x43 build/debug/usbd_desc.o
 .debug_rnglists
                0x00000e5e       0x37 build/debug/usbd_ioreq.o
 .debug_rnglists
                0x00000e95       0x19 build/debug/startup_stm32f103xb.o

.debug_line     0x00000000    0x109e9
 .debug_line    0x00000000      0x32e build/debug/encoder.o
 .debug_line    0x0000032e      0x8a3 build/debug/main.o
 .debug_line    0x00000bd1      0x23d build/debug/pid.o
 .debug_line    0x00000e0e      0x31d build/debug/pwm.o
 .debug_line    0x0000112b      0x616 build/debug/servocontroller.o
 .debug_line    0x00001741      0x534 build/debug/stm32f1xx_hal.o
 .debug_line    0x00001c75      0x6ad build/debug/stm32f1xx_hal_cortex.o
 .debug_line    0x00002322      0x5d6 build/debug/stm32f1xx_hal_gpio.o
 .debug_line    0x000028f8      0x3c7 build/debug/stm32f1xx_hal_msp.o
 .debug_line    0x00002cbf     0x182a build/debug/stm32f1xx_hal_pcd.o
 .debug_line    0x000044e9      0x299 build/debug/stm32f1xx_hal_pcd_ex.o
 .debug_line    0x00004782      0xcb0 build/debug/stm32f1xx_hal_rcc.o
 .debug_line    0x00005432      0x4b0 build/debug/stm32f1xx_hal_rcc_ex.o
 .debug_line    0x000058e2     0x4602 build/debug/stm32f1xx_hal_tim.o
 .debug_line    0x00009ee4     0x1a15 build/debug/stm32f1xx_hal_tim_ex.o
 .debug_line    0x0000b8f9      0x356 build/debug/stm32f1xx_it.o
 .debug_line    0x0000bc4f     0x177c build/debug/stm32f1xx_ll_usb.o
 .debug_line    0x0000d3cb      0x24b build/debug/system_stm32f1xx.o
 .debug_line    0x0000d616      0x23f build/debug/usb_device.o
 .debug_line    0x0000d855      0x7c5 build/debug/usbd_cdc.o
 .debug_line    0x0000e01a      0x312 build/debug/usbd_cdc_if.o
 .debug_line    0x0000e32c      0x7c3 build/debug/usbd_conf.o
 .debug_line    0x0000eaef      0x71f build/debug/usbd_core.o
 .debug_line    0x0000f20e      0xad8 build/debug/usbd_ctlreq.o
 .debug_line    0x0000fce6      0x35a build/debug/usbd_desc.o
 .debug_line    0x00010040      0x2aa build/debug/usbd_ioreq.o
 .debug_line    0x000102ea       0x74 build/debug/startup_stm32f103xb.o
 .debug_line    0x0001035e      0x16f C:/Users/matve/Desktop/STM_Tools/xpack-arm-none-eabi-gcc-13.2.1-1.1/bin/../lib/gcc/arm-none-eabi/13.2.1/thumb/v7-m/nofp\libgcc.a(_arm_addsubdf3.o)
 .debug_line    0x000104cd      0x184 C:/Users/matve/Desktop/STM_Tools/xpack-arm-none-eabi-gcc-13.2.1-1.1/bin/../lib/gcc/arm-none-eabi/13.2.1/thumb/v7-m/nofp\libgcc.a(_arm_muldivdf3.o)
 .debug_line    0x00010651       0x76 C:/Users/matve/Desktop/STM_Tools/xpack-arm-none-eabi-gcc-13.2.1-1.1/bin/../lib/gcc/arm-none-eabi/13.2.1/thumb/v7-m/nofp\libgcc.a(_arm_truncdfsf2.o)
 .debug_line    0x000106c7      0x103 C:/Users/matve/Desktop/STM_Tools/xpack-arm-none-eabi-gcc-13.2.1-1.1/bin/../lib/gcc/arm-none-eabi/13.2.1/thumb/v7-m/nofp\libgcc.a(_arm_addsubsf3.o)
 .debug_line    0x000107ca      0x123 C:/Users/matve/Desktop/STM_Tools/xpack-arm-none-eabi-gcc-13.2.1-1.1/bin/../lib/gcc/arm-none-eabi/13.2.1/thumb/v7-m/nofp\libgcc.a(_arm_muldivsf3.o)
 .debug_line    0x000108ed       0x9a C:/Users/matve/Desktop/STM_Tools/xpack-arm-none-eabi-gcc-13.2.1-1.1/bin/../lib/gcc/arm-none-eabi/13.2.1/thumb/v7-m/nofp\libgcc.a(_arm_cmpsf2.o)
 .debug_line    0x00010987       0x62 C:/Users/matve/Desktop/STM_Tools/xpack-arm-none-eabi-gcc-13.2.1-1.1/bin/../lib/gcc/arm-none-eabi/13.2.1/thumb/v7-m/nofp\libgcc.a(_arm_fixsfsi.o)

.debug_str      0x00000000     0x4eb7
 .debug_str     0x00000000     0x4eb7 build/debug/encoder.o
                                0x7d3 (size before relaxing)
 .debug_str     0x00004eb7      0xf55 build/debug/main.o
 .debug_str     0x00004eb7      0x2e1 build/debug/pid.o
 .debug_str     0x00004eb7      0x75f build/debug/pwm.o
 .debug_str     0x00004eb7      0xb0b build/debug/servocontroller.o
 .debug_str     0x00004eb7      0x816 build/debug/stm32f1xx_hal.o
 .debug_str     0x00004eb7      0x8bb build/debug/stm32f1xx_hal_cortex.o
 .debug_str     0x00004eb7      0x3e8 build/debug/stm32f1xx_hal_gpio.o
 .debug_str     0x00004eb7      0xad9 build/debug/stm32f1xx_hal_msp.o
 .debug_str     0x00004eb7      0xb00 build/debug/stm32f1xx_hal_pcd.o
 .debug_str     0x00004eb7      0x6b0 build/debug/stm32f1xx_hal_pcd_ex.o
 .debug_str     0x00004eb7      0x613 build/debug/stm32f1xx_hal_rcc.o
 .debug_str     0x00004eb7      0x3bb build/debug/stm32f1xx_hal_rcc_ex.o
 .debug_str     0x00004eb7     0x165d build/debug/stm32f1xx_hal_tim.o
 .debug_str     0x00004eb7      0xe79 build/debug/stm32f1xx_hal_tim_ex.o
 .debug_str     0x00004eb7      0xcf2 build/debug/stm32f1xx_it.o
 .debug_str     0x00004eb7      0x702 build/debug/stm32f1xx_ll_usb.o
 .debug_str     0x00004eb7      0x23c build/debug/system_stm32f1xx.o
 .debug_str     0x00004eb7      0x641 build/debug/usb_device.o
 .debug_str     0x00004eb7      0xc01 build/debug/usbd_cdc.o
 .debug_str     0x00004eb7      0x702 build/debug/usbd_cdc_if.o
 .debug_str     0x00004eb7     0x118e build/debug/usbd_conf.o
 .debug_str     0x00004eb7      0x819 build/debug/usbd_core.o
 .debug_str     0x00004eb7      0x733 build/debug/usbd_ctlreq.o
 .debug_str     0x00004eb7      0x439 build/debug/usbd_desc.o
 .debug_str     0x00004eb7      0x660 build/debug/usbd_ioreq.o
 .debug_str     0x00004eb7       0x6f build/debug/startup_stm32f103xb.o
 .debug_str     0x00004eb7      0x1cd C:/Users/matve/Desktop/STM_Tools/xpack-arm-none-eabi-gcc-13.2.1-1.1/bin/../lib/gcc/arm-none-eabi/13.2.1/thumb/v7-m/nofp\libgcc.a(_arm_addsubdf3.o)
 .debug_str     0x00004eb7      0x14d C:/Users/matve/Desktop/STM_Tools/xpack-arm-none-eabi-gcc-13.2.1-1.1/bin/../lib/gcc/arm-none-eabi/13.2.1/thumb/v7-m/nofp\libgcc.a(_arm_muldivdf3.o)
 .debug_str     0x00004eb7      0x13a C:/Users/matve/Desktop/STM_Tools/xpack-arm-none-eabi-gcc-13.2.1-1.1/bin/../lib/gcc/arm-none-eabi/13.2.1/thumb/v7-m/nofp\libgcc.a(_arm_truncdfsf2.o)
 .debug_str     0x00004eb7      0x1c1 C:/Users/matve/Desktop/STM_Tools/xpack-arm-none-eabi-gcc-13.2.1-1.1/bin/../lib/gcc/arm-none-eabi/13.2.1/thumb/v7-m/nofp\libgcc.a(_arm_addsubsf3.o)
 .debug_str     0x00004eb7      0x14d C:/Users/matve/Desktop/STM_Tools/xpack-arm-none-eabi-gcc-13.2.1-1.1/bin/../lib/gcc/arm-none-eabi/13.2.1/thumb/v7-m/nofp\libgcc.a(_arm_muldivsf3.o)
 .debug_str     0x00004eb7      0x1d6 C:/Users/matve/Desktop/STM_Tools/xpack-arm-none-eabi-gcc-13.2.1-1.1/bin/../lib/gcc/arm-none-eabi/13.2.1/thumb/v7-m/nofp\libgcc.a(_arm_cmpsf2.o)
 .debug_str     0x00004eb7      0x138 C:/Users/matve/Desktop/STM_Tools/xpack-arm-none-eabi-gcc-13.2.1-1.1/bin/../lib/gcc/arm-none-eabi/13.2.1/thumb/v7-m/nofp\libgcc.a(_arm_fixsfsi.o)

.debug_frame    0x00000000     0x2d54
 .debug_frame   0x00000000       0x94 build/debug/encoder.o
 .debug_frame   0x00000094      0x118 build/debug/main.o
 .debug_frame   0x000001ac       0xcc build/debug/pid.o
 .debug_frame   0x00000278       0x64 build/debug/pwm.o
 .debug_frame   0x000002dc      0x15c build/debug/servocontroller.o
 .debug_frame   0x00000438      0x1cc build/debug/stm32f1xx_hal.o
 .debug_frame   0x00000604      0x19c build/debug/stm32f1xx_hal_cortex.o
 .debug_frame   0x000007a0       0xe4 build/debug/stm32f1xx_hal_gpio.o
 .debug_frame   0x00000884       0xb8 build/debug/stm32f1xx_hal_msp.o
 .debug_frame   0x0000093c      0x360 build/debug/stm32f1xx_hal_pcd.o
 .debug_frame   0x00000c9c       0x50 build/debug/stm32f1xx_hal_pcd_ex.o
 .debug_frame   0x00000cec      0x184 build/debug/stm32f1xx_hal_rcc.o
 .debug_frame   0x00000e70       0x5c build/debug/stm32f1xx_hal_rcc_ex.o
 .debug_frame   0x00000ecc      0xb14 build/debug/stm32f1xx_hal_tim.o
 .debug_frame   0x000019e0      0x418 build/debug/stm32f1xx_hal_tim_ex.o
 .debug_frame   0x00001df8       0xd8 build/debug/stm32f1xx_it.o
 .debug_frame   0x00001ed0      0x200 build/debug/stm32f1xx_ll_usb.o
 .debug_frame   0x000020d0       0x30 build/debug/system_stm32f1xx.o
 .debug_frame   0x00002100       0x28 build/debug/usb_device.o
 .debug_frame   0x00002128      0x160 build/debug/usbd_cdc.o
 .debug_frame   0x00002288       0x7c build/debug/usbd_cdc_if.o
 .debug_frame   0x00002304      0x2ec build/debug/usbd_conf.o
 .debug_frame   0x000025f0      0x1c4 build/debug/usbd_core.o
 .debug_frame   0x000027b4      0x178 build/debug/usbd_ctlreq.o
 .debug_frame   0x0000292c       0xe0 build/debug/usbd_desc.o
 .debug_frame   0x00002a0c       0xb8 build/debug/usbd_ioreq.o
 .debug_frame   0x00002ac4       0xac C:/Users/matve/Desktop/STM_Tools/xpack-arm-none-eabi-gcc-13.2.1-1.1/bin/../lib/gcc/arm-none-eabi/13.2.1/thumb/v7-m/nofp\libgcc.a(_arm_addsubdf3.o)
 .debug_frame   0x00002b70       0x50 C:/Users/matve/Desktop/STM_Tools/xpack-arm-none-eabi-gcc-13.2.1-1.1/bin/../lib/gcc/arm-none-eabi/13.2.1/thumb/v7-m/nofp\libgcc.a(_arm_muldivdf3.o)
 .debug_frame   0x00002bc0       0x24 C:/Users/matve/Desktop/STM_Tools/xpack-arm-none-eabi-gcc-13.2.1-1.1/bin/../lib/gcc/arm-none-eabi/13.2.1/thumb/v7-m/nofp\libgcc.a(_arm_truncdfsf2.o)
 .debug_frame   0x00002be4       0x4c C:/Users/matve/Desktop/STM_Tools/xpack-arm-none-eabi-gcc-13.2.1-1.1/bin/../lib/gcc/arm-none-eabi/13.2.1/thumb/v7-m/nofp\libgcc.a(_arm_addsubsf3.o)
 .debug_frame   0x00002c30       0x38 C:/Users/matve/Desktop/STM_Tools/xpack-arm-none-eabi-gcc-13.2.1-1.1/bin/../lib/gcc/arm-none-eabi/13.2.1/thumb/v7-m/nofp\libgcc.a(_arm_muldivsf3.o)
 .debug_frame   0x00002c68       0xc8 C:/Users/matve/Desktop/STM_Tools/xpack-arm-none-eabi-gcc-13.2.1-1.1/bin/../lib/gcc/arm-none-eabi/13.2.1/thumb/v7-m/nofp\libgcc.a(_arm_cmpsf2.o)
 .debug_frame   0x00002d30       0x24 C:/Users/matve/Desktop/STM_Tools/xpack-arm-none-eabi-gcc-13.2.1-1.1/bin/../lib/gcc/arm-none-eabi/13.2.1/thumb/v7-m/nofp\libgcc.a(_arm_fixsfsi.o)

.debug_line_str
                0x00000000      0x173
 .debug_line_str
                0x00000000      0x173 build/debug/startup_stm32f103xb.o
                                 0x53 (size before relaxing)
 .debug_line_str
                0x00000173      0x113 C:/Users/matve/Desktop/STM_Tools/xpack-arm-none-eabi-gcc-13.2.1-1.1/bin/../lib/gcc/arm-none-eabi/13.2.1/thumb/v7-m/nofp\libgcc.a(_arm_addsubdf3.o)
 .debug_line_str
                0x00000173      0x113 C:/Users/matve/Desktop/STM_Tools/xpack-arm-none-eabi-gcc-13.2.1-1.1/bin/../lib/gcc/arm-none-eabi/13.2.1/thumb/v7-m/nofp\libgcc.a(_arm_muldivdf3.o)
 .debug_line_str
                0x00000173      0x113 C:/Users/matve/Desktop/STM_Tools/xpack-arm-none-eabi-gcc-13.2.1-1.1/bin/../lib/gcc/arm-none-eabi/13.2.1/thumb/v7-m/nofp\libgcc.a(_arm_truncdfsf2.o)
 .debug_line_str
                0x00000173      0x113 C:/Users/matve/Desktop/STM_Tools/xpack-arm-none-eabi-gcc-13.2.1-1.1/bin/../lib/gcc/arm-none-eabi/13.2.1/thumb/v7-m/nofp\libgcc.a(_arm_addsubsf3.o)
 .debug_line_str
                0x00000173      0x113 C:/Users/matve/Desktop/STM_Tools/xpack-arm-none-eabi-gcc-13.2.1-1.1/bin/../lib/gcc/arm-none-eabi/13.2.1/thumb/v7-m/nofp\libgcc.a(_arm_muldivsf3.o)
 .debug_line_str
                0x00000173      0x113 C:/Users/matve/Desktop/STM_Tools/xpack-arm-none-eabi-gcc-13.2.1-1.1/bin/../lib/gcc/arm-none-eabi/13.2.1/thumb/v7-m/nofp\libgcc.a(_arm_cmpsf2.o)
 .debug_line_str
                0x00000173      0x113 C:/Users/matve/Desktop/STM_Tools/xpack-arm-none-eabi-gcc-13.2.1-1.1/bin/../lib/gcc/arm-none-eabi/13.2.1/thumb/v7-m/nofp\libgcc.a(_arm_fixsfsi.o)

Cross Reference Table

Symbol                                            File
ADC1_2_IRQHandler                                 build/debug/startup_stm32f103xb.o
AHBPrescTable                                     build/debug/system_stm32f1xx.o
                                                  build/debug/stm32f1xx_hal_rcc.o
ANGvalue                                          build/debug/main.o
APBPrescTable                                     build/debug/system_stm32f1xx.o
                                                  build/debug/stm32f1xx_hal_rcc.o
BusFault_Handler                                  build/debug/stm32f1xx_it.o
CAN1_RX1_IRQHandler                               build/debug/startup_stm32f103xb.o
CAN1_SCE_IRQHandler                               build/debug/startup_stm32f103xb.o
CDC_Transmit_FS                                   build/debug/usbd_cdc_if.o
DMA1_Channel1_IRQHandler                          build/debug/startup_stm32f103xb.o
DMA1_Channel2_IRQHandler                          build/debug/startup_stm32f103xb.o
DMA1_Channel3_IRQHandler                          build/debug/startup_stm32f103xb.o
DMA1_Channel4_IRQHandler                          build/debug/startup_stm32f103xb.o
DMA1_Channel5_IRQHandler                          build/debug/startup_stm32f103xb.o
DMA1_Channel6_IRQHandler                          build/debug/startup_stm32f103xb.o
DMA1_Channel7_IRQHandler                          build/debug/startup_stm32f103xb.o
DebugMon_Handler                                  build/debug/stm32f1xx_it.o
Default_Handler                                   build/debug/startup_stm32f103xb.o
EXTI0_IRQHandler                                  build/debug/startup_stm32f103xb.o
EXTI15_10_IRQHandler                              build/debug/startup_stm32f103xb.o
EXTI1_IRQHandler                                  build/debug/startup_stm32f103xb.o
EXTI2_IRQHandler                                  build/debug/startup_stm32f103xb.o
EXTI3_IRQHandler                                  build/debug/startup_stm32f103xb.o
EXTI4_IRQHandler                                  build/debug/startup_stm32f103xb.o
EXTI9_5_IRQHandler                                build/debug/startup_stm32f103xb.o
Error_Handler                                     build/debug/main.o
                                                  build/debug/usbd_conf.o
                                                  build/debug/usb_device.o
FLASH_IRQHandler                                  build/debug/startup_stm32f103xb.o
FLASH_PageErase                                   build/debug/stm32f1xx_hal_flash_ex.o
                                                  build/debug/stm32f1xx_hal_flash.o
FLASH_WaitForLastOperation                        build/debug/stm32f1xx_hal_flash.o
                                                  build/debug/stm32f1xx_hal_flash_ex.o
FS_Desc                                           build/debug/usbd_desc.o
                                                  build/debug/usb_device.o
HAL_DBGMCU_DisableDBGSleepMode                    build/debug/stm32f1xx_hal.o
HAL_DBGMCU_DisableDBGStandbyMode                  build/debug/stm32f1xx_hal.o
HAL_DBGMCU_DisableDBGStopMode                     build/debug/stm32f1xx_hal.o
HAL_DBGMCU_EnableDBGSleepMode                     build/debug/stm32f1xx_hal.o
HAL_DBGMCU_EnableDBGStandbyMode                   build/debug/stm32f1xx_hal.o
HAL_DBGMCU_EnableDBGStopMode                      build/debug/stm32f1xx_hal.o
HAL_DMA_Abort                                     build/debug/stm32f1xx_hal_dma.o
HAL_DMA_Abort_IT                                  build/debug/stm32f1xx_hal_dma.o
                                                  build/debug/stm32f1xx_hal_tim_ex.o
                                                  build/debug/stm32f1xx_hal_tim.o
HAL_DMA_DeInit                                    build/debug/stm32f1xx_hal_dma.o
HAL_DMA_GetError                                  build/debug/stm32f1xx_hal_dma.o
HAL_DMA_GetState                                  build/debug/stm32f1xx_hal_dma.o
HAL_DMA_IRQHandler                                build/debug/stm32f1xx_hal_dma.o
HAL_DMA_Init                                      build/debug/stm32f1xx_hal_dma.o
HAL_DMA_PollForTransfer                           build/debug/stm32f1xx_hal_dma.o
HAL_DMA_RegisterCallback                          build/debug/stm32f1xx_hal_dma.o
HAL_DMA_Start                                     build/debug/stm32f1xx_hal_dma.o
HAL_DMA_Start_IT                                  build/debug/stm32f1xx_hal_dma.o
                                                  build/debug/stm32f1xx_hal_tim_ex.o
                                                  build/debug/stm32f1xx_hal_tim.o
HAL_DMA_UnRegisterCallback                        build/debug/stm32f1xx_hal_dma.o
HAL_DeInit                                        build/debug/stm32f1xx_hal.o
HAL_Delay                                         build/debug/stm32f1xx_hal.o
                                                  build/debug/usbd_conf.o
HAL_EXTI_ClearConfigLine                          build/debug/stm32f1xx_hal_exti.o
HAL_EXTI_ClearPending                             build/debug/stm32f1xx_hal_exti.o
HAL_EXTI_GenerateSWI                              build/debug/stm32f1xx_hal_exti.o
HAL_EXTI_GetConfigLine                            build/debug/stm32f1xx_hal_exti.o
HAL_EXTI_GetHandle                                build/debug/stm32f1xx_hal_exti.o
HAL_EXTI_GetPending                               build/debug/stm32f1xx_hal_exti.o
HAL_EXTI_IRQHandler                               build/debug/stm32f1xx_hal_exti.o
HAL_EXTI_RegisterCallback                         build/debug/stm32f1xx_hal_exti.o
HAL_EXTI_SetConfigLine                            build/debug/stm32f1xx_hal_exti.o
HAL_FLASHEx_Erase                                 build/debug/stm32f1xx_hal_flash_ex.o
HAL_FLASHEx_Erase_IT                              build/debug/stm32f1xx_hal_flash_ex.o
HAL_FLASHEx_OBErase                               build/debug/stm32f1xx_hal_flash_ex.o
HAL_FLASHEx_OBGetConfig                           build/debug/stm32f1xx_hal_flash_ex.o
HAL_FLASHEx_OBGetUserData                         build/debug/stm32f1xx_hal_flash_ex.o
HAL_FLASHEx_OBProgram                             build/debug/stm32f1xx_hal_flash_ex.o
HAL_FLASH_EndOfOperationCallback                  build/debug/stm32f1xx_hal_flash.o
HAL_FLASH_GetError                                build/debug/stm32f1xx_hal_flash.o
HAL_FLASH_IRQHandler                              build/debug/stm32f1xx_hal_flash.o
HAL_FLASH_Lock                                    build/debug/stm32f1xx_hal_flash.o
HAL_FLASH_OB_Launch                               build/debug/stm32f1xx_hal_flash.o
HAL_FLASH_OB_Lock                                 build/debug/stm32f1xx_hal_flash.o
HAL_FLASH_OB_Unlock                               build/debug/stm32f1xx_hal_flash.o
HAL_FLASH_OperationErrorCallback                  build/debug/stm32f1xx_hal_flash.o
HAL_FLASH_Program                                 build/debug/stm32f1xx_hal_flash.o
HAL_FLASH_Program_IT                              build/debug/stm32f1xx_hal_flash.o
HAL_FLASH_Unlock                                  build/debug/stm32f1xx_hal_flash.o
HAL_GPIOEx_ConfigEventout                         build/debug/stm32f1xx_hal_gpio_ex.o
HAL_GPIOEx_DisableEventout                        build/debug/stm32f1xx_hal_gpio_ex.o
HAL_GPIOEx_EnableEventout                         build/debug/stm32f1xx_hal_gpio_ex.o
HAL_GPIO_DeInit                                   build/debug/stm32f1xx_hal_gpio.o
                                                  build/debug/stm32f1xx_hal_msp.o
HAL_GPIO_EXTI_Callback                            build/debug/stm32f1xx_hal_gpio.o
HAL_GPIO_EXTI_IRQHandler                          build/debug/stm32f1xx_hal_gpio.o
HAL_GPIO_Init                                     build/debug/stm32f1xx_hal_gpio.o
                                                  build/debug/stm32f1xx_hal_rcc.o
                                                  build/debug/stm32f1xx_hal_msp.o
                                                  build/debug/main.o
HAL_GPIO_LockPin                                  build/debug/stm32f1xx_hal_gpio.o
HAL_GPIO_ReadPin                                  build/debug/stm32f1xx_hal_gpio.o
HAL_GPIO_TogglePin                                build/debug/stm32f1xx_hal_gpio.o
HAL_GPIO_WritePin                                 build/debug/stm32f1xx_hal_gpio.o
                                                  build/debug/pwm.o
                                                  build/debug/main.o
HAL_GetDEVID                                      build/debug/stm32f1xx_hal.o
HAL_GetHalVersion                                 build/debug/stm32f1xx_hal.o
HAL_GetREVID                                      build/debug/stm32f1xx_hal.o
HAL_GetTick                                       build/debug/stm32f1xx_hal.o
                                                  build/debug/stm32f1xx_hal_rcc_ex.o
                                                  build/debug/stm32f1xx_hal_rcc.o
                                                  build/debug/stm32f1xx_hal_flash.o
                                                  build/debug/stm32f1xx_hal_dma.o
HAL_GetTickFreq                                   build/debug/stm32f1xx_hal.o
HAL_GetTickPrio                                   build/debug/stm32f1xx_hal.o
HAL_GetUIDw0                                      build/debug/stm32f1xx_hal.o
HAL_GetUIDw1                                      build/debug/stm32f1xx_hal.o
HAL_GetUIDw2                                      build/debug/stm32f1xx_hal.o
HAL_IncTick                                       build/debug/stm32f1xx_hal.o
                                                  build/debug/stm32f1xx_it.o
HAL_Init                                          build/debug/stm32f1xx_hal.o
                                                  build/debug/main.o