Archive member included to satisfy reference by file (symbol)

C:/Users/matve/Desktop/STM_Tools/xpack-arm-none-eabi-gcc-13.2.1-1.1/bin/../lib/gcc/arm-none-eabi/13.2.1/../../../../arm-none-eabi/lib/thumb/v7-m/nofp\libc_nano.a(libc_a-atexit.o)
                              C:/Users/matve/Desktop/STM_Tools/xpack-arm-none-eabi-gcc-13.2.1-1.1/bin/../lib/gcc/arm-none-eabi/13.2.1/../../../../arm-none-eabi/lib/thumb/v7-m/nofp/crt0.o (atexit)
C:/Users/matve/Desktop/STM_Tools/xpack-arm-none-eabi-gcc-13.2.1-1.1/bin/../lib/gcc/arm-none-eabi/13.2.1/../../../../arm-none-eabi/lib/thumb/v7-m/nofp\libc_nano.a(libc_a-exit.o)
                              C:/Users/matve/Desktop/STM_Tools/xpack-arm-none-eabi-gcc-13.2.1-1.1/bin/../lib/gcc/arm-none-eabi/13.2.1/../../../../arm-none-eabi/lib/thumb/v7-m/nofp/crt0.o (exit)
C:/Users/matve/Desktop/STM_Tools/xpack-arm-none-eabi-gcc-13.2.1-1.1/bin/../lib/gcc/arm-none-eabi/13.2.1/../../../../arm-none-eabi/lib/thumb/v7-m/nofp\libc_nano.a(libc_a-findfp.o)
                              C:/Users/matve/Desktop/STM_Tools/xpack-arm-none-eabi-gcc-13.2.1-1.1/bin/../lib/gcc/arm-none-eabi/13.2.1/../../../../arm-none-eabi/lib/thumb/v7-m/nofp\libc_nano.a(libc_a-exit.o) (__stdio_exit_handler)
C:/Users/matve/Desktop/STM_Tools/xpack-arm-none-eabi-gcc-13.2.1-1.1/bin/../lib/gcc/arm-none-eabi/13.2.1/../../../../arm-none-eabi/lib/thumb/v7-m/nofp\libc_nano.a(libc_a-fwalk.o)
                              C:/Users/matve/Desktop/STM_Tools/xpack-arm-none-eabi-gcc-13.2.1-1.1/bin/../lib/gcc/arm-none-eabi/13.2.1/../../../../arm-none-eabi/lib/thumb/v7-m/nofp\libc_nano.a(libc_a-findfp.o) (_fwalk_sglue)
C:/Users/matve/Desktop/STM_Tools/xpack-arm-none-eabi-gcc-13.2.1-1.1/bin/../lib/gcc/arm-none-eabi/13.2.1/../../../../arm-none-eabi/lib/thumb/v7-m/nofp\libc_nano.a(libc_a-stdio.o)
                              C:/Users/matve/Desktop/STM_Tools/xpack-arm-none-eabi-gcc-13.2.1-1.1/bin/../lib/gcc/arm-none-eabi/13.2.1/../../../../arm-none-eabi/lib/thumb/v7-m/nofp\libc_nano.a(libc_a-findfp.o) (__sread)
C:/Users/matve/Desktop/STM_Tools/xpack-arm-none-eabi-gcc-13.2.1-1.1/bin/../lib/gcc/arm-none-eabi/13.2.1/../../../../arm-none-eabi/lib/thumb/v7-m/nofp\libc_nano.a(libc_a-memset.o)
                              C:/Users/matve/Desktop/STM_Tools/xpack-arm-none-eabi-gcc-13.2.1-1.1/bin/../lib/gcc/arm-none-eabi/13.2.1/../../../../arm-none-eabi/lib/thumb/v7-m/nofp/crt0.o (memset)
C:/Users/matve/Desktop/STM_Tools/xpack-arm-none-eabi-gcc-13.2.1-1.1/bin/../lib/gcc/arm-none-eabi/13.2.1/../../../../arm-none-eabi/lib/thumb/v7-m/nofp\libc_nano.a(libc_a-closer.o)
                              C:/Users/matve/Desktop/STM_Tools/xpack-arm-none-eabi-gcc-13.2.1-1.1/bin/../lib/gcc/arm-none-eabi/13.2.1/../../../../arm-none-eabi/lib/thumb/v7-m/nofp\libc_nano.a(libc_a-stdio.o) (_close_r)
C:/Users/matve/Desktop/STM_Tools/xpack-arm-none-eabi-gcc-13.2.1-1.1/bin/../lib/gcc/arm-none-eabi/13.2.1/../../../../arm-none-eabi/lib/thumb/v7-m/nofp\libc_nano.a(libc_a-reent.o)
                              C:/Users/matve/Desktop/STM_Tools/xpack-arm-none-eabi-gcc-13.2.1-1.1/bin/../lib/gcc/arm-none-eabi/13.2.1/../../../../arm-none-eabi/lib/thumb/v7-m/nofp\libc_nano.a(libc_a-closer.o) (errno)
C:/Users/matve/Desktop/STM_Tools/xpack-arm-none-eabi-gcc-13.2.1-1.1/bin/../lib/gcc/arm-none-eabi/13.2.1/../../../../arm-none-eabi/lib/thumb/v7-m/nofp\libc_nano.a(libc_a-impure.o)
                              C:/Users/matve/Desktop/STM_Tools/xpack-arm-none-eabi-gcc-13.2.1-1.1/bin/../lib/gcc/arm-none-eabi/13.2.1/../../../../arm-none-eabi/lib/thumb/v7-m/nofp\libc_nano.a(libc_a-reent.o) (_impure_ptr)
C:/Users/matve/Desktop/STM_Tools/xpack-arm-none-eabi-gcc-13.2.1-1.1/bin/../lib/gcc/arm-none-eabi/13.2.1/../../../../arm-none-eabi/lib/thumb/v7-m/nofp\libc_nano.a(libc_a-lseekr.o)
                              C:/Users/matve/Desktop/STM_Tools/xpack-arm-none-eabi-gcc-13.2.1-1.1/bin/../lib/gcc/arm-none-eabi/13.2.1/../../../../arm-none-eabi/lib/thumb/v7-m/nofp\libc_nano.a(libc_a-stdio.o) (_lseek_r)
C:/Users/matve/Desktop/STM_Tools/xpack-arm-none-eabi-gcc-13.2.1-1.1/bin/../lib/gcc/arm-none-eabi/13.2.1/../../../../arm-none-eabi/lib/thumb/v7-m/nofp\libc_nano.a(libc_a-readr.o)
                              C:/Users/matve/Desktop/STM_Tools/xpack-arm-none-eabi-gcc-13.2.1-1.1/bin/../lib/gcc/arm-none-eabi/13.2.1/../../../../arm-none-eabi/lib/thumb/v7-m/nofp\libc_nano.a(libc_a-stdio.o) (_read_r)
C:/Users/matve/Desktop/STM_Tools/xpack-arm-none-eabi-gcc-13.2.1-1.1/bin/../lib/gcc/arm-none-eabi/13.2.1/../../../../arm-none-eabi/lib/thumb/v7-m/nofp\libc_nano.a(libc_a-writer.o)
                              C:/Users/matve/Desktop/STM_Tools/xpack-arm-none-eabi-gcc-13.2.1-1.1/bin/../lib/gcc/arm-none-eabi/13.2.1/../../../../arm-none-eabi/lib/thumb/v7-m/nofp\libc_nano.a(libc_a-stdio.o) (_write_r)
C:/Users/matve/Desktop/STM_Tools/xpack-arm-none-eabi-gcc-13.2.1-1.1/bin/../lib/gcc/arm-none-eabi/13.2.1/../../../../arm-none-eabi/lib/thumb/v7-m/nofp\libc_nano.a(libc_a-errno.o)
[...]
Memory Configuration

Name             Origin             Length             Attributes
RAM              0x20000000         0x00005000         xrw
FLASH            0x08000000         0x00010000         xr
*default*        0x00000000         0xffffffff

Linker script and memory map

LOAD C:/Users/matve/Desktop/STM_Tools/xpack-arm-none-eabi-gcc-13.2.1-1.1/bin/../lib/gcc/arm-none-eabi/13.2.1/thumb/v7-m/nofp/crti.o
LOAD C:/Users/matve/Desktop/STM_Tools/xpack-arm-none-eabi-gcc-13.2.1-1.1/bin/../lib/gcc/arm-none-eabi/13.2.1/thumb/v7-m/nofp/crtbegin.o
LOAD C:/Users/matve/Desktop/STM_Tools/xpack-arm-none-eabi-gcc-13.2.1-1.1/bin/../lib/gcc/arm-none-eabi/13.2.1/../../../../arm-none-eabi/lib/thumb/v7-m/nofp/crt0.o
LOAD build/release/main.o
LOAD build/release/stm32f1xx_hal.o
LOAD build/release/stm32f1xx_hal_cortex.o
LOAD build/release/stm32f1xx_hal_dma.o
LOAD build/release/stm32f1xx_hal_exti.o
LOAD build/release/stm32f1xx_hal_flash.o
LOAD build/release/stm32f1xx_hal_flash_ex.o
LOAD build/release/stm32f1xx_hal_gpio.o
LOAD build/release/stm32f1xx_hal_gpio_ex.o
LOAD build/release/stm32f1xx_hal_msp.o
LOAD build/release/stm32f1xx_hal_pcd.o
LOAD build/release/stm32f1xx_hal_pcd_ex.o
LOAD build/release/stm32f1xx_hal_pwr.o
LOAD build/release/stm32f1xx_hal_rcc.o
LOAD build/release/stm32f1xx_hal_rcc_ex.o
LOAD build/release/stm32f1xx_hal_tim.o
LOAD build/release/stm32f1xx_hal_tim_ex.o
LOAD build/release/stm32f1xx_it.o
LOAD build/release/stm32f1xx_ll_usb.o
LOAD build/release/syscalls.o
LOAD build/release/sysmem.o
LOAD build/release/system_stm32f1xx.o
LOAD build/release/usb_device.o
LOAD build/release/usbd_cdc.o
LOAD build/release/usbd_cdc_if.o
LOAD build/release/usbd_conf.o
LOAD build/release/usbd_core.o
LOAD build/release/usbd_ctlreq.o
LOAD build/release/usbd_desc.o
LOAD build/release/usbd_ioreq.o
LOAD build/release/startup_stm32f103xb.o
LOAD C:/Users/matve/Desktop/STM_Tools/xpack-arm-none-eabi-gcc-13.2.1-1.1/bin/../lib/gcc/arm-none-eabi/13.2.1/../../../../arm-none-eabi/lib/thumb/v7-m/nofp\libc_nano.a
LOAD C:/Users/matve/Desktop/STM_Tools/xpack-arm-none-eabi-gcc-13.2.1-1.1/bin/../lib/gcc/arm-none-eabi/13.2.1/../../../../arm-none-eabi/lib/thumb/v7-m/nofp\libm.a
LOAD C:/Users/matve/Desktop/STM_Tools/xpack-arm-none-eabi-gcc-13.2.1-1.1/bin/../lib/gcc/arm-none-eabi/13.2.1/../../../../arm-none-eabi/lib/thumb/v7-m/nofp\libnosys.a
START GROUP
LOAD C:/Users/matve/Desktop/STM_Tools/xpack-arm-none-eabi-gcc-13.2.1-1.1/bin/../lib/gcc/arm-none-eabi/13.2.1/thumb/v7-m/nofp\libgcc.a
LOAD C:/Users/matve/Desktop/STM_Tools/xpack-arm-none-eabi-gcc-13.2.1-1.1/bin/../lib/gcc/arm-none-eabi/13.2.1/../../../../arm-none-eabi/lib/thumb/v7-m/nofp\libc_nano.a
END GROUP
START GROUP
LOAD C:/Users/matve/Desktop/STM_Tools/xpack-arm-none-eabi-gcc-13.2.1-1.1/bin/../lib/gcc/arm-none-eabi/13.2.1/thumb/v7-m/nofp\libgcc.a
LOAD C:/Users/matve/Desktop/STM_Tools/xpack-arm-none-eabi-gcc-13.2.1-1.1/bin/../lib/gcc/arm-none-eabi/13.2.1/../../../../arm-none-eabi/lib/thumb/v7-m/nofp\libc_nano.a
END GROUP
LOAD C:/Users/matve/Desktop/STM_Tools/xpack-arm-none-eabi-gcc-13.2.1-1.1/bin/../lib/gcc/arm-none-eabi/13.2.1/thumb/v7-m/nofp/crtend.o
LOAD C:/Users/matve/Desktop/STM_Tools/xpack-arm-none-eabi-gcc-13.2.1-1.1/bin/../lib/gcc/arm-none-eabi/13.2.1/thumb/v7-m/nofp/crtn.o
                0x20005000                        _estack = (ORIGIN (RAM) + LENGTH (RAM))
                0x00000200                        _Min_Heap_Size = 0x200
                0x00000400                        _Min_Stack_Size = 0x400

.isr_vector     0x08000000      0x10c
                0x08000000                        . = ALIGN (0x4)
 *(.isr_vector)
 .isr_vector    0x08000000      0x10c build/release/startup_stm32f103xb.o
                0x08000000                g_pfnVectors
                0x0800010c                        . = ALIGN (0x4)

.text           0x0800010c     0x4838
                0x0800010c                        . = ALIGN (0x4)
 *(.text)
 *(.text*)
 .text.__do_global_dtors_aux
                0x0800010c       0x24 C:/Users/matve/Desktop/STM_Tools/xpack-arm-none-eabi-gcc-13.2.1-1.1/bin/../lib/gcc/arm-none-eabi/13.2.1/thumb/v7-m/nofp/crtbegin.o
 .text.frame_dummy
                0x08000130       0x1c C:/Users/matve/Desktop/STM_Tools/xpack-arm-none-eabi-gcc-13.2.1-1.1/bin/../lib/gcc/arm-none-eabi/13.2.1/thumb/v7-m/nofp/crtbegin.o
 .text.MX_GPIO_Init
                0x0800014c       0x74 build/release/main.o
 .text.Error_Handler
                0x080001c0        0x4 build/release/main.o
                0x080001c0                Error_Handler
 .text.MX_TIM2_Init
                0x080001c4       0xa8 build/release/main.o
 .text.MX_TIM1_Init
                0x0800026c       0x64 build/release/main.o
 .text.MX_TIM3_Init
                0x080002d0       0x68 build/release/main.o
 .text.MX_TIM4_Init
                0x08000338       0xa4 build/release/main.o
 .text.SystemClock_Config
                0x080003dc       0x82 build/release/main.o
                0x080003dc                SystemClock_Config
 .text.main     0x0800045e       0x24 build/release/main.o
                0x0800045e                main
 *fill*         0x08000482        0x2 
 .text.HAL_InitTick
                0x08000484       0x4c build/release/stm32f1xx_hal.o
                0x08000484                HAL_InitTick
 .text.HAL_Init
                0x080004d0       0x24 build/release/stm32f1xx_hal.o
                0x080004d0                HAL_Init
 .text.HAL_IncTick
                0x080004f4       0x18 build/release/stm32f1xx_hal.o
                0x080004f4                HAL_IncTick
 .text.HAL_GetTick
                0x0800050c        0xc build/release/stm32f1xx_hal.o
                0x0800050c                HAL_GetTick
 .text.__NVIC_SetPriority
                0x08000518       0x28 build/release/stm32f1xx_hal_cortex.o
 .text.NVIC_EncodePriority
                0x08000540       0x3e build/release/stm32f1xx_hal_cortex.o
 *fill*         0x0800057e        0x2 
 .text.HAL_NVIC_SetPriorityGrouping
                0x08000580       0x24 build/release/stm32f1xx_hal_cortex.o
                0x08000580                HAL_NVIC_SetPriorityGrouping
 .text.HAL_NVIC_SetPriority
                0x080005a4       0x20 build/release/stm32f1xx_hal_cortex.o
                0x080005a4                HAL_NVIC_SetPriority
 .text.HAL_NVIC_EnableIRQ
                0x080005c4       0x1c build/release/stm32f1xx_hal_cortex.o
                0x080005c4                HAL_NVIC_EnableIRQ
 .text.HAL_SYSTICK_Config
                0x080005e0       0x28 build/release/stm32f1xx_hal_cortex.o
                0x080005e0                HAL_SYSTICK_Config
 .text.HAL_GPIO_Init
                0x08000608      0x21c build/release/stm32f1xx_hal_gpio.o
                0x08000608                HAL_GPIO_Init
 .text.HAL_GPIO_WritePin
                0x08000824        0xc build/release/stm32f1xx_hal_gpio.o
                0x08000824                HAL_GPIO_WritePin
 .text.HAL_MspInit
                0x08000830       0x44 build/release/stm32f1xx_hal_msp.o
                0x08000830                HAL_MspInit
 .text.HAL_TIM_Encoder_MspInit
                0x08000874       0x5c build/release/stm32f1xx_hal_msp.o
                0x08000874                HAL_TIM_Encoder_MspInit
 .text.HAL_TIM_Base_MspInit
                0x080008d0       0x80 build/release/stm32f1xx_hal_msp.o
                0x080008d0                HAL_TIM_Base_MspInit
 .text.HAL_TIM_MspPostInit
                0x08000950       0x84 build/release/stm32f1xx_hal_msp.o
                0x08000950                HAL_TIM_MspPostInit
 .text.HAL_PCD_EP_DB_Receive
                0x080009d4      0x11c build/release/stm32f1xx_hal_pcd.o
 .text.HAL_PCD_Init
                0x08000af0      0x110 build/release/stm32f1xx_hal_pcd.o
                0x08000af0                HAL_PCD_Init
 .text.HAL_PCD_Start
                0x08000c00       0x32 build/release/stm32f1xx_hal_pcd.o
                0x08000c00                HAL_PCD_Start
 .text.HAL_PCD_EP_DB_Transmit
                0x08000c32      0x424 build/release/stm32f1xx_hal_pcd.o
 .text.PCD_EP_ISR_Handler
                0x08001056      0x53e build/release/stm32f1xx_hal_pcd.o
 .text.HAL_PCD_SetAddress
                0x08001594       0x28 build/release/stm32f1xx_hal_pcd.o
                0x08001594                HAL_PCD_SetAddress
 .text.HAL_PCD_IRQHandler
                0x080015bc      0x1b0 build/release/stm32f1xx_hal_pcd.o
                0x080015bc                HAL_PCD_IRQHandler
 .text.HAL_PCD_EP_Open
                0x0800176c       0x7c build/release/stm32f1xx_hal_pcd.o
                0x0800176c                HAL_PCD_EP_Open
 .text.HAL_PCD_EP_Close
                0x080017e8       0x64 build/release/stm32f1xx_hal_pcd.o
                0x080017e8                HAL_PCD_EP_Close
 .text.HAL_PCD_EP_Receive
                0x0800184c       0x3a build/release/stm32f1xx_hal_pcd.o
                0x0800184c                HAL_PCD_EP_Receive
 .text.HAL_PCD_EP_GetRxCount
                0x08001886       0x12 build/release/stm32f1xx_hal_pcd.o
                0x08001886                HAL_PCD_EP_GetRxCount
 .text.HAL_PCD_EP_Transmit
                0x08001898       0x44 build/release/stm32f1xx_hal_pcd.o
                0x08001898                HAL_PCD_EP_Transmit
 .text.HAL_PCD_EP_SetStall
                0x080018dc       0x78 build/release/stm32f1xx_hal_pcd.o
                0x080018dc                HAL_PCD_EP_SetStall
 .text.HAL_PCD_EP_ClrStall
                0x08001954       0x76 build/release/stm32f1xx_hal_pcd.o
                0x08001954                HAL_PCD_EP_ClrStall
 .text.HAL_PCDEx_PMAConfig
                0x080019ca       0x38 build/release/stm32f1xx_hal_pcd_ex.o
                0x080019ca                HAL_PCDEx_PMAConfig
 *fill*         0x08001a02        0x2 
 .text.RCC_Delay
                0x08001a04       0x2c build/release/stm32f1xx_hal_rcc.o
 .text.HAL_RCC_OscConfig
                0x08001a30      0x410 build/release/stm32f1xx_hal_rcc.o
                0x08001a30                HAL_RCC_OscConfig
 .text.HAL_RCC_GetSysClockFreq
                0x08001e40       0x54 build/release/stm32f1xx_hal_rcc.o
                0x08001e40                HAL_RCC_GetSysClockFreq
 .text.HAL_RCC_ClockConfig
                0x08001e94      0x16c build/release/stm32f1xx_hal_rcc.o
                0x08001e94                HAL_RCC_ClockConfig
 .text.HAL_RCCEx_PeriphCLKConfig
                0x08002000      0x118 build/release/stm32f1xx_hal_rcc_ex.o
                0x08002000                HAL_RCCEx_PeriphCLKConfig
 .text.TIM_OC1_SetConfig
                0x08002118       0x54 build/release/stm32f1xx_hal_tim.o
 .text.TIM_OC3_SetConfig
                0x0800216c       0x5c build/release/stm32f1xx_hal_tim.o
 .text.TIM_OC4_SetConfig
                0x080021c8       0x48 build/release/stm32f1xx_hal_tim.o
 .text.TIM_TI1_ConfigInputStage
                0x08002210       0x24 build/release/stm32f1xx_hal_tim.o
 .text.TIM_TI2_ConfigInputStage
                0x08002234       0x26 build/release/stm32f1xx_hal_tim.o
 .text.TIM_ITRx_SetConfig
                0x0800225a       0x10 build/release/stm32f1xx_hal_tim.o
 .text.HAL_TIM_PWM_MspInit
                0x0800226a        0x2 build/release/stm32f1xx_hal_tim.o
                0x0800226a                HAL_TIM_PWM_MspInit
 .text.HAL_TIM_PeriodElapsedCallback
                0x0800226c        0x2 build/release/stm32f1xx_hal_tim.o
                0x0800226c                HAL_TIM_PeriodElapsedCallback
 .text.HAL_TIM_OC_DelayElapsedCallback
                0x0800226e        0x2 build/release/stm32f1xx_hal_tim.o
                0x0800226e                HAL_TIM_OC_DelayElapsedCallback
 .text.HAL_TIM_IC_CaptureCallback
                0x08002270        0x2 build/release/stm32f1xx_hal_tim.o
                0x08002270                HAL_TIM_IC_CaptureCallback
 .text.HAL_TIM_PWM_PulseFinishedCallback
                0x08002272        0x2 build/release/stm32f1xx_hal_tim.o
                0x08002272                HAL_TIM_PWM_PulseFinishedCallback
 .text.HAL_TIM_TriggerCallback
                0x08002274        0x2 build/release/stm32f1xx_hal_tim.o
                0x08002274                HAL_TIM_TriggerCallback
 .text.HAL_TIM_IRQHandler
                0x08002276      0x17a build/release/stm32f1xx_hal_tim.o
                0x08002276                HAL_TIM_IRQHandler
 .text.TIM_Base_SetConfig
                0x080023f0       0x74 build/release/stm32f1xx_hal_tim.o
                0x080023f0                TIM_Base_SetConfig
 .text.HAL_TIM_Base_Init
                0x08002464       0x58 build/release/stm32f1xx_hal_tim.o
                0x08002464                HAL_TIM_Base_Init
 .text.HAL_TIM_PWM_Init
                0x080024bc       0x58 build/release/stm32f1xx_hal_tim.o
                0x080024bc                HAL_TIM_PWM_Init
 .text.HAL_TIM_Encoder_Init
                0x08002514       0xb6 build/release/stm32f1xx_hal_tim.o
                0x08002514                HAL_TIM_Encoder_Init
 *fill*         0x080025ca        0x2 
 .text.TIM_OC2_SetConfig
                0x080025cc       0x5c build/release/stm32f1xx_hal_tim.o
                0x080025cc                TIM_OC2_SetConfig
 .text.HAL_TIM_PWM_ConfigChannel
                0x08002628       0xdc build/release/stm32f1xx_hal_tim.o
                0x08002628                HAL_TIM_PWM_ConfigChannel
 .text.TIM_ETR_SetConfig
                0x08002704       0x18 build/release/stm32f1xx_hal_tim.o
                0x08002704                TIM_ETR_SetConfig
 .text.HAL_TIM_ConfigClockSource
                0x0800271c       0xfe build/release/stm32f1xx_hal_tim.o
                0x0800271c                HAL_TIM_ConfigClockSource
 *fill*         0x0800281a        0x2 
 .text.HAL_TIMEx_MasterConfigSynchronization
                0x0800281c       0x6c build/release/stm32f1xx_hal_tim_ex.o
                0x0800281c                HAL_TIMEx_MasterConfigSynchronization
 .text.HAL_TIMEx_CommutCallback
                0x08002888        0x2 build/release/stm32f1xx_hal_tim_ex.o
                0x08002888                HAL_TIMEx_CommutCallback
 .text.HAL_TIMEx_BreakCallback
                0x0800288a        0x2 build/release/stm32f1xx_hal_tim_ex.o
                0x0800288a                HAL_TIMEx_BreakCallback
 .text.NMI_Handler
                0x0800288c        0x2 build/release/stm32f1xx_it.o
                0x0800288c                NMI_Handler
 .text.HardFault_Handler
                0x0800288e        0x2 build/release/stm32f1xx_it.o
                0x0800288e                HardFault_Handler
 .text.MemManage_Handler
                0x08002890        0x2 build/release/stm32f1xx_it.o
                0x08002890                MemManage_Handler
 .text.BusFault_Handler
                0x08002892        0x2 build/release/stm32f1xx_it.o
                0x08002892                BusFault_Handler
 .text.UsageFault_Handler
                0x08002894        0x2 build/release/stm32f1xx_it.o
                0x08002894                UsageFault_Handler
 .text.SVC_Handler
                0x08002896        0x2 build/release/stm32f1xx_it.o
                0x08002896                SVC_Handler
 .text.DebugMon_Handler
                0x08002898        0x2 build/release/stm32f1xx_it.o
                0x08002898                DebugMon_Handler
 .text.PendSV_Handler
                0x0800289a        0x2 build/release/stm32f1xx_it.o
                0x0800289a                PendSV_Handler
 .text.SysTick_Handler
                0x0800289c        0x8 build/release/stm32f1xx_it.o
                0x0800289c                SysTick_Handler
 .text.USB_LP_CAN1_RX0_IRQHandler
                0x080028a4       0x10 build/release/stm32f1xx_it.o
                0x080028a4                USB_LP_CAN1_RX0_IRQHandler
 .text.TIM3_IRQHandler
                0x080028b4       0x10 build/release/stm32f1xx_it.o
                0x080028b4                TIM3_IRQHandler
 .text.USB_CoreInit
                0x080028c4        0xe build/release/stm32f1xx_ll_usb.o
                0x080028c4                USB_CoreInit
 .text.USB_EnableGlobalInt
                0x080028d2       0x12 build/release/stm32f1xx_ll_usb.o
                0x080028d2                USB_EnableGlobalInt
 .text.USB_DisableGlobalInt
                0x080028e4       0x14 build/release/stm32f1xx_ll_usb.o
                0x080028e4                USB_DisableGlobalInt
 .text.USB_SetCurrentMode
                0x080028f8        0x4 build/release/stm32f1xx_ll_usb.o
                0x080028f8                USB_SetCurrentMode
 .text.USB_DevInit
                0x080028fc       0x22 build/release/stm32f1xx_ll_usb.o
                0x080028fc                USB_DevInit
 .text.USB_ActivateEndpoint
                0x0800291e      0x3ca build/release/stm32f1xx_ll_usb.o
                0x0800291e                USB_ActivateEndpoint
 .text.USB_DeactivateEndpoint
                0x08002ce8      0x1d6 build/release/stm32f1xx_ll_usb.o
                0x08002ce8                USB_DeactivateEndpoint
 .text.USB_EPSetStall
                0x08002ebe       0x4a build/release/stm32f1xx_ll_usb.o
                0x08002ebe                USB_EPSetStall
 .text.USB_EPClearStall
                0x08002f08       0xa2 build/release/stm32f1xx_ll_usb.o
                0x08002f08                USB_EPClearStall
 .text.USB_SetDevAddress
                0x08002faa        0xc build/release/stm32f1xx_ll_usb.o
                0x08002faa                USB_SetDevAddress
 .text.USB_DevConnect
                0x08002fb6        0x4 build/release/stm32f1xx_ll_usb.o
                0x08002fb6                USB_DevConnect
 .text.USB_DevDisconnect
                0x08002fba        0x4 build/release/stm32f1xx_ll_usb.o
                0x08002fba                USB_DevDisconnect
 .text.USB_ReadInterrupts
                0x08002fbe        0x8 build/release/stm32f1xx_ll_usb.o
                0x08002fbe                USB_ReadInterrupts
 .text.USB_EP0_OutStart
                0x08002fc6        0x4 build/release/stm32f1xx_ll_usb.o
                0x08002fc6                USB_EP0_OutStart
 .text.USB_WritePMA
                0x08002fca       0x26 build/release/stm32f1xx_ll_usb.o
                0x08002fca                USB_WritePMA
 .text.USB_EPStartXfer
                0x08002ff0      0x7ce build/release/stm32f1xx_ll_usb.o
                0x08002ff0                USB_EPStartXfer
 .text.USB_ReadPMA
                0x080037be       0x30 build/release/stm32f1xx_ll_usb.o
                0x080037be                USB_ReadPMA
 .text.SystemInit
                0x080037ee        0x2 build/release/system_stm32f1xx.o
                0x080037ee                SystemInit
 .text.MX_USB_DEVICE_Init
                0x080037f0       0x54 build/release/usb_device.o
                0x080037f0                MX_USB_DEVICE_Init
 .text.USBD_CDC_EP0_RxReady
                0x08003844       0x28 build/release/usbd_cdc.o
 .text.USBD_CDC_GetFSCfgDesc
                0x0800386c        0xc build/release/usbd_cdc.o
 .text.USBD_CDC_GetHSCfgDesc
                0x08003878        0xc build/release/usbd_cdc.o
 .text.USBD_CDC_GetOtherSpeedCfgDesc
                0x08003884        0xc build/release/usbd_cdc.o
 .text.USBD_CDC_GetDeviceQualifierDescriptor
                0x08003890        0xc build/release/usbd_cdc.o
                0x08003890                USBD_CDC_GetDeviceQualifierDescriptor
 .text.USBD_CDC_DataOut
                0x0800389c       0x2e build/release/usbd_cdc.o
 .text.USBD_CDC_DataIn
                0x080038ca       0x4e build/release/usbd_cdc.o
 .text.USBD_CDC_Setup
                0x08003918       0xd6 build/release/usbd_cdc.o
 .text.USBD_CDC_DeInit
                0x080039ee       0x42 build/release/usbd_cdc.o
 .text.USBD_CDC_Init
                0x08003a30       0xaa build/release/usbd_cdc.o
 .text.USBD_CDC_RegisterInterface
                0x08003ada        0xe build/release/usbd_cdc.o
                0x08003ada                USBD_CDC_RegisterInterface
 .text.USBD_CDC_SetTxBuffer
                0x08003ae8       0x10 build/release/usbd_cdc.o
                0x08003ae8                USBD_CDC_SetTxBuffer
 .text.USBD_CDC_SetRxBuffer
                0x08003af8        0xc build/release/usbd_cdc.o
                0x08003af8                USBD_CDC_SetRxBuffer
 .text.USBD_CDC_ReceivePacket
                0x08003b04       0x30 build/release/usbd_cdc.o
                0x08003b04                USBD_CDC_ReceivePacket
 .text.CDC_DeInit_FS
                0x08003b34        0x4 build/release/usbd_cdc_if.o
 .text.CDC_Control_FS
                0x08003b38        0x4 build/release/usbd_cdc_if.o
 .text.CDC_Receive_FS
                0x08003b3c       0x1c build/release/usbd_cdc_if.o
 .text.CDC_Init_FS
                0x08003b58       0x28 build/release/usbd_cdc_if.o
 .text.USBD_Get_USB_Status
                0x08003b80       0x14 build/release/usbd_conf.o
 .text.HAL_PCD_MspInit
                0x08003b94       0x40 build/release/usbd_conf.o
                0x08003b94                HAL_PCD_MspInit
 .text.HAL_PCD_SetupStageCallback
                0x08003bd4       0x10 build/release/usbd_conf.o
                0x08003bd4                HAL_PCD_SetupStageCallback
 .text.HAL_PCD_DataOutStageCallback
                0x08003be4       0x18 build/release/usbd_conf.o
                0x08003be4                HAL_PCD_DataOutStageCallback
 .text.HAL_PCD_DataInStageCallback
                0x08003bfc       0x16 build/release/usbd_conf.o
                0x08003bfc                HAL_PCD_DataInStageCallback
 .text.HAL_PCD_SOFCallback
                0x08003c12        0xc build/release/usbd_conf.o
                0x08003c12                HAL_PCD_SOFCallback
 .text.HAL_PCD_ResetCallback
                0x08003c1e       0x24 build/release/usbd_conf.o
                0x08003c1e                HAL_PCD_ResetCallback
 *fill*         0x08003c42        0x2 
 .text.HAL_PCD_SuspendCallback
                0x08003c44       0x20 build/release/usbd_conf.o
                0x08003c44                HAL_PCD_SuspendCallback
 .text.HAL_PCD_ResumeCallback
                0x08003c64        0xc build/release/usbd_conf.o
                0x08003c64                HAL_PCD_ResumeCallback
 .text.USBD_LL_Init
                0x08003c70       0x84 build/release/usbd_conf.o
                0x08003c70                USBD_LL_Init
 .text.USBD_LL_Start
                0x08003cf4       0x10 build/release/usbd_conf.o
                0x08003cf4                USBD_LL_Start
 .text.USBD_LL_OpenEP
                0x08003d04       0x16 build/release/usbd_conf.o
                0x08003d04                USBD_LL_OpenEP
 .text.USBD_LL_CloseEP
                0x08003d1a       0x10 build/release/usbd_conf.o
                0x08003d1a                USBD_LL_CloseEP
 .text.USBD_LL_StallEP
                0x08003d2a       0x10 build/release/usbd_conf.o
                0x08003d2a                USBD_LL_StallEP
 .text.USBD_LL_ClearStallEP
                0x08003d3a       0x10 build/release/usbd_conf.o
                0x08003d3a                USBD_LL_ClearStallEP
 .text.USBD_LL_IsStallEP
                0x08003d4a       0x2e build/release/usbd_conf.o
                0x08003d4a                USBD_LL_IsStallEP
 .text.USBD_LL_SetUSBAddress
                0x08003d78       0x10 build/release/usbd_conf.o
                0x08003d78                USBD_LL_SetUSBAddress
 .text.USBD_LL_Transmit
                0x08003d88       0x10 build/release/usbd_conf.o
                0x08003d88                USBD_LL_Transmit
 .text.USBD_LL_PrepareReceive
                0x08003d98       0x10 build/release/usbd_conf.o
                0x08003d98                USBD_LL_PrepareReceive
 .text.USBD_LL_GetRxDataSize
                0x08003da8        0xc build/release/usbd_conf.o
                0x08003da8                USBD_LL_GetRxDataSize
 .text.USBD_static_malloc
                0x08003db4        0x8 build/release/usbd_conf.o
                0x08003db4                USBD_static_malloc
 .text.USBD_static_free
                0x08003dbc        0x2 build/release/usbd_conf.o
                0x08003dbc                USBD_static_free
 .text.HAL_PCDEx_SetConnectionState
                0x08003dbe        0x2 build/release/usbd_conf.o
                0x08003dbe                HAL_PCDEx_SetConnectionState
 .text.USBD_Init
                0x08003dc0       0x2e build/release/usbd_core.o
                0x08003dc0                USBD_Init
 .text.USBD_RegisterClass
                0x08003dee        0xe build/release/usbd_core.o
                0x08003dee                USBD_RegisterClass
 .text.USBD_Start
                0x08003dfc        0xa build/release/usbd_core.o
                0x08003dfc                USBD_Start
 .text.USBD_SetClassConfig
                0x08003e06       0x18 build/release/usbd_core.o
                0x08003e06                USBD_SetClassConfig
 .text.USBD_ClrClassConfig
                0x08003e1e        0xe build/release/usbd_core.o
                0x08003e1e                USBD_ClrClassConfig
 .text.USBD_LL_SetupStage
                0x08003e2c       0x5a build/release/usbd_core.o
                0x08003e2c                USBD_LL_SetupStage
 .text.USBD_LL_DataOutStage
                0x08003e86       0x8c build/release/usbd_core.o
                0x08003e86                USBD_LL_DataOutStage
 .text.USBD_LL_DataInStage
                0x08003f12       0xd0 build/release/usbd_core.o
                0x08003f12                USBD_LL_DataInStage
 .text.USBD_LL_Reset
                0x08003fe2       0x50 build/release/usbd_core.o
                0x08003fe2                USBD_LL_Reset
 .text.USBD_LL_SetSpeed
                0x08004032        0x6 build/release/usbd_core.o
                0x08004032                USBD_LL_SetSpeed
 .text.USBD_LL_Suspend
                0x08004038       0x12 build/release/usbd_core.o
                0x08004038                USBD_LL_Suspend
 .text.USBD_LL_Resume
                0x0800404a       0x16 build/release/usbd_core.o
                0x0800404a                USBD_LL_Resume
 .text.USBD_LL_SOF
                0x08004060       0x1c build/release/usbd_core.o
                0x08004060                USBD_LL_SOF
 .text.USBD_GetLen
                0x0800407c       0x14 build/release/usbd_ctlreq.o
 .text.USBD_SetFeature
                0x08004090       0x14 build/release/usbd_ctlreq.o
 .text.USBD_ParseSetupRequest
                0x080040a4       0x28 build/release/usbd_ctlreq.o
                0x080040a4                USBD_ParseSetupRequest
 .text.USBD_CtlError
                0x080040cc       0x14 build/release/usbd_ctlreq.o
                0x080040cc                USBD_CtlError
 .text.USBD_GetDescriptor
                0x080040e0      0x186 build/release/usbd_ctlreq.o
 .text.USBD_SetAddress
                0x08004266       0x4e build/release/usbd_ctlreq.o
 .text.USBD_SetConfig
                0x080042b4       0xb0 build/release/usbd_ctlreq.o
 .text.USBD_GetConfig
                0x08004364       0x3e build/release/usbd_ctlreq.o
 .text.USBD_GetStatus
                0x080043a2       0x38 build/release/usbd_ctlreq.o
 .text.USBD_ClrFeature
                0x080043da       0x26 build/release/usbd_ctlreq.o
 .text.USBD_StdDevReq
                0x08004400       0x68 build/release/usbd_ctlreq.o
                0x08004400                USBD_StdDevReq
 .text.USBD_StdItfReq
                0x08004468       0x60 build/release/usbd_ctlreq.o
                0x08004468                USBD_StdItfReq
 .text.USBD_StdEPReq
                0x080044c8      0x1e2 build/release/usbd_ctlreq.o
                0x080044c8                USBD_StdEPReq
 .text.USBD_GetString
                0x080046aa       0x3a build/release/usbd_ctlreq.o
                0x080046aa                USBD_GetString
 .text.USBD_FS_DeviceDescriptor
                0x080046e4        0xc build/release/usbd_desc.o
                0x080046e4                USBD_FS_DeviceDescriptor
 .text.USBD_FS_LangIDStrDescriptor
                0x080046f0        0xc build/release/usbd_desc.o
                0x080046f0                USBD_FS_LangIDStrDescriptor
 .text.IntToUnicode
                0x080046fc       0x46 build/release/usbd_desc.o
 *fill*         0x08004742        0x2 
 .text.Get_SerialNum
                0x08004744       0x24 build/release/usbd_desc.o
 .text.USBD_FS_SerialStrDescriptor
                0x08004768       0x14 build/release/usbd_desc.o
                0x08004768                USBD_FS_SerialStrDescriptor
 .text.USBD_FS_ProductStrDescriptor
                0x0800477c       0x24 build/release/usbd_desc.o
                0x0800477c                USBD_FS_ProductStrDescriptor
 .text.USBD_FS_ManufacturerStrDescriptor
                0x080047a0       0x1c build/release/usbd_desc.o
                0x080047a0                USBD_FS_ManufacturerStrDescriptor
 .text.USBD_FS_ConfigStrDescriptor
                0x080047bc       0x24 build/release/usbd_desc.o
                0x080047bc                USBD_FS_ConfigStrDescriptor
 .text.USBD_FS_InterfaceStrDescriptor
                0x080047e0       0x24 build/release/usbd_desc.o
                0x080047e0                USBD_FS_InterfaceStrDescriptor
 .text.USBD_CtlSendData
                0x08004804       0x1a build/release/usbd_ioreq.o
                0x08004804                USBD_CtlSendData
 .text.USBD_CtlContinueSendData
                0x0800481e       0x10 build/release/usbd_ioreq.o
                0x0800481e                USBD_CtlContinueSendData
 .text.USBD_CtlPrepareRx
                0x0800482e       0x1e build/release/usbd_ioreq.o
                0x0800482e                USBD_CtlPrepareRx
 .text.USBD_CtlContinueRx
                0x0800484c       0x10 build/release/usbd_ioreq.o
                0x0800484c                USBD_CtlContinueRx
 .text.USBD_CtlSendStatus
                0x0800485c       0x16 build/release/usbd_ioreq.o
                0x0800485c                USBD_CtlSendStatus
 .text.USBD_CtlReceiveStatus
                0x08004872       0x16 build/release/usbd_ioreq.o
                0x08004872                USBD_CtlReceiveStatus
 .text.Reset_Handler
                0x08004888       0x48 build/release/startup_stm32f103xb.o
                0x08004888                Reset_Handler
 .text.Default_Handler
                0x080048d0        0x2 build/release/startup_stm32f103xb.o
                0x080048d0                RTC_Alarm_IRQHandler
                0x080048d0                EXTI2_IRQHandler
                0x080048d0                TIM1_CC_IRQHandler
                0x080048d0                PVD_IRQHandler
                0x080048d0                EXTI3_IRQHandler
                0x080048d0                EXTI0_IRQHandler
                0x080048d0                I2C2_EV_IRQHandler
                0x080048d0                ADC1_2_IRQHandler
                0x080048d0                SPI1_IRQHandler
                0x080048d0                TAMPER_IRQHandler
                0x080048d0                DMA1_Channel4_IRQHandler
                0x080048d0                USART3_IRQHandler
                0x080048d0                RTC_IRQHandler
                0x080048d0                DMA1_Channel7_IRQHandler
                0x080048d0                CAN1_RX1_IRQHandler
                0x080048d0                TIM4_IRQHandler
                0x080048d0                I2C1_EV_IRQHandler
                0x080048d0                DMA1_Channel6_IRQHandler
                0x080048d0                RCC_IRQHandler
                0x080048d0                TIM1_TRG_COM_IRQHandler
                0x080048d0                DMA1_Channel1_IRQHandler
                0x080048d0                Default_Handler
                0x080048d0                EXTI15_10_IRQHandler
                0x080048d0                EXTI9_5_IRQHandler
                0x080048d0                SPI2_IRQHandler
                0x080048d0                DMA1_Channel5_IRQHandler
                0x080048d0                EXTI4_IRQHandler
                0x080048d0                USB_HP_CAN1_TX_IRQHandler
                0x080048d0                DMA1_Channel3_IRQHandler
                0x080048d0                TIM1_UP_IRQHandler
                0x080048d0                WWDG_IRQHandler
                0x080048d0                TIM2_IRQHandler
                0x080048d0                TIM1_BRK_IRQHandler
                0x080048d0                EXTI1_IRQHandler
                0x080048d0                USART2_IRQHandler
                0x080048d0                I2C2_ER_IRQHandler
                0x080048d0                DMA1_Channel2_IRQHandler
                0x080048d0                CAN1_SCE_IRQHandler
                0x080048d0                FLASH_IRQHandler
                0x080048d0                USART1_IRQHandler
                0x080048d0                I2C1_ER_IRQHandler
                0x080048d0                USBWakeUp_IRQHandler
 .text.memset   0x080048d2       0x10 C:/Users/matve/Desktop/STM_Tools/xpack-arm-none-eabi-gcc-13.2.1-1.1/bin/../lib/gcc/arm-none-eabi/13.2.1/../../../../arm-none-eabi/lib/thumb/v7-m/nofp\libc_nano.a(libc_a-memset.o)
                0x080048d2                memset
 *fill*         0x080048e2        0x2 
 .text.__libc_init_array
                0x080048e4       0x48 C:/Users/matve/Desktop/STM_Tools/xpack-arm-none-eabi-gcc-13.2.1-1.1/bin/../lib/gcc/arm-none-eabi/13.2.1/../../../../arm-none-eabi/lib/thumb/v7-m/nofp\libc_nano.a(libc_a-init.o)
                0x080048e4                __libc_init_array
 *(.glue_7)
 .glue_7        0x0800492c        0x0 linker stubs
 *(.glue_7t)
 .glue_7t       0x0800492c        0x0 linker stubs
 *(.eh_frame)
 .eh_frame      0x0800492c        0x0 C:/Users/matve/Desktop/STM_Tools/xpack-arm-none-eabi-gcc-13.2.1-1.1/bin/../lib/gcc/arm-none-eabi/13.2.1/thumb/v7-m/nofp/crtbegin.o
 *(.init)
 .init          0x0800492c        0x4 C:/Users/matve/Desktop/STM_Tools/xpack-arm-none-eabi-gcc-13.2.1-1.1/bin/../lib/gcc/arm-none-eabi/13.2.1/thumb/v7-m/nofp/crti.o
                0x0800492c                _init
 .init          0x08004930        0x8 C:/Users/matve/Desktop/STM_Tools/xpack-arm-none-eabi-gcc-13.2.1-1.1/bin/../lib/gcc/arm-none-eabi/13.2.1/thumb/v7-m/nofp/crtn.o
 *(.fini)
 .fini          0x08004938        0x4 C:/Users/matve/Desktop/STM_Tools/xpack-arm-none-eabi-gcc-13.2.1-1.1/bin/../lib/gcc/arm-none-eabi/13.2.1/thumb/v7-m/nofp/crti.o
                0x08004938                _fini
 .fini          0x0800493c        0x8 C:/Users/matve/Desktop/STM_Tools/xpack-arm-none-eabi-gcc-13.2.1-1.1/bin/../lib/gcc/arm-none-eabi/13.2.1/thumb/v7-m/nofp/crtn.o
                0x08004944                        . = ALIGN (0x4)
                0x08004944                        _etext = .

.vfp11_veneer   0x08004944        0x0
 .vfp11_veneer  0x08004944        0x0 linker stubs

.v4_bx          0x08004944        0x0
 .v4_bx         0x08004944        0x0 linker stubs

.iplt           0x08004944        0x0
 .iplt          0x08004944        0x0 C:/Users/matve/Desktop/STM_Tools/xpack-arm-none-eabi-gcc-13.2.1-1.1/bin/../lib/gcc/arm-none-eabi/13.2.1/thumb/v7-m/nofp/crtbegin.o

.rodata         0x08004944       0x6c
                0x08004944                        . = ALIGN (0x4)
 *(.rodata)
 *(.rodata*)
 .rodata.aPredivFactorTable.0
                0x08004944        0x2 build/release/stm32f1xx_hal_rcc.o
 *fill*         0x08004946        0x2 
 .rodata.aPLLMULFactorTable.1
                0x08004948       0x10 build/release/stm32f1xx_hal_rcc.o
 .rodata.AHBPrescTable
                0x08004958       0x10 build/release/system_stm32f1xx.o
                0x08004958                AHBPrescTable
 .rodata.USBD_FS_ProductStrDescriptor.str1.4
                0x08004968       0x46 build/release/usbd_desc.o
                                 0x16 (size before relaxing)
 .rodata.USBD_FS_ManufacturerStrDescriptor.str1.4
                0x080049ae       0x13 build/release/usbd_desc.o
 .rodata.USBD_FS_ConfigStrDescriptor.str1.4
                0x080049ae        0xb build/release/usbd_desc.o
 .rodata.USBD_FS_InterfaceStrDescriptor.str1.4
                0x080049ae        0xe build/release/usbd_desc.o
                0x080049c4                        . = ALIGN (0x4)
 *fill*         0x080049ae        0x2 

.rel.dyn        0x080049b0        0x0
 .rel.iplt      0x080049b0        0x0 C:/Users/matve/Desktop/STM_Tools/xpack-arm-none-eabi-gcc-13.2.1-1.1/bin/../lib/gcc/arm-none-eabi/13.2.1/thumb/v7-m/nofp/crtbegin.o

.ARM.extab
 *(.ARM.extab* .gnu.linkonce.armextab.*)

.ARM            0x080049b0        0x0
                0x080049b0                        __exidx_start = .
 *(.ARM.exidx*)
                0x080049b0                        __exidx_end = .

.preinit_array  0x080049b0        0x0
                0x080049b0                        PROVIDE (__preinit_array_start = .)
 *(.preinit_array*)
                0x080049b0                        PROVIDE (__preinit_array_end = .)

.init_array     0x080049b0        0x4
                0x080049b0                        PROVIDE (__init_array_start = .)
 *(SORT_BY_NAME(.init_array.*))
 *(.init_array*)
 .init_array    0x080049b0        0x4 C:/Users/matve/Desktop/STM_Tools/xpack-arm-none-eabi-gcc-13.2.1-1.1/bin/../lib/gcc/arm-none-eabi/13.2.1/thumb/v7-m/nofp/crtbegin.o
                0x080049b4                        PROVIDE (__init_array_end = .)

.fini_array     0x080049b4        0x4
                0x080049b4                        PROVIDE (__fini_array_start = .)
 *(SORT_BY_NAME(.fini_array.*))
 *(.fini_array*)
 .fini_array    0x080049b4        0x4 C:/Users/matve/Desktop/STM_Tools/xpack-arm-none-eabi-gcc-13.2.1-1.1/bin/../lib/gcc/arm-none-eabi/13.2.1/thumb/v7-m/nofp/crtbegin.o
                0x080049b8                        PROVIDE (__fini_array_end = .)
                0x080049b8                        _sidata = LOADADDR (.data)

.data           0x20000000      0x17c load address 0x080049b8
                0x20000000                        . = ALIGN (0x4)
                0x20000000                        _sdata = .
 *(.data)
 *(.data*)
 .data.uwTickFreq
                0x20000000        0x1 build/release/stm32f1xx_hal.o
                0x20000000                uwTickFreq
 *fill*         0x20000001        0x3 
 .data.uwTickPrio
                0x20000004        0x4 build/release/stm32f1xx_hal.o
                0x20000004                uwTickPrio
 .data.SystemCoreClock
                0x20000008        0x4 build/release/system_stm32f1xx.o
                0x20000008                SystemCoreClock
 .data.USBD_CDC_OtherSpeedCfgDesc
                0x2000000c       0x43 build/release/usbd_cdc.o
                0x2000000c                USBD_CDC_OtherSpeedCfgDesc
 *fill*         0x2000004f        0x1 
 .data.USBD_CDC_CfgFSDesc
                0x20000050       0x43 build/release/usbd_cdc.o
                0x20000050                USBD_CDC_CfgFSDesc
 *fill*         0x20000093        0x1 
 .data.USBD_CDC_CfgHSDesc
                0x20000094       0x43 build/release/usbd_cdc.o
                0x20000094                USBD_CDC_CfgHSDesc
 *fill*         0x200000d7        0x1 
 .data.USBD_CDC
                0x200000d8       0x38 build/release/usbd_cdc.o
                0x200000d8                USBD_CDC
 .data.USBD_CDC_DeviceQualifierDesc
                0x20000110        0xa build/release/usbd_cdc.o
 *fill*         0x2000011a        0x2 
 .data.USBD_Interface_fops_FS
                0x2000011c       0x10 build/release/usbd_cdc_if.o
                0x2000011c                USBD_Interface_fops_FS
 .data.USBD_StringSerial
                0x2000012c       0x1a build/release/usbd_desc.o
                0x2000012c                USBD_StringSerial
 *fill*         0x20000146        0x2 
 .data.USBD_LangIDDesc
                0x20000148        0x4 build/release/usbd_desc.o
                0x20000148                USBD_LangIDDesc
 .data.USBD_FS_DeviceDesc
                0x2000014c       0x12 build/release/usbd_desc.o
                0x2000014c                USBD_FS_DeviceDesc
 *fill*         0x2000015e        0x2 
 .data.FS_Desc  0x20000160       0x1c build/release/usbd_desc.o
                0x20000160                FS_Desc
                0x2000017c                        . = ALIGN (0x4)
                0x2000017c                        _edata = .

.igot.plt       0x2000017c        0x0 load address 0x08004b34
 .igot.plt      0x2000017c        0x0 C:/Users/matve/Desktop/STM_Tools/xpack-arm-none-eabi-gcc-13.2.1-1.1/bin/../lib/gcc/arm-none-eabi/13.2.1/thumb/v7-m/nofp/crtbegin.o
                0x2000017c                        . = ALIGN (0x4)

.bss            0x2000017c     0x1318 load address 0x08004b34
                0x2000017c                        _sbss = .
                0x2000017c                        __bss_start__ = _sbss
 *(.bss)
 *(.bss*)
 .bss.completed.1
                0x2000017c        0x1 C:/Users/matve/Desktop/STM_Tools/xpack-arm-none-eabi-gcc-13.2.1-1.1/bin/../lib/gcc/arm-none-eabi/13.2.1/thumb/v7-m/nofp/crtbegin.o
 *fill*         0x2000017d        0x3 
 .bss.object.0  0x20000180       0x18 C:/Users/matve/Desktop/STM_Tools/xpack-arm-none-eabi-gcc-13.2.1-1.1/bin/../lib/gcc/arm-none-eabi/13.2.1/thumb/v7-m/nofp/crtbegin.o
 .bss.htim4     0x20000198       0x48 build/release/main.o
                0x20000198                htim4
 .bss.htim3     0x200001e0       0x48 build/release/main.o
                0x200001e0                htim3
 .bss.htim2     0x20000228       0x48 build/release/main.o
                0x20000228                htim2
 .bss.htim1     0x20000270       0x48 build/release/main.o
                0x20000270                htim1
 .bss.uwTick    0x200002b8        0x4 build/release/stm32f1xx_hal.o
                0x200002b8                uwTick
 .bss.hUsbDeviceFS
                0x200002bc      0x2c4 build/release/usb_device.o
                0x200002bc                hUsbDeviceFS
 .bss.UserTxBufferFS
                0x20000580      0x400 build/release/usbd_cdc_if.o
                0x20000580                UserTxBufferFS
 .bss.UserRxBufferFS
                0x20000980      0x400 build/release/usbd_cdc_if.o
                0x20000980                UserRxBufferFS
 .bss.mem.0     0x20000d80      0x220 build/release/usbd_conf.o
 .bss.hpcd_USB_FS
                0x20000fa0      0x2f0 build/release/usbd_conf.o
                0x20000fa0                hpcd_USB_FS
 .bss.cfgidx.0  0x20001290        0x1 build/release/usbd_ctlreq.o
 *fill*         0x20001291        0x3 
 .bss.USBD_StrDesc
                0x20001294      0x200 build/release/usbd_desc.o
                0x20001294                USBD_StrDesc
 *(COMMON)
                0x20001494                        . = ALIGN (0x4)
                0x20001494                        _ebss = .
                0x20001494                        __bss_end__ = _ebss

._user_heap_stack
                0x20001494      0x604 load address 0x08004b34
                0x20001498                        . = ALIGN (0x8)
 *fill*         0x20001494        0x4 
                [!provide]                        PROVIDE (end = .)
                0x20001498                        PROVIDE (_end = .)
                0x20001698                        . = (. + _Min_Heap_Size)
 *fill*         0x20001498      0x200 
                0x20001a98                        . = (. + _Min_Stack_Size)
 *fill*         0x20001698      0x400 
                0x20001a98                        . = ALIGN (0x8)

/DISCARD/
 libc.a(*)
 libm.a(*)
 libgcc.a(*)

.ARM.attributes
                0x00000000       0x29
 *(.ARM.attributes)
 .ARM.attributes
                0x00000000       0x1d C:/Users/matve/Desktop/STM_Tools/xpack-arm-none-eabi-gcc-13.2.1-1.1/bin/../lib/gcc/arm-none-eabi/13.2.1/thumb/v7-m/nofp/crti.o
 .ARM.attributes
                0x0000001d       0x2d C:/Users/matve/Desktop/STM_Tools/xpack-arm-none-eabi-gcc-13.2.1-1.1/bin/../lib/gcc/arm-none-eabi/13.2.1/thumb/v7-m/nofp/crtbegin.o
 .ARM.attributes
                0x0000004a       0x2d build/release/main.o
 .ARM.attributes
                0x00000077       0x2d build/release/stm32f1xx_hal.o
 .ARM.attributes
                0x000000a4       0x2d build/release/stm32f1xx_hal_cortex.o
 .ARM.attributes
                0x000000d1       0x2d build/release/stm32f1xx_hal_gpio.o
 .ARM.attributes
                0x000000fe       0x2d build/release/stm32f1xx_hal_msp.o
 .ARM.attributes
                0x0000012b       0x2d build/release/stm32f1xx_hal_pcd.o
 .ARM.attributes
                0x00000158       0x2d build/release/stm32f1xx_hal_pcd_ex.o
 .ARM.attributes
                0x00000185       0x2d build/release/stm32f1xx_hal_rcc.o
 .ARM.attributes
                0x000001b2       0x2d build/release/stm32f1xx_hal_rcc_ex.o
 .ARM.attributes
                0x000001df       0x2d build/release/stm32f1xx_hal_tim.o
 .ARM.attributes
                0x0000020c       0x2d build/release/stm32f1xx_hal_tim_ex.o
 .ARM.attributes
                0x00000239       0x2d build/release/stm32f1xx_it.o
 .ARM.attributes
                0x00000266       0x2d build/release/stm32f1xx_ll_usb.o
 .ARM.attributes
                0x00000293       0x2d build/release/system_stm32f1xx.o
 .ARM.attributes
                0x000002c0       0x2d build/release/usb_device.o
 .ARM.attributes
                0x000002ed       0x2d build/release/usbd_cdc.o
 .ARM.attributes
                0x0000031a       0x2d build/release/usbd_cdc_if.o
 .ARM.attributes
                0x00000347       0x2d build/release/usbd_conf.o
 .ARM.attributes
                0x00000374       0x2d build/release/usbd_core.o
 .ARM.attributes
                0x000003a1       0x2d build/release/usbd_ctlreq.o
 .ARM.attributes
                0x000003ce       0x2d build/release/usbd_desc.o
 .ARM.attributes
                0x000003fb       0x2d build/release/usbd_ioreq.o
 .ARM.attributes
                0x00000428       0x21 build/release/startup_stm32f103xb.o
 .ARM.attributes
                0x00000449       0x2d C:/Users/matve/Desktop/STM_Tools/xpack-arm-none-eabi-gcc-13.2.1-1.1/bin/../lib/gcc/arm-none-eabi/13.2.1/../../../../arm-none-eabi/lib/thumb/v7-m/nofp\libc_nano.a(libc_a-memset.o)
 .ARM.attributes
                0x00000476       0x2d C:/Users/matve/Desktop/STM_Tools/xpack-arm-none-eabi-gcc-13.2.1-1.1/bin/../lib/gcc/arm-none-eabi/13.2.1/../../../../arm-none-eabi/lib/thumb/v7-m/nofp\libc_nano.a(libc_a-init.o)
 .ARM.attributes
                0x000004a3       0x1d C:/Users/matve/Desktop/STM_Tools/xpack-arm-none-eabi-gcc-13.2.1-1.1/bin/../lib/gcc/arm-none-eabi/13.2.1/thumb/v7-m/nofp/crtn.o
OUTPUT(build/release/Wheel_1.elf elf32-littlearm)
LOAD linker stubs
LOAD C:/Users/matve/Desktop/STM_Tools/xpack-arm-none-eabi-gcc-13.2.1-1.1/bin/../lib/gcc/arm-none-eabi/13.2.1/../../../../arm-none-eabi/lib/thumb/v7-m/nofp\libc.a
LOAD C:/Users/matve/Desktop/STM_Tools/xpack-arm-none-eabi-gcc-13.2.1-1.1/bin/../lib/gcc/arm-none-eabi/13.2.1/../../../../arm-none-eabi/lib/thumb/v7-m/nofp\libm.a
LOAD C:/Users/matve/Desktop/STM_Tools/xpack-arm-none-eabi-gcc-13.2.1-1.1/bin/../lib/gcc/arm-none-eabi/13.2.1/thumb/v7-m/nofp\libgcc.a

.comment        0x00000000       0x39
 .comment       0x00000000       0x39 C:/Users/matve/Desktop/STM_Tools/xpack-arm-none-eabi-gcc-13.2.1-1.1/bin/../lib/gcc/arm-none-eabi/13.2.1/thumb/v7-m/nofp/crtbegin.o
                                 0x3a (size before relaxing)
 .comment       0x00000039       0x3a build/release/main.o
 .comment       0x00000039       0x3a build/release/stm32f1xx_hal.o
 .comment       0x00000039       0x3a build/release/stm32f1xx_hal_cortex.o
 .comment       0x00000039       0x3a build/release/stm32f1xx_hal_gpio.o
 .comment       0x00000039       0x3a build/release/stm32f1xx_hal_msp.o
 .comment       0x00000039       0x3a build/release/stm32f1xx_hal_pcd.o
 .comment       0x00000039       0x3a build/release/stm32f1xx_hal_pcd_ex.o
 .comment       0x00000039       0x3a build/release/stm32f1xx_hal_rcc.o
 .comment       0x00000039       0x3a build/release/stm32f1xx_hal_rcc_ex.o
 .comment       0x00000039       0x3a build/release/stm32f1xx_hal_tim.o
 .comment       0x00000039       0x3a build/release/stm32f1xx_hal_tim_ex.o
 .comment       0x00000039       0x3a build/release/stm32f1xx_it.o
 .comment       0x00000039       0x3a build/release/stm32f1xx_ll_usb.o
 .comment       0x00000039       0x3a build/release/system_stm32f1xx.o
 .comment       0x00000039       0x3a build/release/usb_device.o
 .comment       0x00000039       0x3a build/release/usbd_cdc.o
 .comment       0x00000039       0x3a build/release/usbd_cdc_if.o
 .comment       0x00000039       0x3a build/release/usbd_conf.o
 .comment       0x00000039       0x3a build/release/usbd_core.o
 .comment       0x00000039       0x3a build/release/usbd_ctlreq.o
 .comment       0x00000039       0x3a build/release/usbd_desc.o
 .comment       0x00000039       0x3a build/release/usbd_ioreq.o
 .comment       0x00000039       0x3a C:/Users/matve/Desktop/STM_Tools/xpack-arm-none-eabi-gcc-13.2.1-1.1/bin/../lib/gcc/arm-none-eabi/13.2.1/../../../../arm-none-eabi/lib/thumb/v7-m/nofp\libc_nano.a(libc_a-memset.o)
 .comment       0x00000039       0x3a C:/Users/matve/Desktop/STM_Tools/xpack-arm-none-eabi-gcc-13.2.1-1.1/bin/../lib/gcc/arm-none-eabi/13.2.1/../../../../arm-none-eabi/lib/thumb/v7-m/nofp\libc_nano.a(libc_a-init.o)

Cross Reference Table

Symbol                                            File
ADC1_2_IRQHandler                                 build/release/startup_stm32f103xb.o
AHBPrescTable                                     build/release/system_stm32f1xx.o
                                                  build/release/stm32f1xx_hal_rcc.o
APBPrescTable                                     build/release/system_stm32f1xx.o
                                                  build/release/stm32f1xx_hal_rcc.o
BusFault_Handler                                  build/release/stm32f1xx_it.o
CAN1_RX1_IRQHandler                               build/release/startup_stm32f103xb.o
CAN1_SCE_IRQHandler                               build/release/startup_stm32f103xb.o
CDC_Transmit_FS                                   build/release/usbd_cdc_if.o
DMA1_Channel1_IRQHandler                          build/release/startup_stm32f103xb.o
DMA1_Channel2_IRQHandler                          build/release/startup_stm32f103xb.o
DMA1_Channel3_IRQHandler                          build/release/startup_stm32f103xb.o
DMA1_Channel4_IRQHandler                          build/release/startup_stm32f103xb.o
DMA1_Channel5_IRQHandler                          build/release/startup_stm32f103xb.o
DMA1_Channel6_IRQHandler                          build/release/startup_stm32f103xb.o
DMA1_Channel7_IRQHandler                          build/release/startup_stm32f103xb.o
DebugMon_Handler                                  build/release/stm32f1xx_it.o
Default_Handler                                   build/release/startup_stm32f103xb.o
EXTI0_IRQHandler                                  build/release/startup_stm32f103xb.o
EXTI15_10_IRQHandler                              build/release/startup_stm32f103xb.o
EXTI1_IRQHandler                                  build/release/startup_stm32f103xb.o
EXTI2_IRQHandler                                  build/release/startup_stm32f103xb.o
EXTI3_IRQHandler                                  build/release/startup_stm32f103xb.o
EXTI4_IRQHandler                                  build/release/startup_stm32f103xb.o
EXTI9_5_IRQHandler                                build/release/startup_stm32f103xb.o
Error_Handler                                     build/release/main.o
                                                  build/release/usbd_conf.o
                                                  build/release/usb_device.o
FLASH_IRQHandler                                  build/release/startup_stm32f103xb.o
FLASH_PageErase                                   build/release/stm32f1xx_hal_flash_ex.o
                                                  build/release/stm32f1xx_hal_flash.o
FLASH_WaitForLastOperation                        build/release/stm32f1xx_hal_flash.o
                                                  build/release/stm32f1xx_hal_flash_ex.o
FS_Desc                                           build/release/usbd_desc.o
                                                  build/release/usb_device.o
HAL_DBGMCU_DisableDBGSleepMode                    build/release/stm32f1xx_hal.o
HAL_DBGMCU_DisableDBGStandbyMode                  build/release/stm32f1xx_hal.o
HAL_DBGMCU_DisableDBGStopMode                     build/release/stm32f1xx_hal.o
HAL_DBGMCU_EnableDBGSleepMode                     build/release/stm32f1xx_hal.o
HAL_DBGMCU_EnableDBGStandbyMode                   build/release/stm32f1xx_hal.o
HAL_DBGMCU_EnableDBGStopMode                      build/release/stm32f1xx_hal.o
HAL_DMA_Abort                                     build/release/stm32f1xx_hal_dma.o
HAL_DMA_Abort_IT                                  build/release/stm32f1xx_hal_dma.o
                                                  build/release/stm32f1xx_hal_tim_ex.o
                                                  build/release/stm32f1xx_hal_tim.o
HAL_DMA_DeInit                                    build/release/stm32f1xx_hal_dma.o
HAL_DMA_GetError                                  build/release/stm32f1xx_hal_dma.o
HAL_DMA_GetState                                  build/release/stm32f1xx_hal_dma.o
HAL_DMA_IRQHandler                                build/release/stm32f1xx_hal_dma.o
HAL_DMA_Init                                      build/release/stm32f1xx_hal_dma.o
HAL_DMA_PollForTransfer                           build/release/stm32f1xx_hal_dma.o
HAL_DMA_RegisterCallback                          build/release/stm32f1xx_hal_dma.o
HAL_DMA_Start                                     build/release/stm32f1xx_hal_dma.o
HAL_DMA_Start_IT                                  build/release/stm32f1xx_hal_dma.o
                                                  build/release/stm32f1xx_hal_tim_ex.o
                                                  build/release/stm32f1xx_hal_tim.o
HAL_DMA_UnRegisterCallback                        build/release/stm32f1xx_hal_dma.o
HAL_DeInit                                        build/release/stm32f1xx_hal.o
HAL_Delay                                         build/release/stm32f1xx_hal.o
                                                  build/release/usbd_conf.o
HAL_EXTI_ClearConfigLine                          build/release/stm32f1xx_hal_exti.o
HAL_EXTI_ClearPending                             build/release/stm32f1xx_hal_exti.o
HAL_EXTI_GenerateSWI                              build/release/stm32f1xx_hal_exti.o
HAL_EXTI_GetConfigLine                            build/release/stm32f1xx_hal_exti.o
HAL_EXTI_GetHandle                                build/release/stm32f1xx_hal_exti.o
HAL_EXTI_GetPending                               build/release/stm32f1xx_hal_exti.o
HAL_EXTI_IRQHandler                               build/release/stm32f1xx_hal_exti.o
HAL_EXTI_RegisterCallback                         build/release/stm32f1xx_hal_exti.o
HAL_EXTI_SetConfigLine                            build/release/stm32f1xx_hal_exti.o
HAL_FLASHEx_Erase                                 build/release/stm32f1xx_hal_flash_ex.o
HAL_FLASHEx_Erase_IT                              build/release/stm32f1xx_hal_flash_ex.o
HAL_FLASHEx_OBErase                               build/release/stm32f1xx_hal_flash_ex.o
HAL_FLASHEx_OBGetConfig                           build/release/stm32f1xx_hal_flash_ex.o
HAL_FLASHEx_OBGetUserData                         build/release/stm32f1xx_hal_flash_ex.o
HAL_FLASHEx_OBProgram                             build/release/stm32f1xx_hal_flash_ex.o
HAL_FLASH_EndOfOperationCallback                  build/release/stm32f1xx_hal_flash.o
HAL_FLASH_GetError                                build/release/stm32f1xx_hal_flash.o
HAL_FLASH_IRQHandler                              build/release/stm32f1xx_hal_flash.o
HAL_FLASH_Lock                                    build/release/stm32f1xx_hal_flash.o
HAL_FLASH_OB_Launch                               build/release/stm32f1xx_hal_flash.o
HAL_FLASH_OB_Lock                                 build/release/stm32f1xx_hal_flash.o
HAL_FLASH_OB_Unlock                               build/release/stm32f1xx_hal_flash.o
HAL_FLASH_OperationErrorCallback                  build/release/stm32f1xx_hal_flash.o
HAL_FLASH_Program                                 build/release/stm32f1xx_hal_flash.o
HAL_FLASH_Program_IT                              build/release/stm32f1xx_hal_flash.o
HAL_FLASH_Unlock                                  build/release/stm32f1xx_hal_flash.o
HAL_GPIOEx_ConfigEventout                         build/release/stm32f1xx_hal_gpio_ex.o
HAL_GPIOEx_DisableEventout                        build/release/stm32f1xx_hal_gpio_ex.o
HAL_GPIOEx_EnableEventout                         build/release/stm32f1xx_hal_gpio_ex.o
HAL_GPIO_DeInit                                   build/release/stm32f1xx_hal_gpio.o
                                                  build/release/stm32f1xx_hal_msp.o
HAL_GPIO_EXTI_Callback                            build/release/stm32f1xx_hal_gpio.o
HAL_GPIO_EXTI_IRQHandler                          build/release/stm32f1xx_hal_gpio.o
HAL_GPIO_Init                                     build/release/stm32f1xx_hal_gpio.o
                                                  build/release/stm32f1xx_hal_rcc.o
                                                  build/release/stm32f1xx_hal_msp.o
                                                  build/release/main.o
HAL_GPIO_LockPin                                  build/release/stm32f1xx_hal_gpio.o
HAL_GPIO_ReadPin                                  build/release/stm32f1xx_hal_gpio.o
HAL_GPIO_TogglePin                                build/release/stm32f1xx_hal_gpio.o
HAL_GPIO_WritePin                                 build/release/stm32f1xx_hal_gpio.o
                                                  build/release/main.o
HAL_GetDEVID                                      build/release/stm32f1xx_hal.o
HAL_GetHalVersion                                 build/release/stm32f1xx_hal.o
HAL_GetREVID                                      build/release/stm32f1xx_hal.o
HAL_GetTick                                       build/release/stm32f1xx_hal.o
                                                  build/release/stm32f1xx_hal_rcc_ex.o
                                                  build/release/stm32f1xx_hal_rcc.o
                                                  build/release/stm32f1xx_hal_flash.o
                                                  build/release/stm32f1xx_hal_dma.o
HAL_GetTickFreq                                   build/release/stm32f1xx_hal.o
HAL_GetTickPrio                                   build/release/stm32f1xx_hal.o
HAL_GetUIDw0                                      build/release/stm32f1xx_hal.o
HAL_GetUIDw1                                      build/release/stm32f1xx_hal.o
HAL_GetUIDw2                                      build/release/stm32f1xx_hal.o
HAL_IncTick                                       build/release/stm32f1xx_hal.o
                                                  build/release/stm32f1xx_it.o
HAL_Init                                          build/release/stm32f1xx_hal.o
                                                  build/release/main.o
HAL_InitTick                                      build/release/stm32f1xx_hal.o
                                                  build/release/stm32f1xx_hal_rcc.o
HAL_MspDeInit                                     build/release/stm32f1xx_hal.o
HAL_MspInit                                       build/release/stm32f1xx_hal_msp.o
                                                  build/release/stm32f1xx_hal.o
HAL_NVIC_ClearPendingIRQ                          build/release/stm32f1xx_hal_cortex.o
HAL_NVIC_DisableIRQ                               build/release/stm32f1xx_hal_cortex.o
                                                  build/release/usbd_conf.o
                                                  build/release/stm32f1xx_hal_msp.o
HAL_NVIC_EnableIRQ                                build/release/stm32f1xx_hal_cortex.o
                                                  build/release/usbd_conf.o
                                                  build/release/stm32f1xx_hal_msp.o
HAL_NVIC_GetActive                                build/release/stm32f1xx_hal_cortex.o
HAL_NVIC_GetPendingIRQ                            build/release/stm32f1xx_hal_cortex.o
HAL_NVIC_GetPriority                              build/release/stm32f1xx_hal_cortex.o
HAL_NVIC_GetPriorityGrouping                      build/release/stm32f1xx_hal_cortex.o
HAL_NVIC_SetPendingIRQ                            build/release/stm32f1xx_hal_cortex.o
HAL_NVIC_SetPriority                              build/release/stm32f1xx_hal_cortex.o
                                                  build/release/usbd_conf.o
                                                  build/release/stm32f1xx_hal_msp.o
                                                  build/release/stm32f1xx_hal.o
HAL_NVIC_SetPriorityGrouping                      build/release/stm32f1xx_hal_cortex.o
                                                  build/release/stm32f1xx_hal.o
HAL_NVIC_SystemReset                              build/release/stm32f1xx_hal_cortex.o
                                                  build/release/stm32f1xx_hal_flash.o
HAL_PCDEx_BCD_Callback                            build/release/stm32f1xx_hal_pcd_ex.o
HAL_PCDEx_LPM_Callback                            build/release/stm32f1xx_hal_pcd_ex.o
HAL_PCDEx_PMAConfig                               build/release/stm32f1xx_hal_pcd_ex.o
                                                  build/release/usbd_conf.o
HAL_PCDEx_SetConnectionState                      build/release/usbd_conf.o
                                                  build/release/stm32f1xx_hal_pcd_ex.o
                                                  build/release/stm32f1xx_hal_pcd.o
HAL_PCD_ActivateRemoteWakeup                      build/release/stm32f1xx_hal_pcd.o
HAL_PCD_ConnectCallback                           build/release/usbd_conf.o
                                                  build/release/stm32f1xx_hal_pcd.o
HAL_PCD_DataInStageCallback                       build/release/usbd_conf.o
                                                  build/release/stm32f1xx_hal_pcd.o
HAL_PCD_DataOutStageCallback                      build/release/usbd_conf.o
                                                  build/release/stm32f1xx_hal_pcd.o
HAL_PCD_DeActivateRemoteWakeup                    build/release/stm32f1xx_hal_pcd.o
HAL_PCD_DeInit                                    build/release/stm32f1xx_hal_pcd.o
                                                  build/release/usbd_conf.o
HAL_PCD_DevConnect                                build/release/stm32f1xx_hal_pcd.o
HAL_PCD_DevDisconnect                             build/release/stm32f1xx_hal_pcd.o
HAL_PCD_DisconnectCallback                        build/release/usbd_conf.o
                                                  build/release/stm32f1xx_hal_pcd.o
HAL_PCD_EP_Abort                                  build/release/stm32f1xx_hal_pcd.o
HAL_PCD_EP_Close                                  build/release/stm32f1xx_hal_pcd.o
                                                  build/release/usbd_conf.o
HAL_PCD_EP_ClrStall                               build/release/stm32f1xx_hal_pcd.o
                                                  build/release/usbd_conf.o
HAL_PCD_EP_Flush                                  build/release/stm32f1xx_hal_pcd.o
                                                  build/release/usbd_conf.o
HAL_PCD_EP_GetRxCount                             build/release/stm32f1xx_hal_pcd.o
                                                  build/release/usbd_conf.o
HAL_PCD_EP_Open                                   build/release/stm32f1xx_hal_pcd.o
                                                  build/release/usbd_conf.o
HAL_PCD_EP_Receive                                build/release/stm32f1xx_hal_pcd.o
                                                  build/release/usbd_conf.o
HAL_PCD_EP_SetStall                               build/release/stm32f1xx_hal_pcd.o
                                                  build/release/usbd_conf.o
HAL_PCD_EP_Transmit                               build/release/stm32f1xx_hal_pcd.o
                                                  build/release/usbd_conf.o
HAL_PCD_GetState                                  build/release/stm32f1xx_hal_pcd.o
HAL_PCD_IRQHandler                                build/release/stm32f1xx_hal_pcd.o
                                                  build/release/stm32f1xx_it.o
HAL_PCD_ISOINIncompleteCallback                   build/release/usbd_conf.o
                                                  build/release/stm32f1xx_hal_pcd.o
HAL_PCD_ISOOUTIncompleteCallback                  build/release/usbd_conf.o
                                                  build/release/stm32f1xx_hal_pcd.o
HAL_PCD_Init                                      build/release/stm32f1xx_hal_pcd.o
                                                  build/release/usbd_conf.o
HAL_PCD_MspDeInit                                 build/release/usbd_conf.o
                                                  build/release/stm32f1xx_hal_pcd.o
HAL_PCD_MspInit                                   build/release/usbd_conf.o
                                                  build/release/stm32f1xx_hal_pcd.o
HAL_PCD_ResetCallback                             build/release/usbd_conf.o
                                                  build/release/stm32f1xx_hal_pcd.o
HAL_PCD_ResumeCallback                            build/release/usbd_conf.o
                                                  build/release/stm32f1xx_hal_pcd.o
HAL_PCD_SOFCallback                               build/release/usbd_conf.o
                                                  build/release/stm32f1xx_hal_pcd.o
HAL_PCD_SetAddress                                build/release/stm32f1xx_hal_pcd.o
                                                  build/release/usbd_conf.o
HAL_PCD_SetupStageCallback                        build/release/usbd_conf.o
                                                  build/release/stm32f1xx_hal_pcd.o
HAL_PCD_Start                                     build/release/stm32f1xx_hal_pcd.o
                                                  build/release/usbd_conf.o
HAL_PCD_Stop                                      build/release/stm32f1xx_hal_pcd.o
                                                  build/release/usbd_conf.o
HAL_PCD_SuspendCallback                           build/release/usbd_conf.o
                                                  build/release/stm32f1xx_hal_pcd.o
HAL_PCD_WKUP_IRQHandler                           build/release/stm32f1xx_hal_pcd.o
HAL_PWR_ConfigPVD                                 build/release/stm32f1xx_hal_pwr.o
HAL_PWR_DeInit                                    build/release/stm32f1xx_hal_pwr.o
HAL_PWR_DisableBkUpAccess                         build/release/stm32f1xx_hal_pwr.o
HAL_PWR_DisablePVD                                build/release/stm32f1xx_hal_pwr.o
HAL_PWR_DisableSEVOnPend                          build/release/stm32f1xx_hal_pwr.o
HAL_PWR_DisableSleepOnExit                        build/release/stm32f1xx_hal_pwr.o
HAL_PWR_DisableWakeUpPin                          build/release/stm32f1xx_hal_pwr.o
HAL_PWR_EnableBkUpAccess                          build/release/stm32f1xx_hal_pwr.o
HAL_PWR_EnablePVD                                 build/release/stm32f1xx_hal_pwr.o
HAL_PWR_EnableSEVOnPend                           build/release/stm32f1xx_hal_pwr.o
HAL_PWR_EnableSleepOnExit                         build/release/stm32f1xx_hal_pwr.o
HAL_PWR_EnableWakeUpPin                           build/release/stm32f1xx_hal_pwr.o
HAL_PWR_EnterSLEEPMode                            build/release/stm32f1xx_hal_pwr.o
HAL_PWR_EnterSTANDBYMode                          build/release/stm32f1xx_hal_pwr.o
HAL_PWR_EnterSTOPMode                             build/release/stm32f1xx_hal_pwr.o
HAL_PWR_PVDCallback                               build/release/stm32f1xx_hal_pwr.o
HAL_PWR_PVD_IRQHandler                            build/release/stm32f1xx_hal_pwr.o
HAL_RCCEx_GetPeriphCLKConfig                      build/release/stm32f1xx_hal_rcc_ex.o
HAL_RCCEx_GetPeriphCLKFreq                        build/release/stm32f1xx_hal_rcc_ex.o
HAL_RCCEx_PeriphCLKConfig                         build/release/stm32f1xx_hal_rcc_ex.o
                                                  build/release/main.o
HAL_RCC_CSSCallback                               build/release/stm32f1xx_hal_rcc.o
HAL_RCC_ClockConfig                               build/release/stm32f1xx_hal_rcc.o
                                                  build/release/main.o
HAL_RCC_DeInit                                    build/release/stm32f1xx_hal_rcc.o
HAL_RCC_DisableCSS                                build/release/stm32f1xx_hal_rcc.o
HAL_RCC_EnableCSS                                 build/release/stm32f1xx_hal_rcc.o
HAL_RCC_GetClockConfig                            build/release/stm32f1xx_hal_rcc.o
HAL_RCC_GetHCLKFreq                               build/release/stm32f1xx_hal_rcc.o
HAL_RCC_GetOscConfig                              build/release/stm32f1xx_hal_rcc.o
HAL_RCC_GetPCLK1Freq                              build/release/stm32f1xx_hal_rcc.o
HAL_RCC_GetPCLK2Freq                              build/release/stm32f1xx_hal_rcc.o
                                                  build/release/stm32f1xx_hal_rcc_ex.o
HAL_RCC_GetSysClockFreq                           build/release/stm32f1xx_hal_rcc.o
HAL_RCC_MCOConfig                                 build/release/stm32f1xx_hal_rcc.o
HAL_RCC_NMI_IRQHandler                            build/release/stm32f1xx_hal_rcc.o
HAL_RCC_OscConfig                                 build/release/stm32f1xx_hal_rcc.o
                                                  build/release/main.o
HAL_ResumeTick                                    build/release/stm32f1xx_hal.o
HAL_SYSTICK_CLKSourceConfig                       build/release/stm32f1xx_hal_cortex.o
HAL_SYSTICK_Callback                              build/release/stm32f1xx_hal_cortex.o
HAL_SYSTICK_Config                                build/release/stm32f1xx_hal_cortex.o
                                                  build/release/stm32f1xx_hal.o
HAL_SYSTICK_IRQHandler                            build/release/stm32f1xx_hal_cortex.o
HAL_SetTickFreq                                   build/release/stm32f1xx_hal.o
HAL_SuspendTick                                   build/release/stm32f1xx_hal.o
HAL_TIMEx_BreakCallback                           build/release/stm32f1xx_hal_tim_ex.o
                                                  build/release/stm32f1xx_hal_tim.o
HAL_TIMEx_CommutCallback                          build/release/stm32f1xx_hal_tim_ex.o
                                                  build/release/stm32f1xx_hal_tim.o
HAL_TIMEx_CommutHalfCpltCallback                  build/release/stm32f1xx_hal_tim_ex.o
HAL_TIMEx_ConfigBreakDeadTime                     build/release/stm32f1xx_hal_tim_ex.o
HAL_TIMEx_ConfigCommutEvent                       build/release/stm32f1xx_hal_tim_ex.o
HAL_TIMEx_ConfigCommutEvent_DMA                   build/release/stm32f1xx_hal_tim_ex.o
HAL_TIMEx_ConfigCommutEvent_IT                    build/release/stm32f1xx_hal_tim_ex.o
HAL_TIMEx_GetChannelNState                        build/release/stm32f1xx_hal_tim_ex.o
HAL_TIMEx_HallSensor_DeInit                       build/release/stm32f1xx_hal_tim_ex.o
HAL_TIMEx_HallSensor_GetState                     build/release/stm32f1xx_hal_tim_ex.o
HAL_TIMEx_HallSensor_Init                         build/release/stm32f1xx_hal_tim_ex.o
HAL_TIMEx_HallSensor_MspDeInit                    build/release/stm32f1xx_hal_tim_ex.o
HAL_TIMEx_HallSensor_MspInit                      build/release/stm32f1xx_hal_tim_ex.o
HAL_TIMEx_HallSensor_Start                        build/release/stm32f1xx_hal_tim_ex.o
HAL_TIMEx_HallSensor_Start_DMA                    build/release/stm32f1xx_hal_tim_ex.o
HAL_TIMEx_HallSensor_Start_IT                     build/release/stm32f1xx_hal_tim_ex.o
HAL_TIMEx_HallSensor_Stop                         build/release/stm32f1xx_hal_tim_ex.o
HAL_TIMEx_HallSensor_Stop_DMA                     build/release/stm32f1xx_hal_tim_ex.o
HAL_TIMEx_HallSensor_Stop_IT                      build/release/stm32f1xx_hal_tim_ex.o
HAL_TIMEx_MasterConfigSynchronization             build/release/stm32f1xx_hal_tim_ex.o
                                                  build/release/main.o
HAL_TIMEx_OCN_Start                               build/release/stm32f1xx_hal_tim_ex.o
HAL_TIMEx_OCN_Start_DMA                           build/release/stm32f1xx_hal_tim_ex.o
HAL_TIMEx_OCN_Start_IT                            build/release/stm32f1xx_hal_tim_ex.o
HAL_TIMEx_OCN_Stop                                build/release/stm32f1xx_hal_tim_ex.o
HAL_TIMEx_OCN_Stop_DMA                            build/release/stm32f1xx_hal_tim_ex.o
HAL_TIMEx_OCN_Stop_IT                             build/release/stm32f1xx_hal_tim_ex.o
HAL_TIMEx_OnePulseN_Start                         build/release/stm32f1xx_hal_tim_ex.o
HAL_TIMEx_OnePulseN_Start_IT                      build/release/stm32f1xx_hal_tim_ex.o
HAL_TIMEx_OnePulseN_Stop                          build/release/stm32f1xx_hal_tim_ex.o
HAL_TIMEx_OnePulseN_Stop_IT                       build/release/stm32f1xx_hal_tim_ex.o
HAL_TIMEx_PWMN_Start                              build/release/stm32f1xx_hal_tim_ex.o
HAL_TIMEx_PWMN_Start_DMA                          build/release/stm32f1xx_hal_tim_ex.o
HAL_TIMEx_PWMN_Start_IT                           build/release/stm32f1xx_hal_tim_ex.o
HAL_TIMEx_PWMN_Stop                               build/release/stm32f1xx_hal_tim_ex.o
HAL_TIMEx_PWMN_Stop_DMA                           build/release/stm32f1xx_hal_tim_ex.o
HAL_TIMEx_PWMN_Stop_IT                            build/release/stm32f1xx_hal_tim_ex.o
HAL_TIMEx_RemapConfig                             build/release/stm32f1xx_hal_tim_ex.o
HAL_TIM_Base_DeInit                               build/release/stm32f1xx_hal_tim.o
HAL_TIM_Base_GetState                             build/release/stm32f1xx_hal_tim.o
HAL_TIM_Base_Init                                 build/release/stm32f1xx_hal_tim.o
                                                  build/release/main.o
HAL_TIM_Base_MspDeInit                            build/release/stm32f1xx_hal_msp.o
HAL_TIM_Base_MspInit                              build/release/stm32f1xx_hal_msp.o
HAL_TIM_Base_Start                                build/release/stm32f1xx_hal_tim.o
HAL_TIM_Base_Start_DMA                            build/release/stm32f1xx_hal_tim.o
HAL_TIM_Base_Start_IT                             build/release/stm32f1xx_hal_tim.o
HAL_TIM_Base_Stop                                 build/release/stm32f1xx_hal_tim.o
HAL_TIM_Base_Stop_DMA                             build/release/stm32f1xx_hal_tim.o
HAL_TIM_Base_Stop_IT                              build/release/stm32f1xx_hal_tim.o
HAL_TIM_ConfigClockSource                         build/release/stm32f1xx_hal_tim.o
                                                  build/release/main.o
HAL_TIM_ConfigOCrefClear                          build/release/stm32f1xx_hal_tim.o
HAL_TIM_ConfigTI1Input                            build/release/stm32f1xx_hal_tim.o
HAL_TIM_DMABurstState                             build/release/stm32f1xx_hal_tim.o
HAL_TIM_DMABurst_MultiReadStart                   build/release/stm32f1xx_hal_tim.o
HAL_TIM_DMABurst_MultiWriteStart                  build/release/stm32f1xx_hal_tim.o
HAL_TIM_DMABurst_ReadStart                        build/release/stm32f1xx_hal_tim.o
HAL_TIM_DMABurst_ReadStop                         build/release/stm32f1xx_hal_tim.o
HAL_TIM_DMABurst_WriteStart                       build/release/stm32f1xx_hal_tim.o
HAL_TIM_DMABurst_WriteStop                        build/release/stm32f1xx_hal_tim.o
HAL_TIM_Encoder_DeInit                            build/release/stm32f1xx_hal_tim.o
HAL_TIM_Encoder_GetState                          build/release/stm32f1xx_hal_tim.o
HAL_TIM_Encoder_Init                              build/release/stm32f1xx_hal_tim.o
                                                  build/release/main.o
HAL_TIM_Encoder_MspDeInit                         build/release/stm32f1xx_hal_msp.o
HAL_TIM_Encoder_MspInit                           build/release/stm32f1xx_hal_msp.o
HAL_TIM_Encoder_Start                             build/release/stm32f1xx_hal_tim.o
HAL_TIM_Encoder_Start_DMA                         build/release/stm32f1xx_hal_tim.o
HAL_TIM_Encoder_Start_IT                          build/release/stm32f1xx_hal_tim.o
HAL_TIM_Encoder_Stop                              build/release/stm32f1xx_hal_tim.o
HAL_TIM_Encoder_Stop_DMA                          build/release/stm32f1xx_hal_tim.o
HAL_TIM_Encoder_Stop_IT                           build/release/stm32f1xx_hal_tim.o
HAL_TIM_ErrorCallback                             build/release/stm32f1xx_hal_tim.o
                                                  build/release/stm32f1xx_hal_tim_ex.o
HAL_TIM_GenerateEvent                             build/release/stm32f1xx_hal_tim.o
HAL_TIM_GetActiveChannel                          build/release/stm32f1xx_hal_tim.o
HAL_TIM_GetChannelState                           build/release/stm32f1xx_hal_tim.o
HAL_TIM_IC_CaptureCallback                        build/release/stm32f1xx_hal_tim.o
HAL_TIM_IC_CaptureHalfCpltCallback                build/release/stm32f1xx_hal_tim.o
HAL_TIM_IC_ConfigChannel                          build/release/stm32f1xx_hal_tim.o
HAL_TIM_IC_DeInit                                 build/release/stm32f1xx_hal_tim.o
HAL_TIM_IC_GetState                               build/release/stm32f1xx_hal_tim.o
HAL_TIM_IC_Init                                   build/release/stm32f1xx_hal_tim.o
HAL_TIM_IC_MspDeInit                              build/release/stm32f1xx_hal_tim.o
HAL_TIM_IC_MspInit                                build/release/stm32f1xx_hal_tim.o
HAL_TIM_IC_Start                                  build/release/stm32f1xx_hal_tim.o
HAL_TIM_IC_Start_DMA                              build/release/stm32f1xx_hal_tim.o
HAL_TIM_IC_Start_IT                               build/release/stm32f1xx_hal_tim.o
HAL_TIM_IC_Stop                                   build/release/stm32f1xx_hal_tim.o
HAL_TIM_IC_Stop_DMA                               build/release/stm32f1xx_hal_tim.o
HAL_TIM_IC_Stop_IT                                build/release/stm32f1xx_hal_tim.o
HAL_TIM_IRQHandler                                build/release/stm32f1xx_hal_tim.o
                                                  build/release/stm32f1xx_it.o
HAL_TIM_MspPostInit                               build/release/stm32f1xx_hal_msp.o
                                                  build/release/main.o
HAL_TIM_OC_ConfigChannel                          build/release/stm32f1xx_hal_tim.o
HAL_TIM_OC_DeInit                                 build/release/stm32f1xx_hal_tim.o
HAL_TIM_OC_DelayElapsedCallback                   build/release/stm32f1xx_hal_tim.o
HAL_TIM_OC_GetState                               build/release/stm32f1xx_hal_tim.o
HAL_TIM_OC_Init                                   build/release/stm32f1xx_hal_tim.o
HAL_TIM_OC_MspDeInit                              build/release/stm32f1xx_hal_tim.o
HAL_TIM_OC_MspInit                                build/release/stm32f1xx_hal_tim.o
HAL_TIM_OC_Start                                  build/release/stm32f1xx_hal_tim.o
HAL_TIM_OC_Start_DMA                              build/release/stm32f1xx_hal_tim.o
HAL_TIM_OC_Start_IT                               build/release/stm32f1xx_hal_tim.o
HAL_TIM_OC_Stop                                   build/release/stm32f1xx_hal_tim.o
HAL_TIM_OC_Stop_DMA                               build/release/stm32f1xx_hal_tim.o
HAL_TIM_OC_Stop_IT                                build/release/stm32f1xx_hal_tim.o
HAL_TIM_OnePulse_ConfigChannel                    build/release/stm32f1xx_hal_tim.o
HAL_TIM_OnePulse_DeInit                           build/release/stm32f1xx_hal_tim.o
HAL_TIM_OnePulse_GetState                         build/release/stm32f1xx_hal_tim.o
HAL_TIM_OnePulse_Init                             build/release/stm32f1xx_hal_tim.o
HAL_TIM_OnePulse_MspDeInit                        build/release/stm32f1xx_hal_tim.o
HAL_TIM_OnePulse_MspInit                          build/release/stm32f1xx_hal_tim.o
HAL_TIM_OnePulse_Start                            build/release/stm32f1xx_hal_tim.o
HAL_TIM_OnePulse_Start_IT                         build/release/stm32f1xx_hal_tim.o
HAL_TIM_OnePulse_Stop                             build/release/stm32f1xx_hal_tim.o
HAL_TIM_OnePulse_Stop_IT                          build/release/stm32f1xx_hal_tim.o
HAL_TIM_PWM_ConfigChannel                         build/release/stm32f1xx_hal_tim.o
                                                  build/release/main.o
HAL_TIM_PWM_DeInit                                build/release/stm32f1xx_hal_tim.o
HAL_TIM_PWM_GetState                              build/release/stm32f1xx_hal_tim.o
HAL_TIM_PWM_Init                                  build/release/stm32f1xx_hal_tim.o
                                                  build/release/main.o
HAL_TIM_PWM_MspDeInit                             build/release/stm32f1xx_hal_tim.o
HAL_TIM_PWM_MspInit                               build/release/stm32f1xx_hal_tim.o
HAL_TIM_PWM_PulseFinishedCallback                 build/release/stm32f1xx_hal_tim.o
                                                  build/release/stm32f1xx_hal_tim_ex.o
HAL_TIM_PWM_PulseFinishedHalfCpltCallback         build/release/stm32f1xx_hal_tim.o
HAL_TIM_PWM_Start                                 build/release/stm32f1xx_hal_tim.o
HAL_TIM_PWM_Start_DMA                             build/release/stm32f1xx_hal_tim.o
HAL_TIM_PWM_Start_IT                              build/release/stm32f1xx_hal_tim.o
HAL_TIM_PWM_Stop                                  build/release/stm32f1xx_hal_tim.o
HAL_TIM_PWM_Stop_DMA                              build/release/stm32f1xx_hal_tim.o
HAL_TIM_PWM_Stop_IT                               build/release/stm32f1xx_hal_tim.o
HAL_TIM_PeriodElapsedCallback                     build/release/stm32f1xx_hal_tim.o
HAL_TIM_PeriodElapsedHalfCpltCallback             build/release/stm32f1xx_hal_tim.o
HAL_TIM_ReadCapturedValue                         build/release/stm32f1xx_hal_tim.o
HAL_TIM_SlaveConfigSynchro                        build/release/stm32f1xx_hal_tim.o
HAL_TIM_SlaveConfigSynchro_IT                     build/release/stm32f1xx_hal_tim.o
HAL_TIM_TriggerCallback                           build/release/stm32f1xx_hal_tim.o
HAL_TIM_TriggerHalfCpltCallback                   build/release/stm32f1xx_hal_tim.o
HardFault_Handler                                 build/release/stm32f1xx_it.o
I2C1_ER_IRQHandler                                build/release/startup_stm32f103xb.o
I2C1_EV_IRQHandler                                build/release/startup_stm32f103xb.o
I2C2_ER_IRQHandler                                build/release/startup_stm32f103xb.o
I2C2_EV_IRQHandler                                build/release/startup_stm32f103xb.o
MX_USB_DEVICE_Init                                build/release/usb_device.o
                                                  build/release/main.o
MemManage_Handler                                 build/release/stm32f1xx_it.o
NMI_Handler                                       build/release/stm32f1xx_it.o
PVD_IRQHandler                                    build/release/startup_stm32f103xb.o
PendSV_Handler                                    build/release/stm32f1xx_it.o
RCC_IRQHandler                                    build/release/startup_stm32f103xb.o
RTC_Alarm_IRQHandler                              build/release/startup_stm32f103xb.o
RTC_IRQHandler                                    build/release/startup_stm32f103xb.o
Reset_Handler                                     build/release/startup_stm32f103xb.o
SPI1_IRQHandler                                   build/release/startup_stm32f103xb.o
SPI2_IRQHandler                                   build/release/startup_stm32f103xb.o
SVC_Handler                                       build/release/stm32f1xx_it.o
SysTick_Handler                                   build/release/stm32f1xx_it.o
SystemClock_Config                                build/release/main.o
SystemCoreClock                                   build/release/system_stm32f1xx.o
                                                  build/release/stm32f1xx_hal_rcc.o
                                                  build/release/stm32f1xx_hal.o
SystemCoreClockUpdate                             build/release/system_stm32f1xx.o
SystemInit                                        build/release/system_stm32f1xx.o
                                                  build/release/startup_stm32f103xb.o
TAMPER_IRQHandler                                 build/release/startup_stm32f103xb.o
TIM1_BRK_IRQHandler                               build/release/startup_stm32f103xb.o
TIM1_CC_IRQHandler                                build/release/startup_stm32f103xb.o
TIM1_TRG_COM_IRQHandler                           build/release/startup_stm32f103xb.o
TIM1_UP_IRQHandler                                build/release/startup_stm32f103xb.o
TIM2_IRQHandler                                   build/release/startup_stm32f103xb.o
TIM3_IRQHandler                                   build/release/stm32f1xx_it.o
TIM4_IRQHandler                                   build/release/startup_stm32f103xb.o
TIMEx_DMACommutationCplt                          build/release/stm32f1xx_hal_tim_ex.o
                                                  build/release/stm32f1xx_hal_tim.o
TIMEx_DMACommutationHalfCplt                      build/release/stm32f1xx_hal_tim_ex.o
                                                  build/release/stm32f1xx_hal_tim.o
TIM_Base_SetConfig                                build/release/stm32f1xx_hal_tim.o
                                                  build/release/stm32f1xx_hal_tim_ex.o
TIM_CCxChannelCmd                                 build/release/stm32f1xx_hal_tim.o
                                                  build/release/stm32f1xx_hal_tim_ex.o
TIM_DMACaptureCplt                                build/release/stm32f1xx_hal_tim.o
                                                  build/release/stm32f1xx_hal_tim_ex.o
TIM_DMACaptureHalfCplt                            build/release/stm32f1xx_hal_tim.o
                                                  build/release/stm32f1xx_hal_tim_ex.o
TIM_DMADelayPulseHalfCplt                         build/release/stm32f1xx_hal_tim.o
                                                  build/release/stm32f1xx_hal_tim_ex.o
TIM_DMAError                                      build/release/stm32f1xx_hal_tim.o
                                                  build/release/stm32f1xx_hal_tim_ex.o
TIM_ETR_SetConfig                                 build/release/stm32f1xx_hal_tim.o
TIM_OC2_SetConfig                                 build/release/stm32f1xx_hal_tim.o
                                                  build/release/stm32f1xx_hal_tim_ex.o
TIM_TI1_SetConfig                                 build/release/stm32f1xx_hal_tim.o
                                                  build/release/stm32f1xx_hal_tim_ex.o
USART1_IRQHandler                                 build/release/startup_stm32f103xb.o
USART2_IRQHandler                                 build/release/startup_stm32f103xb.o
USART3_IRQHandler                                 build/release/startup_stm32f103xb.o
USBD_CDC                                          build/release/usbd_cdc.o
                                                  build/release/usb_device.o
USBD_CDC_CfgFSDesc                                build/release/usbd_cdc.o
USBD_CDC_CfgHSDesc                                build/release/usbd_cdc.o
USBD_CDC_GetDeviceQualifierDescriptor             build/release/usbd_cdc.o
USBD_CDC_OtherSpeedCfgDesc                        build/release/usbd_cdc.o
USBD_CDC_ReceivePacket                            build/release/usbd_cdc.o
                                                  build/release/usbd_cdc_if.o
USBD_CDC_RegisterInterface                        build/release/usbd_cdc.o
                                                  build/release/usb_device.o
USBD_CDC_SetRxBuffer                              build/release/usbd_cdc.o
                                                  build/release/usbd_cdc_if.o
USBD_CDC_SetTxBuffer                              build/release/usbd_cdc.o
                                                  build/release/usbd_cdc_if.o
USBD_CDC_TransmitPacket                           build/release/usbd_cdc.o
                                                  build/release/usbd_cdc_if.o
USBD_ClrClassConfig                               build/release/usbd_core.o
                                                  build/release/usbd_ctlreq.o
USBD_CtlContinueRx                                build/release/usbd_ioreq.o
                                                  build/release/usbd_core.o
USBD_CtlContinueSendData                          build/release/usbd_ioreq.o
                                                  build/release/usbd_core.o
USBD_CtlError                                     build/release/usbd_ctlreq.o
                                                  build/release/usbd_cdc.o
USBD_CtlPrepareRx                                 build/release/usbd_ioreq.o
                                                  build/release/usbd_cdc.o
USBD_CtlReceiveStatus                             build/release/usbd_ioreq.o
                                                  build/release/usbd_core.o
USBD_CtlSendData                                  build/release/usbd_ioreq.o
                                                  build/release/usbd_ctlreq.o
                                                  build/release/usbd_cdc.o
USBD_CtlSendStatus                                build/release/usbd_ioreq.o
                                                  build/release/usbd_ctlreq.o
                                                  build/release/usbd_core.o
USBD_DeInit                                       build/release/usbd_core.o
USBD_FS_ConfigStrDescriptor                       build/release/usbd_desc.o
USBD_FS_DeviceDesc                                build/release/usbd_desc.o
USBD_FS_DeviceDescriptor                          build/release/usbd_desc.o
USBD_FS_InterfaceStrDescriptor                    build/release/usbd_desc.o
USBD_FS_LangIDStrDescriptor                       build/release/usbd_desc.o
USBD_FS_ManufacturerStrDescriptor                 build/release/usbd_desc.o
USBD_FS_ProductStrDescriptor                      build/release/usbd_desc.o
USBD_FS_SerialStrDescriptor                       build/release/usbd_desc.o
USBD_GetRxCount                                   build/release/usbd_ioreq.o
USBD_GetString                                    build/release/usbd_ctlreq.o
                                                  build/release/usbd_desc.o
USBD_Init                                         build/release/usbd_core.o
                                                  build/release/usb_device.o
USBD_Interface_fops_FS                            build/release/usbd_cdc_if.o
                                                  build/release/usb_device.o
USBD_LL_ClearStallEP                              build/release/usbd_conf.o
                                                  build/release/usbd_ctlreq.o
USBD_LL_CloseEP                                   build/release/usbd_conf.o
                                                  build/release/usbd_cdc.o
USBD_LL_DataInStage                               build/release/usbd_core.o
                                                  build/release/usbd_conf.o
USBD_LL_DataOutStage                              build/release/usbd_core.o
                                                  build/release/usbd_conf.o
USBD_LL_DeInit                                    build/release/usbd_conf.o
                                                  build/release/usbd_core.o
USBD_LL_Delay                                     build/release/usbd_conf.o
USBD_LL_DevConnected                              build/release/usbd_core.o
                                                  build/release/usbd_conf.o
USBD_LL_DevDisconnected                           build/release/usbd_core.o
                                                  build/release/usbd_conf.o
USBD_LL_FlushEP                                   build/release/usbd_conf.o
USBD_LL_GetRxDataSize                             build/release/usbd_conf.o
                                                  build/release/usbd_ioreq.o
                                                  build/release/usbd_cdc.o
USBD_LL_Init                                      build/release/usbd_conf.o
                                                  build/release/usbd_core.o
USBD_LL_IsStallEP                                 build/release/usbd_conf.o
                                                  build/release/usbd_ctlreq.o
USBD_LL_IsoINIncomplete                           build/release/usbd_core.o
                                                  build/release/usbd_conf.o
USBD_LL_IsoOUTIncomplete                          build/release/usbd_core.o
                                                  build/release/usbd_conf.o
USBD_LL_OpenEP                                    build/release/usbd_conf.o
                                                  build/release/usbd_core.o
                                                  build/release/usbd_cdc.o
USBD_LL_PrepareReceive                            build/release/usbd_conf.o
                                                  build/release/usbd_ioreq.o
                                                  build/release/usbd_core.o
                                                  build/release/usbd_cdc.o
USBD_LL_Reset                                     build/release/usbd_core.o
                                                  build/release/usbd_conf.o
USBD_LL_Resume                                    build/release/usbd_core.o
                                                  build/release/usbd_conf.o
USBD_LL_SOF                                       build/release/usbd_core.o
                                                  build/release/usbd_conf.o
USBD_LL_SetSpeed                                  build/release/usbd_core.o
                                                  build/release/usbd_conf.o
USBD_LL_SetUSBAddress                             build/release/usbd_conf.o